Archive member included to satisfy reference by file (symbol)

c:/program files (x86)/atmel/studio/7.0/toolchain/arm/arm-gnu-toolchain/bin/../lib/gcc/arm-none-eabi/6.3.1/thumb/v7e-m\libgcc.a(_arm_addsubdf3.o)
                              hpl/sercom/hpl_sercom.o (__aeabi_dsub)
c:/program files (x86)/atmel/studio/7.0/toolchain/arm/arm-gnu-toolchain/bin/../lib/gcc/arm-none-eabi/6.3.1/thumb/v7e-m\libgcc.a(_arm_muldivdf3.o)
                              hpl/sercom/hpl_sercom.o (__aeabi_dmul)
c:/program files (x86)/atmel/studio/7.0/toolchain/arm/arm-gnu-toolchain/bin/../lib/gcc/arm-none-eabi/6.3.1/thumb/v7e-m\libgcc.a(_arm_fixunsdfsi.o)
                              hpl/sercom/hpl_sercom.o (__aeabi_d2uiz)
c:/program files (x86)/atmel/studio/7.0/toolchain/arm/arm-gnu-toolchain/bin/../lib/gcc/arm-none-eabi/6.3.1/thumb/v7e-m\libgcc.a(_aeabi_uldivmod.o)
                              hpl/sercom/hpl_sercom.o (__aeabi_uldivmod)
c:/program files (x86)/atmel/studio/7.0/toolchain/arm/arm-gnu-toolchain/bin/../lib/gcc/arm-none-eabi/6.3.1/thumb/v7e-m\libgcc.a(_udivmoddi4.o)
                              c:/program files (x86)/atmel/studio/7.0/toolchain/arm/arm-gnu-toolchain/bin/../lib/gcc/arm-none-eabi/6.3.1/thumb/v7e-m\libgcc.a(_aeabi_uldivmod.o) (__udivmoddi4)
c:/program files (x86)/atmel/studio/7.0/toolchain/arm/arm-gnu-toolchain/bin/../lib/gcc/arm-none-eabi/6.3.1/thumb/v7e-m\libgcc.a(_dvmd_tls.o)
                              c:/program files (x86)/atmel/studio/7.0/toolchain/arm/arm-gnu-toolchain/bin/../lib/gcc/arm-none-eabi/6.3.1/thumb/v7e-m\libgcc.a(_aeabi_uldivmod.o) (__aeabi_ldiv0)
c:/program files (x86)/atmel/studio/7.0/toolchain/arm/arm-gnu-toolchain/bin/../lib/gcc/arm-none-eabi/6.3.1/../../../../arm-none-eabi/lib/thumb/v7e-m\libc_nano.a(lib_a-exit.o)
                              c:/program files (x86)/atmel/studio/7.0/toolchain/arm/arm-gnu-toolchain/bin/../lib/gcc/arm-none-eabi/6.3.1/../../../../arm-none-eabi/lib/thumb/v7e-m/crt0.o (exit)
c:/program files (x86)/atmel/studio/7.0/toolchain/arm/arm-gnu-toolchain/bin/../lib/gcc/arm-none-eabi/6.3.1/../../../../arm-none-eabi/lib/thumb/v7e-m\libc_nano.a(lib_a-impure.o)
                              c:/program files (x86)/atmel/studio/7.0/toolchain/arm/arm-gnu-toolchain/bin/../lib/gcc/arm-none-eabi/6.3.1/../../../../arm-none-eabi/lib/thumb/v7e-m\libc_nano.a(lib_a-exit.o) (_global_impure_ptr)
c:/program files (x86)/atmel/studio/7.0/toolchain/arm/arm-gnu-toolchain/bin/../lib/gcc/arm-none-eabi/6.3.1/../../../../arm-none-eabi/lib/thumb/v7e-m\libc_nano.a(lib_a-init.o)
                              c:/program files (x86)/atmel/studio/7.0/toolchain/arm/arm-gnu-toolchain/bin/../lib/gcc/arm-none-eabi/6.3.1/../../../../arm-none-eabi/lib/thumb/v7e-m/crt0.o (__libc_init_array)
c:/program files (x86)/atmel/studio/7.0/toolchain/arm/arm-gnu-toolchain/bin/../lib/gcc/arm-none-eabi/6.3.1/../../../../arm-none-eabi/lib/thumb/v7e-m\libc_nano.a(lib_a-memcpy-stub.o)
                              thirdparty/RTOS/freertos/FreeRTOSV10.0.0/Source/queue.o (memcpy)
c:/program files (x86)/atmel/studio/7.0/toolchain/arm/arm-gnu-toolchain/bin/../lib/gcc/arm-none-eabi/6.3.1/../../../../arm-none-eabi/lib/thumb/v7e-m\libc_nano.a(lib_a-memset.o)
                              c:/program files (x86)/atmel/studio/7.0/toolchain/arm/arm-gnu-toolchain/bin/../lib/gcc/arm-none-eabi/6.3.1/../../../../arm-none-eabi/lib/thumb/v7e-m/crt0.o (memset)
c:/program files (x86)/atmel/studio/7.0/toolchain/arm/arm-gnu-toolchain/bin/../lib/gcc/arm-none-eabi/6.3.1/../../../../arm-none-eabi/lib/thumb/v7e-m\libc_nano.a(lib_a-printf.o)
                              hal/utils/src/utils_syscalls.o (printf)
c:/program files (x86)/atmel/studio/7.0/toolchain/arm/arm-gnu-toolchain/bin/../lib/gcc/arm-none-eabi/6.3.1/../../../../arm-none-eabi/lib/thumb/v7e-m\libc_nano.a(lib_a-snprintf.o)
                              thirdparty/RTOS/freertos/FreeRTOSV10.0.0/Source/tasks.o (snprintf)
c:/program files (x86)/atmel/studio/7.0/toolchain/arm/arm-gnu-toolchain/bin/../lib/gcc/arm-none-eabi/6.3.1/../../../../arm-none-eabi/lib/thumb/v7e-m\libc_nano.a(lib_a-strcpy.o)
                              thirdparty/RTOS/freertos/FreeRTOSV10.0.0/Source/tasks.o (strcpy)
c:/program files (x86)/atmel/studio/7.0/toolchain/arm/arm-gnu-toolchain/bin/../lib/gcc/arm-none-eabi/6.3.1/../../../../arm-none-eabi/lib/thumb/v7e-m\libc_nano.a(lib_a-strlen.o)
                              rtos_demo_main.o (strlen)
c:/program files (x86)/atmel/studio/7.0/toolchain/arm/arm-gnu-toolchain/bin/../lib/gcc/arm-none-eabi/6.3.1/../../../../arm-none-eabi/lib/thumb/v7e-m\libc_nano.a(lib_a-findfp.o)
                              c:/program files (x86)/atmel/studio/7.0/toolchain/arm/arm-gnu-toolchain/bin/../lib/gcc/arm-none-eabi/6.3.1/../../../../arm-none-eabi/lib/thumb/v7e-m\libc_nano.a(lib_a-printf.o) (__sinit)
c:/program files (x86)/atmel/studio/7.0/toolchain/arm/arm-gnu-toolchain/bin/../lib/gcc/arm-none-eabi/6.3.1/../../../../arm-none-eabi/lib/thumb/v7e-m\libc_nano.a(lib_a-fwalk.o)
[...]
Memory Configuration

Name             Origin             Length             Attributes
rom              0x00000000         0x00100000         xr
ram              0x20000000         0x00040000         xrw
bkupram          0x47000000         0x00002000         xrw
qspi             0x04000000         0x01000000         xrw
*default*        0x00000000         0xffffffff

Linker script and memory map

LOAD c:/program files (x86)/atmel/studio/7.0/toolchain/arm/arm-gnu-toolchain/bin/../lib/gcc/arm-none-eabi/6.3.1/thumb/v7e-m/crti.o
LOAD c:/program files (x86)/atmel/studio/7.0/toolchain/arm/arm-gnu-toolchain/bin/../lib/gcc/arm-none-eabi/6.3.1/thumb/v7e-m/crtbegin.o
LOAD c:/program files (x86)/atmel/studio/7.0/toolchain/arm/arm-gnu-toolchain/bin/../lib/gcc/arm-none-eabi/6.3.1/../../../../arm-none-eabi/lib/thumb/v7e-m/crt0.o
LOAD atmel_start.o
LOAD Device_Startup/startup_same54.o
LOAD Device_Startup/system_same54.o
LOAD driver_init.o
LOAD examples/driver_examples.o
LOAD hal/src/hal_atomic.o
LOAD hal/src/hal_cache.o
LOAD hal/src/hal_delay.o
LOAD hal/src/hal_gpio.o
LOAD hal/src/hal_init.o
LOAD hal/src/hal_io.o
LOAD hal/src/hal_sleep.o
LOAD hal/src/hal_usart_os.o
LOAD hal/utils/src/utils_assert.o
LOAD hal/utils/src/utils_event.o
LOAD hal/utils/src/utils_list.o
LOAD hal/utils/src/utils_ringbuffer.o
LOAD hal/utils/src/utils_syscalls.o
LOAD hpl/cmcc/hpl_cmcc.o
LOAD hpl/core/hpl_core_m4.o
LOAD hpl/core/hpl_init.o
LOAD hpl/dmac/hpl_dmac.o
LOAD hpl/gclk/hpl_gclk.o
LOAD hpl/mclk/hpl_mclk.o
LOAD hpl/osc32kctrl/hpl_osc32kctrl.o
LOAD hpl/oscctrl/hpl_oscctrl.o
LOAD hpl/pm/hpl_pm.o
LOAD hpl/ramecc/hpl_ramecc.o
LOAD hpl/sercom/hpl_sercom.o
LOAD rtos_demo_main.o
LOAD rtos_start.o
LOAD thirdparty/RTOS/freertos/FreeRTOSV10.0.0/rtos_port.o
LOAD thirdparty/RTOS/freertos/FreeRTOSV10.0.0/Source/croutine.o
LOAD thirdparty/RTOS/freertos/FreeRTOSV10.0.0/Source/event_groups.o
LOAD thirdparty/RTOS/freertos/FreeRTOSV10.0.0/Source/list.o
LOAD thirdparty/RTOS/freertos/FreeRTOSV10.0.0/Source/portable/GCC/ARM_CM4F/port.o
LOAD thirdparty/RTOS/freertos/FreeRTOSV10.0.0/Source/portable/MemMang/heap_2.o
LOAD thirdparty/RTOS/freertos/FreeRTOSV10.0.0/Source/queue.o
LOAD thirdparty/RTOS/freertos/FreeRTOSV10.0.0/Source/stream_buffer.o
LOAD thirdparty/RTOS/freertos/FreeRTOSV10.0.0/Source/tasks.o
LOAD thirdparty/RTOS/freertos/FreeRTOSV10.0.0/Source/timers.o
START GROUP
LOAD c:/program files (x86)/atmel/studio/7.0/toolchain/arm/arm-gnu-toolchain/bin/../lib/gcc/arm-none-eabi/6.3.1/../../../../arm-none-eabi/lib/thumb/v7e-m\libm.a
END GROUP
START GROUP
LOAD c:/program files (x86)/atmel/studio/7.0/toolchain/arm/arm-gnu-toolchain/bin/../lib/gcc/arm-none-eabi/6.3.1/thumb/v7e-m\libgcc.a
LOAD c:/program files (x86)/atmel/studio/7.0/toolchain/arm/arm-gnu-toolchain/bin/../lib/gcc/arm-none-eabi/6.3.1/../../../../arm-none-eabi/lib/thumb/v7e-m\libc_nano.a
END GROUP
START GROUP
LOAD c:/program files (x86)/atmel/studio/7.0/toolchain/arm/arm-gnu-toolchain/bin/../lib/gcc/arm-none-eabi/6.3.1/thumb/v7e-m\libgcc.a
LOAD c:/program files (x86)/atmel/studio/7.0/toolchain/arm/arm-gnu-toolchain/bin/../lib/gcc/arm-none-eabi/6.3.1/../../../../arm-none-eabi/lib/thumb/v7e-m\libc_nano.a
END GROUP
LOAD c:/program files (x86)/atmel/studio/7.0/toolchain/arm/arm-gnu-toolchain/bin/../lib/gcc/arm-none-eabi/6.3.1/thumb/v7e-m/crtend.o
LOAD c:/program files (x86)/atmel/studio/7.0/toolchain/arm/arm-gnu-toolchain/bin/../lib/gcc/arm-none-eabi/6.3.1/thumb/v7e-m/crtn.o
                0x00010000                STACK_SIZE = DEFINED (STACK_SIZE)?STACK_SIZE:DEFINED (__stack_size__)?__stack_size__:0x10000

.text           0x00000000     0x3280
                0x00000000                . = ALIGN (0x4)
                0x00000000                _sfixed = .
 *(.vectors .vectors.*)
 .vectors       0x00000000      0x264 Device_Startup/startup_same54.o
                0x00000000                exception_table
 *(.text .text.* .gnu.linkonce.t.*)
 .text          0x00000264       0x6c c:/program files (x86)/atmel/studio/7.0/toolchain/arm/arm-gnu-toolchain/bin/../lib/gcc/arm-none-eabi/6.3.1/thumb/v7e-m/crtbegin.o
 .text.atmel_start_init
                0x000002d0        0xc atmel_start.o
                0x000002d0                atmel_start_init
 .text.Dummy_Handler
                0x000002dc        0x2 Device_Startup/startup_same54.o
                0x000002dc                EIC_5_Handler
                0x000002dc                SERCOM0_2_Handler
                0x000002dc                EIC_13_Handler
                0x000002dc                EVSYS_0_Handler
                0x000002dc                TCC1_3_Handler
                0x000002dc                DAC_3_Handler
                0x000002dc                TRNG_Handler
                0x000002dc                HardFault_Handler
                0x000002dc                TC2_Handler
                0x000002dc                PDEC_2_Handler
                0x000002dc                EIC_4_Handler
                0x000002dc                AC_Handler
                0x000002dc                SERCOM3_1_Handler
                0x000002dc                TCC2_3_Handler
                0x000002dc                SERCOM3_2_Handler
                0x000002dc                TC7_Handler
                0x000002dc                ADC1_1_Handler
                0x000002dc                EVSYS_3_Handler
                0x000002dc                PDEC_0_Handler
                0x000002dc                QSPI_Handler
                0x000002dc                NonMaskableInt_Handler
                0x000002dc                TCC0_0_Handler
                0x000002dc                EIC_3_Handler
                0x000002dc                MemManagement_Handler
                0x000002dc                DAC_2_Handler
                0x000002dc                SERCOM0_0_Handler
                0x000002dc                RTC_Handler
                0x000002dc                UsageFault_Handler
                0x000002dc                SERCOM4_0_Handler
                0x000002dc                EIC_10_Handler
                0x000002dc                SERCOM0_3_Handler
                0x000002dc                EIC_11_Handler
                0x000002dc                EIC_9_Handler
                0x000002dc                OSC32KCTRL_Handler
                0x000002dc                TCC2_1_Handler
                0x000002dc                SUPC_1_Handler
                0x000002dc                TCC0_5_Handler
                0x000002dc                TCC0_6_Handler
                0x000002dc                SERCOM6_2_Handler
                0x000002dc                EVSYS_1_Handler
                0x000002dc                TCC1_4_Handler
                0x000002dc                TC6_Handler
                0x000002dc                DMAC_0_Handler
                0x000002dc                WDT_Handler
                0x000002dc                CAN0_Handler
                0x000002dc                EIC_8_Handler
                0x000002dc                EIC_15_Handler
                0x000002dc                SERCOM6_0_Handler
                0x000002dc                SERCOM5_0_Handler
                0x000002dc                TC4_Handler
                0x000002dc                TC1_Handler
                0x000002dc                OSCCTRL_4_Handler
                0x000002dc                SERCOM4_3_Handler
                0x000002dc                EIC_12_Handler
                0x000002dc                DMAC_4_Handler
                0x000002dc                TCC4_2_Handler
                0x000002dc                PAC_Handler
                0x000002dc                TCC1_0_Handler
                0x000002dc                USB_0_Handler
                0x000002dc                OSCCTRL_0_Handler
                0x000002dc                EIC_0_Handler
                0x000002dc                OSCCTRL_3_Handler
                0x000002dc                SERCOM4_1_Handler
                0x000002dc                TC3_Handler
                0x000002dc                Dummy_Handler
                0x000002dc                TCC3_0_Handler
                0x000002dc                TCC2_2_Handler
                0x000002dc                SERCOM5_1_Handler
                0x000002dc                TCC1_1_Handler
                0x000002dc                DMAC_2_Handler
                0x000002dc                ADC0_0_Handler
                0x000002dc                SERCOM0_1_Handler
                0x000002dc                OSCCTRL_2_Handler
                0x000002dc                ADC1_0_Handler
                0x000002dc                TCC1_2_Handler
                0x000002dc                SERCOM7_1_Handler
                0x000002dc                USB_1_Handler
                0x000002dc                PM_Handler
                0x000002dc                SERCOM6_3_Handler
                0x000002dc                DAC_4_Handler
                0x000002dc                TCC3_2_Handler
                0x000002dc                SERCOM7_0_Handler
                0x000002dc                TCC0_2_Handler
                0x000002dc                DMAC_1_Handler
                0x000002dc                TCC4_0_Handler
                0x000002dc                SERCOM7_3_Handler
                0x000002dc                GMAC_Handler
                0x000002dc                SDHC1_Handler
                0x000002dc                USB_3_Handler
                0x000002dc                SERCOM7_2_Handler
                0x000002dc                CAN1_Handler
                0x000002dc                TCC2_0_Handler
                0x000002dc                PDEC_1_Handler
                0x000002dc                TCC4_1_Handler
                0x000002dc                SERCOM5_3_Handler
                0x000002dc                USB_2_Handler
                0x000002dc                SERCOM6_1_Handler
                0x000002dc                SDHC0_Handler
                0x000002dc                SERCOM1_1_Handler
                0x000002dc                I2S_Handler
                0x000002dc                EIC_2_Handler
                0x000002dc                PCC_Handler
                0x000002dc                DAC_0_Handler
                0x000002dc                TCC0_1_Handler
                0x000002dc                SERCOM1_3_Handler
                0x000002dc                EIC_6_Handler
                0x000002dc                OSCCTRL_1_Handler
                0x000002dc                SERCOM1_0_Handler
                0x000002dc                PUKCC_Handler
                0x000002dc                SERCOM1_2_Handler
                0x000002dc                SERCOM3_0_Handler
                0x000002dc                EIC_1_Handler
                0x000002dc                SERCOM4_2_Handler
                0x000002dc                EVSYS_4_Handler
                0x000002dc                EIC_7_Handler
                0x000002dc                NVMCTRL_1_Handler
                0x000002dc                SERCOM5_2_Handler
                0x000002dc                SERCOM3_3_Handler
                0x000002dc                ADC0_1_Handler
                0x000002dc                TCC3_1_Handler
                0x000002dc                EIC_14_Handler
                0x000002dc                DAC_1_Handler
                0x000002dc                NVMCTRL_0_Handler
                0x000002dc                MCLK_Handler
                0x000002dc                EVSYS_2_Handler
                0x000002dc                SUPC_0_Handler
                0x000002dc                BusFault_Handler
                0x000002dc                FREQM_Handler
                0x000002dc                TC0_Handler
                0x000002dc                TCC0_3_Handler
                0x000002dc                DMAC_3_Handler
                0x000002dc                DebugMonitor_Handler
                0x000002dc                TCC0_4_Handler
                0x000002dc                TC5_Handler
                0x000002dc                AES_Handler
                0x000002dc                ICM_Handler
 *fill*         0x000002de        0x2 
 .text.Reset_Handler
                0x000002e0       0x7c Device_Startup/startup_same54.o
                0x000002e0                Reset_Handler
 .text.EDBG_COM_PORT_init
                0x0000035c       0x48 driver_init.o
                0x0000035c                EDBG_COM_PORT_init
 .text.EDBG_COM_CLOCK_init
                0x000003a4       0x24 driver_init.o
                0x000003a4                EDBG_COM_CLOCK_init
 .text.EDBG_COM_init
                0x000003c8       0x78 driver_init.o
                0x000003c8                EDBG_COM_init
 .text.system_init
                0x00000440       0x44 driver_init.o
                0x00000440                system_init
 .text.atomic_enter_critical
                0x00000484        0xe hal/src/hal_atomic.o
                0x00000484                atomic_enter_critical
 .text.atomic_leave_critical
                0x00000492        0xc hal/src/hal_atomic.o
                0x00000492                atomic_leave_critical
 *fill*         0x0000049e        0x2 
 .text.io_write
                0x000004a0       0x34 hal/src/hal_io.o
                0x000004a0                io_write
 .text.usart_os_error
                0x000004d4       0x10 hal/src/hal_usart_os.o
 .text.usart_os_transmission_complete
                0x000004e4       0x10 hal/src/hal_usart_os.o
 .text.usart_os_fill_rx_buffer
                0x000004f4       0x34 hal/src/hal_usart_os.o
 .text.usart_os_write
                0x00000528       0x20 hal/src/hal_usart_os.o
 .text.usart_os_process_byte_sent
                0x00000548       0x34 hal/src/hal_usart_os.o
 .text.usart_os_read
                0x0000057c       0xa4 hal/src/hal_usart_os.o
 .text.usart_os_init
                0x00000620       0xfc hal/src/hal_usart_os.o
                0x00000620                usart_os_init
 .text.usart_os_enable
                0x0000071c       0x2c hal/src/hal_usart_os.o
                0x0000071c                usart_os_enable
 .text.assert   0x00000748        0x6 hal/utils/src/utils_assert.o
                0x00000748                assert
 *fill*         0x0000074e        0x2 
 .text.ringbuffer_init
                0x00000750       0x44 hal/utils/src/utils_ringbuffer.o
                0x00000750                ringbuffer_init
 .text.ringbuffer_get
                0x00000794       0x48 hal/utils/src/utils_ringbuffer.o
                0x00000794                ringbuffer_get
 .text.ringbuffer_put
                0x000007dc       0x40 hal/utils/src/utils_ringbuffer.o
                0x000007dc                ringbuffer_put
 .text.ringbuffer_num
                0x0000081c       0x24 hal/utils/src/utils_ringbuffer.o
                0x0000081c                ringbuffer_num
 .text._init_chip
                0x00000840       0x3c hpl/core/hpl_init.o
                0x00000840                _init_chip
 .text._gclk_init_generators_by_fref
                0x0000087c       0x24 hpl/gclk/hpl_gclk.o
                0x0000087c                _gclk_init_generators_by_fref
 .text._mclk_init
                0x000008a0        0xc hpl/mclk/hpl_mclk.o
                0x000008a0                _mclk_init
 .text._osc32kctrl_init_sources
                0x000008ac       0x14 hpl/osc32kctrl/hpl_osc32kctrl.o
                0x000008ac                _osc32kctrl_init_sources
 .text._oscctrl_init_sources
                0x000008c0       0x1c hpl/oscctrl/hpl_oscctrl.o
                0x000008c0                _oscctrl_init_sources
 .text._oscctrl_init_referenced_generators
                0x000008dc        0x2 hpl/oscctrl/hpl_oscctrl.o
                0x000008dc                _oscctrl_init_referenced_generators
 *fill*         0x000008de        0x2 
 .text.RAMECC_Handler
                0x000008e0       0x44 hpl/ramecc/hpl_ramecc.o
                0x000008e0                RAMECC_Handler
 .text._sercom_get_hardware_index
                0x00000924       0x40 hpl/sercom/hpl_sercom.o
 .text._sercom_usart_interrupt_handler
                0x00000964       0x70 hpl/sercom/hpl_sercom.o
 .text._sercom_init_irq_param
                0x000009d4       0x18 hpl/sercom/hpl_sercom.o
 .text._sercom_get_irq_num
                0x000009ec       0x18 hpl/sercom/hpl_sercom.o
 .text._get_sercom_index
                0x00000a04       0x44 hpl/sercom/hpl_sercom.o
 .text._usart_init
                0x00000a48      0x100 hpl/sercom/hpl_sercom.o
 .text._usart_async_init
                0x00000b48       0x84 hpl/sercom/hpl_sercom.o
                0x00000b48                _usart_async_init
 .text._usart_async_enable
                0x00000bcc       0x14 hpl/sercom/hpl_sercom.o
                0x00000bcc                _usart_async_enable
 .text._usart_async_write_byte
                0x00000be0        0x6 hpl/sercom/hpl_sercom.o
                0x00000be0                _usart_async_write_byte
 .text._usart_async_enable_byte_sent_irq
                0x00000be6        0x8 hpl/sercom/hpl_sercom.o
                0x00000be6                _usart_async_enable_byte_sent_irq
 .text._usart_async_enable_tx_done_irq
                0x00000bee        0x8 hpl/sercom/hpl_sercom.o
                0x00000bee                _usart_async_enable_tx_done_irq
 *fill*         0x00000bf6        0x2 
 .text._usart_async_set_irq_state
                0x00000bf8       0x70 hpl/sercom/hpl_sercom.o
                0x00000bf8                _usart_async_set_irq_state
 .text.SERCOM2_0_Handler
                0x00000c68       0x14 hpl/sercom/hpl_sercom.o
                0x00000c68                SERCOM2_0_Handler
 .text.SERCOM2_1_Handler
                0x00000c7c       0x14 hpl/sercom/hpl_sercom.o
                0x00000c7c                SERCOM2_1_Handler
 .text.SERCOM2_2_Handler
                0x00000c90       0x14 hpl/sercom/hpl_sercom.o
                0x00000c90                SERCOM2_2_Handler
 .text.SERCOM2_3_Handler
                0x00000ca4       0x14 hpl/sercom/hpl_sercom.o
                0x00000ca4                SERCOM2_3_Handler
 .text.str_write
                0x00000cb8       0x20 rtos_demo_main.o
 .text.exampleTask
                0x00000cd8       0x1c rtos_demo_main.o
 .text.main     0x00000cf4       0x4c rtos_demo_main.o
                0x00000cf4                main
 .text.sem_init
                0x00000d40       0x38 thirdparty/RTOS/freertos/FreeRTOSV10.0.0/rtos_port.o
                0x00000d40                sem_init
 .text.sem_up   0x00000d78       0x44 thirdparty/RTOS/freertos/FreeRTOSV10.0.0/rtos_port.o
                0x00000d78                sem_up
 .text.sem_down
                0x00000dbc       0x18 thirdparty/RTOS/freertos/FreeRTOSV10.0.0/rtos_port.o
                0x00000dbc                sem_down
 .text.sem_deinit
                0x00000dd4       0x20 thirdparty/RTOS/freertos/FreeRTOSV10.0.0/rtos_port.o
                0x00000dd4                sem_deinit
 .text.vListInitialise
                0x00000df4       0x16 thirdparty/RTOS/freertos/FreeRTOSV10.0.0/Source/list.o
                0x00000df4                vListInitialise
 .text.vListInitialiseItem
                0x00000e0a        0x6 thirdparty/RTOS/freertos/FreeRTOSV10.0.0/Source/list.o
                0x00000e0a                vListInitialiseItem
 .text.vListInsert
                0x00000e10       0x34 thirdparty/RTOS/freertos/FreeRTOSV10.0.0/Source/list.o
                0x00000e10                vListInsert
 .text.uxListRemove
                0x00000e44       0x26 thirdparty/RTOS/freertos/FreeRTOSV10.0.0/Source/list.o
                0x00000e44                uxListRemove
 *fill*         0x00000e6a        0x2 
 .text.prvTaskExitError
                0x00000e6c       0x40 thirdparty/RTOS/freertos/FreeRTOSV10.0.0/Source/portable/GCC/ARM_CM4F/port.o
 *fill*         0x00000eac        0x4 
 .text.SVCall_Handler
                0x00000eb0       0x24 thirdparty/RTOS/freertos/FreeRTOSV10.0.0/Source/portable/GCC/ARM_CM4F/port.o
                0x00000eb0                SVCall_Handler
 .text.prvPortStartFirstTask
                0x00000ed4       0x28 thirdparty/RTOS/freertos/FreeRTOSV10.0.0/Source/portable/GCC/ARM_CM4F/port.o
 *fill*         0x00000efc        0x4 
 .text.PendSV_Handler
                0x00000f00       0x64 thirdparty/RTOS/freertos/FreeRTOSV10.0.0/Source/portable/GCC/ARM_CM4F/port.o
                0x00000f00                PendSV_Handler
 .text.vPortEnableVFP
                0x00000f64       0x14 thirdparty/RTOS/freertos/FreeRTOSV10.0.0/Source/portable/GCC/ARM_CM4F/port.o
 .text.pxPortInitialiseStack
                0x00000f78       0x2c thirdparty/RTOS/freertos/FreeRTOSV10.0.0/Source/portable/GCC/ARM_CM4F/port.o
                0x00000f78                pxPortInitialiseStack
 .text.vPortEnterCritical
                0x00000fa4       0x44 thirdparty/RTOS/freertos/FreeRTOSV10.0.0/Source/portable/GCC/ARM_CM4F/port.o
                0x00000fa4                vPortEnterCritical
 .text.vPortExitCritical
                0x00000fe8       0x2c thirdparty/RTOS/freertos/FreeRTOSV10.0.0/Source/portable/GCC/ARM_CM4F/port.o
                0x00000fe8                vPortExitCritical
 .text.SysTick_Handler
                0x00001014       0x30 thirdparty/RTOS/freertos/FreeRTOSV10.0.0/Source/portable/GCC/ARM_CM4F/port.o
                0x00001014                SysTick_Handler
 .text.vPortSetupTimerInterrupt
                0x00001044       0x24 thirdparty/RTOS/freertos/FreeRTOSV10.0.0/Source/portable/GCC/ARM_CM4F/port.o
                0x00001044                vPortSetupTimerInterrupt
 .text.xPortStartScheduler
                0x00001068      0x194 thirdparty/RTOS/freertos/FreeRTOSV10.0.0/Source/portable/GCC/ARM_CM4F/port.o
                0x00001068                xPortStartScheduler
 .text.vPortValidateInterruptPriority
                0x000011fc       0x58 thirdparty/RTOS/freertos/FreeRTOSV10.0.0/Source/portable/GCC/ARM_CM4F/port.o
                0x000011fc                vPortValidateInterruptPriority
 .text.prvHeapInit
                0x00001254       0x2c thirdparty/RTOS/freertos/FreeRTOSV10.0.0/Source/portable/MemMang/heap_2.o
 .text.pvPortMalloc
                0x00001280       0xe4 thirdparty/RTOS/freertos/FreeRTOSV10.0.0/Source/portable/MemMang/heap_2.o
                0x00001280                pvPortMalloc
 .text.vPortFree
                0x00001364       0x88 thirdparty/RTOS/freertos/FreeRTOSV10.0.0/Source/portable/MemMang/heap_2.o
                0x00001364                vPortFree
 .text.prvGetDisinheritPriorityAfterTimeout
                0x000013ec       0x12 thirdparty/RTOS/freertos/FreeRTOSV10.0.0/Source/queue.o
 *fill*         0x000013fe        0x2 
 .text.prvIsQueueFull
                0x00001400       0x28 thirdparty/RTOS/freertos/FreeRTOSV10.0.0/Source/queue.o
 .text.prvIsQueueEmpty
                0x00001428       0x24 thirdparty/RTOS/freertos/FreeRTOSV10.0.0/Source/queue.o
 .text.prvCopyDataToQueue
                0x0000144c       0x80 thirdparty/RTOS/freertos/FreeRTOSV10.0.0/Source/queue.o
 .text.prvCopyDataFromQueue
                0x000014cc       0x28 thirdparty/RTOS/freertos/FreeRTOSV10.0.0/Source/queue.o
 .text.prvNotifyQueueSetContainer
                0x000014f4       0xa8 thirdparty/RTOS/freertos/FreeRTOSV10.0.0/Source/queue.o
 .text.prvUnlockQueue
                0x0000159c       0x98 thirdparty/RTOS/freertos/FreeRTOSV10.0.0/Source/queue.o
 .text.xQueueGenericReset
                0x00001634       0xc0 thirdparty/RTOS/freertos/FreeRTOSV10.0.0/Source/queue.o
                0x00001634                xQueueGenericReset
 .text.prvInitialiseNewQueue
                0x000016f4       0x2c thirdparty/RTOS/freertos/FreeRTOSV10.0.0/Source/queue.o
 .text.xQueueGenericCreateStatic
                0x00001720       0x70 thirdparty/RTOS/freertos/FreeRTOSV10.0.0/Source/queue.o
                0x00001720                xQueueGenericCreateStatic
 .text.xQueueGenericCreate
                0x00001790       0x64 thirdparty/RTOS/freertos/FreeRTOSV10.0.0/Source/queue.o
                0x00001790                xQueueGenericCreate
 .text.xQueueCreateCountingSemaphore
                0x000017f4       0x34 thirdparty/RTOS/freertos/FreeRTOSV10.0.0/Source/queue.o
                0x000017f4                xQueueCreateCountingSemaphore
 .text.xQueueGenericSend
                0x00001828      0x1e4 thirdparty/RTOS/freertos/FreeRTOSV10.0.0/Source/queue.o
                0x00001828                xQueueGenericSend
 .text.xQueueGiveFromISR
                0x00001a0c      0x10c thirdparty/RTOS/freertos/FreeRTOSV10.0.0/Source/queue.o
                0x00001a0c                xQueueGiveFromISR
 .text.xQueueReceive
                0x00001b18      0x18c thirdparty/RTOS/freertos/FreeRTOSV10.0.0/Source/queue.o
                0x00001b18                xQueueReceive
 .text.xQueueSemaphoreTake
                0x00001ca4      0x1cc thirdparty/RTOS/freertos/FreeRTOSV10.0.0/Source/queue.o
                0x00001ca4                xQueueSemaphoreTake
 .text.vQueueDelete
                0x00001e70       0x28 thirdparty/RTOS/freertos/FreeRTOSV10.0.0/Source/queue.o
                0x00001e70                vQueueDelete
 .text.vQueueWaitForMessageRestricted
                0x00001e98       0x64 thirdparty/RTOS/freertos/FreeRTOSV10.0.0/Source/queue.o
                0x00001e98                vQueueWaitForMessageRestricted
 .text.prvIdleTask
                0x00001efc       0x24 thirdparty/RTOS/freertos/FreeRTOSV10.0.0/Source/tasks.o
 .text.prvResetNextTaskUnblockTime
                0x00001f20       0x2c thirdparty/RTOS/freertos/FreeRTOSV10.0.0/Source/tasks.o
 .text.prvInitialiseNewTask
                0x00001f4c       0xa4 thirdparty/RTOS/freertos/FreeRTOSV10.0.0/Source/tasks.o
 .text.prvCreateStaticTask
                0x00001ff0       0x94 thirdparty/RTOS/freertos/FreeRTOSV10.0.0/Source/tasks.o
 .text.prvInitialiseTaskLists
                0x00002084       0x50 thirdparty/RTOS/freertos/FreeRTOSV10.0.0/Source/tasks.o
 .text.prvAddNewTaskToReadyList
                0x000020d4       0xe0 thirdparty/RTOS/freertos/FreeRTOSV10.0.0/Source/tasks.o
 .text.prvAddCurrentTaskToDelayedList
                0x000021b4       0xac thirdparty/RTOS/freertos/FreeRTOSV10.0.0/Source/tasks.o
 .text.xTaskCreateStatic
                0x00002260       0x34 thirdparty/RTOS/freertos/FreeRTOSV10.0.0/Source/tasks.o
                0x00002260                xTaskCreateStatic
 .text.vTaskSuspendAll
                0x00002294       0x14 thirdparty/RTOS/freertos/FreeRTOSV10.0.0/Source/tasks.o
                0x00002294                vTaskSuspendAll
 .text.xTaskGetTickCount
                0x000022a8        0xc thirdparty/RTOS/freertos/FreeRTOSV10.0.0/Source/tasks.o
                0x000022a8                xTaskGetTickCount
 .text.uxTaskGetNumberOfTasks
                0x000022b4        0xc thirdparty/RTOS/freertos/FreeRTOSV10.0.0/Source/tasks.o
                0x000022b4                uxTaskGetNumberOfTasks
 .text.xTaskIncrementTick
                0x000022c0      0x184 thirdparty/RTOS/freertos/FreeRTOSV10.0.0/Source/tasks.o
                0x000022c0                xTaskIncrementTick
 .text.xTaskResumeAll
                0x00002444      0x178 thirdparty/RTOS/freertos/FreeRTOSV10.0.0/Source/tasks.o
                0x00002444                xTaskResumeAll
 .text.vTaskDelay
                0x000025bc       0x60 thirdparty/RTOS/freertos/FreeRTOSV10.0.0/Source/tasks.o
                0x000025bc                vTaskDelay
 .text.vTaskSwitchContext
                0x0000261c       0x94 thirdparty/RTOS/freertos/FreeRTOSV10.0.0/Source/tasks.o
                0x0000261c                vTaskSwitchContext
 .text.vTaskPlaceOnEventList
                0x000026b0       0x3c thirdparty/RTOS/freertos/FreeRTOSV10.0.0/Source/tasks.o
                0x000026b0                vTaskPlaceOnEventList
 .text.vTaskPlaceOnEventListRestricted
                0x000026ec       0x64 thirdparty/RTOS/freertos/FreeRTOSV10.0.0/Source/tasks.o
                0x000026ec                vTaskPlaceOnEventListRestricted
 .text.xTaskRemoveFromEventList
                0x00002750       0xfc thirdparty/RTOS/freertos/FreeRTOSV10.0.0/Source/tasks.o
                0x00002750                xTaskRemoveFromEventList
 .text.vTaskInternalSetTimeOutState
                0x0000284c       0x14 thirdparty/RTOS/freertos/FreeRTOSV10.0.0/Source/tasks.o
                0x0000284c                vTaskInternalSetTimeOutState
 .text.xTaskCheckForTimeOut
                0x00002860       0x90 thirdparty/RTOS/freertos/FreeRTOSV10.0.0/Source/tasks.o
                0x00002860                xTaskCheckForTimeOut
 .text.vTaskMissedYield
                0x000028f0       0x10 thirdparty/RTOS/freertos/FreeRTOSV10.0.0/Source/tasks.o
                0x000028f0                vTaskMissedYield
 .text.xTaskGetSchedulerState
                0x00002900       0x20 thirdparty/RTOS/freertos/FreeRTOSV10.0.0/Source/tasks.o
                0x00002900                xTaskGetSchedulerState
 .text.xTaskPriorityInherit
                0x00002920       0xc8 thirdparty/RTOS/freertos/FreeRTOSV10.0.0/Source/tasks.o
                0x00002920                xTaskPriorityInherit
 .text.xTaskPriorityDisinherit
                0x000029e8       0xb8 thirdparty/RTOS/freertos/FreeRTOSV10.0.0/Source/tasks.o
                0x000029e8                xTaskPriorityDisinherit
 .text.vTaskPriorityDisinheritAfterTimeout
                0x00002aa0       0xcc thirdparty/RTOS/freertos/FreeRTOSV10.0.0/Source/tasks.o
                0x00002aa0                vTaskPriorityDisinheritAfterTimeout
 .text.pvTaskIncrementMutexHeldCount
                0x00002b6c       0x14 thirdparty/RTOS/freertos/FreeRTOSV10.0.0/Source/tasks.o
                0x00002b6c                pvTaskIncrementMutexHeldCount
 .text.vApplicationGetIdleTaskMemory
                0x00002b80       0x20 thirdparty/RTOS/freertos/FreeRTOSV10.0.0/Source/tasks.o
                0x00002b80                vApplicationGetIdleTaskMemory
 .text.prvCreateIdleTasks
                0x00002ba0       0x70 thirdparty/RTOS/freertos/FreeRTOSV10.0.0/Source/tasks.o
 .text.vTaskStartScheduler
                0x00002c10       0x74 thirdparty/RTOS/freertos/FreeRTOSV10.0.0/Source/tasks.o
                0x00002c10                vTaskStartScheduler
 .text.vApplicationGetTimerTaskMemory
                0x00002c84       0x20 thirdparty/RTOS/freertos/FreeRTOSV10.0.0/Source/tasks.o
                0x00002c84                vApplicationGetTimerTaskMemory
 .text.prvGetNextExpireTime
                0x00002ca4       0x20 thirdparty/RTOS/freertos/FreeRTOSV10.0.0/Source/timers.o
 .text.prvInsertTimerInActiveList
                0x00002cc4       0x48 thirdparty/RTOS/freertos/FreeRTOSV10.0.0/Source/timers.o
 .text.prvReloadTimer
                0x00002d0c       0x2c thirdparty/RTOS/freertos/FreeRTOSV10.0.0/Source/timers.o
 .text.prvProcessExpiredTimer
                0x00002d38       0x48 thirdparty/RTOS/freertos/FreeRTOSV10.0.0/Source/timers.o
 .text.prvSwitchTimerLists
                0x00002d80       0x2c thirdparty/RTOS/freertos/FreeRTOSV10.0.0/Source/timers.o
 .text.prvSampleTimeNow
                0x00002dac       0x34 thirdparty/RTOS/freertos/FreeRTOSV10.0.0/Source/timers.o
 .text.prvProcessTimerOrBlockTask
                0x00002de0       0x84 thirdparty/RTOS/freertos/FreeRTOSV10.0.0/Source/timers.o
 .text.prvProcessReceivedCommands
                0x00002e64      0x114 thirdparty/RTOS/freertos/FreeRTOSV10.0.0/Source/timers.o
 .text.prvTimerTask
                0x00002f78       0x24 thirdparty/RTOS/freertos/FreeRTOSV10.0.0/Source/timers.o
 .text.prvCheckForValidListAndQueue
                0x00002f9c       0x5c thirdparty/RTOS/freertos/FreeRTOSV10.0.0/Source/timers.o
 .text.xTimerCreateTimerTask
                0x00002ff8       0x74 thirdparty/RTOS/freertos/FreeRTOSV10.0.0/Source/timers.o
                0x00002ff8                xTimerCreateTimerTask
 .text.__libc_init_array
                0x0000306c       0x48 c:/program files (x86)/atmel/studio/7.0/toolchain/arm/arm-gnu-toolchain/bin/../lib/gcc/arm-none-eabi/6.3.1/../../../../arm-none-eabi/lib/thumb/v7e-m\libc_nano.a(lib_a-init.o)
                0x0000306c                __libc_init_array
 .text.memcpy   0x000030b4       0x16 c:/program files (x86)/atmel/studio/7.0/toolchain/arm/arm-gnu-toolchain/bin/../lib/gcc/arm-none-eabi/6.3.1/../../../../arm-none-eabi/lib/thumb/v7e-m\libc_nano.a(lib_a-memcpy-stub.o)
                0x000030b4                memcpy
 .text.memset   0x000030ca       0x10 c:/program files (x86)/atmel/studio/7.0/toolchain/arm/arm-gnu-toolchain/bin/../lib/gcc/arm-none-eabi/6.3.1/../../../../arm-none-eabi/lib/thumb/v7e-m\libc_nano.a(lib_a-memset.o)
                0x000030ca                memset
 .text          0x000030da       0x10 c:/program files (x86)/atmel/studio/7.0/toolchain/arm/arm-gnu-toolchain/bin/../lib/gcc/arm-none-eabi/6.3.1/../../../../arm-none-eabi/lib/thumb/v7e-m\libc_nano.a(lib_a-strlen.o)
                0x000030da                strlen
 *(.glue_7t)
 .glue_7t       0x000030ea        0x0 linker stubs
 *(.glue_7)
 .glue_7        0x000030ea        0x0 linker stubs
 *(.rodata .rodata* .gnu.linkonce.r.*)
 *fill*         0x000030ea        0x2 
 .rodata.str1.4
                0x000030ec       0x14 hal/src/hal_io.o
 .rodata.str1.4
                0x00003100       0x1a hal/src/hal_usart_os.o
 *fill*         0x0000311a        0x2 
 .rodata.str1.4
                0x0000311c       0x24 hal/utils/src/utils_ringbuffer.o
 .rodata        0x00003140       0x71 hpl/sercom/hpl_sercom.o
 *fill*         0x000031b1        0x3 
 .rodata.str1.4
                0x000031b4       0x1b hpl/sercom/hpl_sercom.o
 *fill*         0x000031cf        0x1 
 .rodata.str1.4
                0x000031d0       0x38 rtos_demo_main.o
 .rodata.str1.4
                0x00003208       0x38 thirdparty/RTOS/freertos/FreeRTOSV10.0.0/rtos_port.o
 .rodata.str1.4
                0x00003240       0x15 thirdparty/RTOS/freertos/FreeRTOSV10.0.0/Source/tasks.o
 *fill*         0x00003255        0x3 
 .rodata.str1.4
                0x00003258        0x8 thirdparty/RTOS/freertos/FreeRTOSV10.0.0/Source/timers.o
 *(.ARM.extab* .gnu.linkonce.armextab.*)
                0x00003260                . = ALIGN (0x4)
 *(.init)
 .init          0x00003260        0x4 c:/program files (x86)/atmel/studio/7.0/toolchain/arm/arm-gnu-toolchain/bin/../lib/gcc/arm-none-eabi/6.3.1/thumb/v7e-m/crti.o
                0x00003260                _init
 .init          0x00003264        0x8 c:/program files (x86)/atmel/studio/7.0/toolchain/arm/arm-gnu-toolchain/bin/../lib/gcc/arm-none-eabi/6.3.1/thumb/v7e-m/crtn.o
                0x0000326c                . = ALIGN (0x4)
                0x0000326c                __preinit_array_start = .
 *(.preinit_array)
                0x0000326c                __preinit_array_end = .
                0x0000326c                . = ALIGN (0x4)
                0x0000326c                __init_array_start = .
 *(SORT(.init_array.*))
 *(.init_array)
 .init_array    0x0000326c        0x4 c:/program files (x86)/atmel/studio/7.0/toolchain/arm/arm-gnu-toolchain/bin/../lib/gcc/arm-none-eabi/6.3.1/thumb/v7e-m/crtbegin.o
                0x00003270                __init_array_end = .
                0x00003270                . = ALIGN (0x4)
 *crtbegin.o(.ctors)
 *(EXCLUDE_FILE(*crtend.o) .ctors)
 *(SORT(.ctors.*))
 *crtend.o(.ctors)
                0x00003270                . = ALIGN (0x4)
 *(.fini)
 .fini          0x00003270        0x4 c:/program files (x86)/atmel/studio/7.0/toolchain/arm/arm-gnu-toolchain/bin/../lib/gcc/arm-none-eabi/6.3.1/thumb/v7e-m/crti.o
                0x00003270                _fini
 .fini          0x00003274        0x8 c:/program files (x86)/atmel/studio/7.0/toolchain/arm/arm-gnu-toolchain/bin/../lib/gcc/arm-none-eabi/6.3.1/thumb/v7e-m/crtn.o
                0x0000327c                . = ALIGN (0x4)
                0x0000327c                __fini_array_start = .
 *(.fini_array)
 .fini_array    0x0000327c        0x4 c:/program files (x86)/atmel/studio/7.0/toolchain/arm/arm-gnu-toolchain/bin/../lib/gcc/arm-none-eabi/6.3.1/thumb/v7e-m/crtbegin.o
 *(SORT(.fini_array.*))
                0x00003280                __fini_array_end = .
 *crtbegin.o(.dtors)
 *(EXCLUDE_FILE(*crtend.o) .dtors)
 *(SORT(.dtors.*))
 *crtend.o(.dtors)
                0x00003280                . = ALIGN (0x4)
                0x00003280                _efixed = .
                [!provide]                PROVIDE (__exidx_start, .)

.vfp11_veneer   0x00003280        0x0
 .vfp11_veneer  0x00003280        0x0 linker stubs

.v4_bx          0x00003280        0x0
 .v4_bx         0x00003280        0x0 linker stubs

.iplt           0x00003280        0x0
 .iplt          0x00003280        0x0 c:/program files (x86)/atmel/studio/7.0/toolchain/arm/arm-gnu-toolchain/bin/../lib/gcc/arm-none-eabi/6.3.1/thumb/v7e-m/crtbegin.o

.eh_frame       0x00003280        0x0
 .eh_frame      0x00003280        0x0 c:/program files (x86)/atmel/studio/7.0/toolchain/arm/arm-gnu-toolchain/bin/../lib/gcc/arm-none-eabi/6.3.1/thumb/v7e-m/crtbegin.o

.rel.dyn        0x00003280        0x0
 .rel.iplt      0x00003280        0x0 c:/program files (x86)/atmel/studio/7.0/toolchain/arm/arm-gnu-toolchain/bin/../lib/gcc/arm-none-eabi/6.3.1/thumb/v7e-m/crtbegin.o

.jcr            0x00003280        0x0
 .jcr           0x00003280        0x0 c:/program files (x86)/atmel/studio/7.0/toolchain/arm/arm-gnu-toolchain/bin/../lib/gcc/arm-none-eabi/6.3.1/thumb/v7e-m/crtbegin.o

.igot.plt       0x00003280        0x0
 .igot.plt      0x00003280        0x0 c:/program files (x86)/atmel/studio/7.0/toolchain/arm/arm-gnu-toolchain/bin/../lib/gcc/arm-none-eabi/6.3.1/thumb/v7e-m/crtbegin.o

.ARM.exidx
 *(.ARM.exidx* .gnu.linkonce.armexidx.*)
                [!provide]                PROVIDE (__exidx_end, .)
                0x00003280                . = ALIGN (0x4)
                0x00003280                _etext = .

.relocate       0x20000000        0xc load address 0x00003280
                0x20000000                . = ALIGN (0x4)
                0x20000000                _srelocate = .
 *(.ramfunc .ramfunc.*)
 *(.data .data.*)
 .data          0x20000000        0x4 thirdparty/RTOS/freertos/FreeRTOSV10.0.0/Source/portable/GCC/ARM_CM4F/port.o
 .data          0x20000004        0x4 thirdparty/RTOS/freertos/FreeRTOSV10.0.0/Source/portable/MemMang/heap_2.o
 .data          0x20000008        0x4 thirdparty/RTOS/freertos/FreeRTOSV10.0.0/Source/tasks.o
                0x2000000c                . = ALIGN (0x4)
                0x2000000c                _erelocate = .

.bkupram        0x47000000        0x0
                0x47000000                . = ALIGN (0x8)
                0x47000000                _sbkupram = .
 *(.bkupram .bkupram.*)
                0x47000000                . = ALIGN (0x8)
                0x47000000                _ebkupram = .

.qspi           0x04000000        0x0
                0x04000000                . = ALIGN (0x8)
                0x04000000                _sqspi = .
 *(.qspi .qspi.*)
                0x04000000                . = ALIGN (0x8)
                0x04000000                _eqspi = .

.bss            0x2000000c      0xf94 load address 0x0000328c
                0x2000000c                . = ALIGN (0x4)
                0x2000000c                _sbss = .
                0x2000000c                _szero = .
 *(.bss .bss.*)
 .bss           0x2000000c       0x1c c:/program files (x86)/atmel/studio/7.0/toolchain/arm/arm-gnu-toolchain/bin/../lib/gcc/arm-none-eabi/6.3.1/thumb/v7e-m/crtbegin.o
 .bss           0x20000028        0x4 hpl/sercom/hpl_sercom.o
 .bss           0x2000002c      0x154 rtos_demo_main.o
 .bss           0x20000180        0x8 thirdparty/RTOS/freertos/FreeRTOSV10.0.0/Source/portable/GCC/ARM_CM4F/port.o
 .bss           0x20000188      0x974 thirdparty/RTOS/freertos/FreeRTOSV10.0.0/Source/portable/MemMang/heap_2.o
 .bss           0x20000afc      0x390 thirdparty/RTOS/freertos/FreeRTOSV10.0.0/Source/tasks.o
                0x20000bc0                pxCurrentTCB
 .bss           0x20000e8c       0xa8 thirdparty/RTOS/freertos/FreeRTOSV10.0.0/Source/timers.o
 *(COMMON)
 COMMON         0x20000f34       0x5c driver_init.o
                0x20000f34                EDBG_COM_buffer
                0x20000f44                EDBG_COM
 COMMON         0x20000f90       0x10 hpl/ramecc/hpl_ramecc.o
                0x20000f90                device
                0x20000fa0                . = ALIGN (0x4)
                0x20000fa0                _ebss = .
                0x20000fa0                _ezero = .

.stack          0x20000fa0    0x10000 load address 0x00004220
                0x20000fa0                . = ALIGN (0x8)
                0x20000fa0                _sstack = .
                0x20010fa0                . = (. + STACK_SIZE)
 *fill*         0x20000fa0    0x10000 
                0x20010fa0                . = ALIGN (0x8)
                0x20010fa0                _estack = .
                0x20010fa0                . = ALIGN (0x4)
                0x20010fa0                _end = .
OUTPUT(RTOS demo.elf elf32-littlearm)

.ARM.attributes
                0x00000000       0x2e
 .ARM.attributes
                0x00000000       0x1e c:/program files (x86)/atmel/studio/7.0/toolchain/arm/arm-gnu-toolchain/bin/../lib/gcc/arm-none-eabi/6.3.1/thumb/v7e-m/crti.o
 .ARM.attributes
                0x0000001e       0x2e c:/program files (x86)/atmel/studio/7.0/toolchain/arm/arm-gnu-toolchain/bin/../lib/gcc/arm-none-eabi/6.3.1/thumb/v7e-m/crtbegin.o
 .ARM.attributes
                0x0000004c       0x37 atmel_start.o
 .ARM.attributes
                0x00000083       0x37 Device_Startup/startup_same54.o
 .ARM.attributes
                0x000000ba       0x37 driver_init.o
 .ARM.attributes
                0x000000f1       0x37 hal/src/hal_atomic.o
 .ARM.attributes
                0x00000128       0x37 hal/src/hal_io.o
 .ARM.attributes
                0x0000015f       0x37 hal/src/hal_usart_os.o
 .ARM.attributes
                0x00000196       0x37 hal/utils/src/utils_assert.o
 .ARM.attributes
                0x000001cd       0x37 hal/utils/src/utils_ringbuffer.o
 .ARM.attributes
                0x00000204       0x37 hpl/core/hpl_init.o
 .ARM.attributes
                0x0000023b       0x37 hpl/gclk/hpl_gclk.o
 .ARM.attributes
                0x00000272       0x37 hpl/mclk/hpl_mclk.o
 .ARM.attributes
                0x000002a9       0x37 hpl/osc32kctrl/hpl_osc32kctrl.o
 .ARM.attributes
                0x000002e0       0x37 hpl/oscctrl/hpl_oscctrl.o
 .ARM.attributes
                0x00000317       0x37 hpl/ramecc/hpl_ramecc.o
 .ARM.attributes
                0x0000034e       0x37 hpl/sercom/hpl_sercom.o
 .ARM.attributes
                0x00000385       0x37 rtos_demo_main.o
 .ARM.attributes
                0x000003bc       0x37 thirdparty/RTOS/freertos/FreeRTOSV10.0.0/rtos_port.o
 .ARM.attributes
                0x000003f3       0x37 thirdparty/RTOS/freertos/FreeRTOSV10.0.0/Source/list.o
 .ARM.attributes
                0x0000042a       0x37 thirdparty/RTOS/freertos/FreeRTOSV10.0.0/Source/portable/GCC/ARM_CM4F/port.o
 .ARM.attributes
                0x00000461       0x37 thirdparty/RTOS/freertos/FreeRTOSV10.0.0/Source/portable/MemMang/heap_2.o
 .ARM.attributes
                0x00000498       0x37 thirdparty/RTOS/freertos/FreeRTOSV10.0.0/Source/queue.o
 .ARM.attributes
                0x000004cf       0x37 thirdparty/RTOS/freertos/FreeRTOSV10.0.0/Source/tasks.o
 .ARM.attributes
                0x00000506       0x37 thirdparty/RTOS/freertos/FreeRTOSV10.0.0/Source/timers.o
 .ARM.attributes
                0x0000053d       0x2e c:/program files (x86)/atmel/studio/7.0/toolchain/arm/arm-gnu-toolchain/bin/../lib/gcc/arm-none-eabi/6.3.1/../../../../arm-none-eabi/lib/thumb/v7e-m\libc_nano.a(lib_a-init.o)
 .ARM.attributes
                0x0000056b       0x2e c:/program files (x86)/atmel/studio/7.0/toolchain/arm/arm-gnu-toolchain/bin/../lib/gcc/arm-none-eabi/6.3.1/../../../../arm-none-eabi/lib/thumb/v7e-m\libc_nano.a(lib_a-memcpy-stub.o)
 .ARM.attributes
                0x00000599       0x2e c:/program files (x86)/atmel/studio/7.0/toolchain/arm/arm-gnu-toolchain/bin/../lib/gcc/arm-none-eabi/6.3.1/../../../../arm-none-eabi/lib/thumb/v7e-m\libc_nano.a(lib_a-memset.o)
 .ARM.attributes
                0x000005c7       0x17 c:/program files (x86)/atmel/studio/7.0/toolchain/arm/arm-gnu-toolchain/bin/../lib/gcc/arm-none-eabi/6.3.1/../../../../arm-none-eabi/lib/thumb/v7e-m\libc_nano.a(lib_a-strlen.o)
 .ARM.attributes
                0x000005de       0x1e c:/program files (x86)/atmel/studio/7.0/toolchain/arm/arm-gnu-toolchain/bin/../lib/gcc/arm-none-eabi/6.3.1/thumb/v7e-m/crtn.o

.comment        0x00000000       0x59
 .comment       0x00000000       0x59 atmel_start.o
                                 0x5a (size before relaxing)
 .comment       0x00000059       0x5a Device_Startup/startup_same54.o
 .comment       0x00000059       0x5a driver_init.o
 .comment       0x00000059       0x5a hal/src/hal_atomic.o
 .comment       0x00000059       0x5a hal/src/hal_io.o
 .comment       0x00000059       0x5a hal/src/hal_usart_os.o
 .comment       0x00000059       0x5a hal/utils/src/utils_assert.o
 .comment       0x00000059       0x5a hal/utils/src/utils_ringbuffer.o
 .comment       0x00000059       0x5a hpl/core/hpl_init.o
 .comment       0x00000059       0x5a hpl/gclk/hpl_gclk.o
 .comment       0x00000059       0x5a hpl/mclk/hpl_mclk.o
 .comment       0x00000059       0x5a hpl/osc32kctrl/hpl_osc32kctrl.o
 .comment       0x00000059       0x5a hpl/oscctrl/hpl_oscctrl.o
 .comment       0x00000059       0x5a hpl/ramecc/hpl_ramecc.o
 .comment       0x00000059       0x5a hpl/sercom/hpl_sercom.o
 .comment       0x00000059       0x5a rtos_demo_main.o
 .comment       0x00000059       0x5a thirdparty/RTOS/freertos/FreeRTOSV10.0.0/rtos_port.o
 .comment       0x00000059       0x5a thirdparty/RTOS/freertos/FreeRTOSV10.0.0/Source/list.o
 .comment       0x00000059       0x5a thirdparty/RTOS/freertos/FreeRTOSV10.0.0/Source/portable/GCC/ARM_CM4F/port.o
 .comment       0x00000059       0x5a thirdparty/RTOS/freertos/FreeRTOSV10.0.0/Source/portable/MemMang/heap_2.o
 .comment       0x00000059       0x5a thirdparty/RTOS/freertos/FreeRTOSV10.0.0/Source/queue.o
 .comment       0x00000059       0x5a thirdparty/RTOS/freertos/FreeRTOSV10.0.0/Source/tasks.o
 .comment       0x00000059       0x5a thirdparty/RTOS/freertos/FreeRTOSV10.0.0/Source/timers.o

.debug_info     0x00000000    0x23e06
 .debug_info    0x00000000      0x3f8 atmel_start.o
 .debug_info    0x000003f8      0xd7d Device_Startup/startup_same54.o
 .debug_info    0x00001175     0x491a driver_init.o
 .debug_info    0x00005a8f      0x1fa hal/src/hal_atomic.o
 .debug_info    0x00005c89      0x2c5 hal/src/hal_io.o
 .debug_info    0x00005f4e     0x11aa hal/src/hal_usart_os.o
 .debug_info    0x000070f8      0x130 hal/utils/src/utils_assert.o
 .debug_info    0x00007228      0x31c hal/utils/src/utils_ringbuffer.o
 .debug_info    0x00007544      0xbce hpl/core/hpl_init.o
 .debug_info    0x00008112      0x5e7 hpl/gclk/hpl_gclk.o
 .debug_info    0x000086f9      0xa55 hpl/mclk/hpl_mclk.o
 .debug_info    0x0000914e      0x714 hpl/osc32kctrl/hpl_osc32kctrl.o
 .debug_info    0x00009862     0x110d hpl/oscctrl/hpl_oscctrl.o
 .debug_info    0x0000a96f      0xc15 hpl/ramecc/hpl_ramecc.o
 .debug_info    0x0000b584     0xbffb hpl/sercom/hpl_sercom.o
 .debug_info    0x0001757f     0x121b rtos_demo_main.o
 .debug_info    0x0001879a      0x4f4 thirdparty/RTOS/freertos/FreeRTOSV10.0.0/rtos_port.o
 .debug_info    0x00018c8e      0xbd9 thirdparty/RTOS/freertos/FreeRTOSV10.0.0/Source/list.o
 .debug_info    0x00019867      0x658 thirdparty/RTOS/freertos/FreeRTOSV10.0.0/Source/portable/GCC/ARM_CM4F/port.o
 .debug_info    0x00019ebf      0xd54 thirdparty/RTOS/freertos/FreeRTOSV10.0.0/Source/portable/MemMang/heap_2.o
 .debug_info    0x0001ac13     0x3295 thirdparty/RTOS/freertos/FreeRTOSV10.0.0/Source/queue.o
 .debug_info    0x0001dea8     0x3d73 thirdparty/RTOS/freertos/FreeRTOSV10.0.0/Source/tasks.o
 .debug_info    0x00021c1b     0x21eb thirdparty/RTOS/freertos/FreeRTOSV10.0.0/Source/timers.o

.debug_abbrev   0x00000000     0x360a
 .debug_abbrev  0x00000000      0x112 atmel_start.o
 .debug_abbrev  0x00000112      0x171 Device_Startup/startup_same54.o
 .debug_abbrev  0x00000283      0x385 driver_init.o
 .debug_abbrev  0x00000608      0x155 hal/src/hal_atomic.o
 .debug_abbrev  0x0000075d      0x12d hal/src/hal_io.o
 .debug_abbrev  0x0000088a      0x285 hal/src/hal_usart_os.o
 .debug_abbrev  0x00000b0f       0x9e hal/utils/src/utils_assert.o
 .debug_abbrev  0x00000bad      0x10c hal/utils/src/utils_ringbuffer.o
 .debug_abbrev  0x00000cb9      0x1dd hpl/core/hpl_init.o
 .debug_abbrev  0x00000e96      0x1b8 hpl/gclk/hpl_gclk.o
 .debug_abbrev  0x0000104e      0x1bd hpl/mclk/hpl_mclk.o
 .debug_abbrev  0x0000120b      0x1fc hpl/osc32kctrl/hpl_osc32kctrl.o
 .debug_abbrev  0x00001407      0x1de hpl/oscctrl/hpl_oscctrl.o
 .debug_abbrev  0x000015e5      0x2c8 hpl/ramecc/hpl_ramecc.o
 .debug_abbrev  0x000018ad      0x5e8 hpl/sercom/hpl_sercom.o
 .debug_abbrev  0x00001e95      0x2fb rtos_demo_main.o
 .debug_abbrev  0x00002190      0x175 thirdparty/RTOS/freertos/FreeRTOSV10.0.0/rtos_port.o
 .debug_abbrev  0x00002305      0x21a thirdparty/RTOS/freertos/FreeRTOSV10.0.0/Source/list.o
 .debug_abbrev  0x0000251f      0x241 thirdparty/RTOS/freertos/FreeRTOSV10.0.0/Source/portable/GCC/ARM_CM4F/port.o
 .debug_abbrev  0x00002760      0x344 thirdparty/RTOS/freertos/FreeRTOSV10.0.0/Source/portable/MemMang/heap_2.o
 .debug_abbrev  0x00002aa4      0x394 thirdparty/RTOS/freertos/FreeRTOSV10.0.0/Source/queue.o
 .debug_abbrev  0x00002e38      0x449 thirdparty/RTOS/freertos/FreeRTOSV10.0.0/Source/tasks.o
 .debug_abbrev  0x00003281      0x389 thirdparty/RTOS/freertos/FreeRTOSV10.0.0/Source/timers.o

.debug_loc      0x00000000    0x10389
 .debug_loc     0x00000000       0x20 atmel_start.o
 .debug_loc     0x00000020       0x78 Device_Startup/startup_same54.o
 .debug_loc     0x00000098      0x473 driver_init.o
 .debug_loc     0x0000050b       0x13 hal/src/hal_atomic.o
 .debug_loc     0x0000051e      0x17e hal/src/hal_io.o
 .debug_loc     0x0000069c      0xc78 hal/src/hal_usart_os.o
 .debug_loc     0x00001314      0x2d0 hal/utils/src/utils_ringbuffer.o
 .debug_loc     0x000015e4       0x4c hpl/core/hpl_init.o
 .debug_loc     0x00001630       0x72 hpl/gclk/hpl_gclk.o
 .debug_loc     0x000016a2       0x2c hpl/mclk/hpl_mclk.o
 .debug_loc     0x000016ce       0x95 hpl/osc32kctrl/hpl_osc32kctrl.o
 .debug_loc     0x00001763       0x18 hpl/oscctrl/hpl_oscctrl.o
 .debug_loc     0x0000177b      0x130 hpl/ramecc/hpl_ramecc.o
 .debug_loc     0x000018ab     0x7d03 hpl/sercom/hpl_sercom.o
 .debug_loc     0x000095ae      0x3cb rtos_demo_main.o
 .debug_loc     0x00009979      0x197 thirdparty/RTOS/freertos/FreeRTOSV10.0.0/rtos_port.o
 .debug_loc     0x00009b10       0x9c thirdparty/RTOS/freertos/FreeRTOSV10.0.0/Source/list.o
 .debug_loc     0x00009bac      0x1aa thirdparty/RTOS/freertos/FreeRTOSV10.0.0/Source/portable/GCC/ARM_CM4F/port.o
 .debug_loc     0x00009d56      0x302 thirdparty/RTOS/freertos/FreeRTOSV10.0.0/Source/portable/MemMang/heap_2.o
 .debug_loc     0x0000a058     0x2050 thirdparty/RTOS/freertos/FreeRTOSV10.0.0/Source/queue.o
 .debug_loc     0x0000c0a8     0x2f36 thirdparty/RTOS/freertos/FreeRTOSV10.0.0/Source/tasks.o
 .debug_loc     0x0000efde     0x13ab thirdparty/RTOS/freertos/FreeRTOSV10.0.0/Source/timers.o

.debug_aranges  0x00000000      0xe40
 .debug_aranges
                0x00000000       0x20 atmel_start.o
 .debug_aranges
                0x00000020       0x28 Device_Startup/startup_same54.o
 .debug_aranges
                0x00000048       0x38 driver_init.o
 .debug_aranges
                0x00000080       0x30 hal/src/hal_atomic.o
 .debug_aranges
                0x000000b0       0x30 hal/src/hal_io.o
 .debug_aranges
                0x000000e0       0xc0 hal/src/hal_usart_os.o
 .debug_aranges
                0x000001a0       0x20 hal/utils/src/utils_assert.o
 .debug_aranges
                0x000001c0       0x40 hal/utils/src/utils_ringbuffer.o
 .debug_aranges
                0x00000200       0x20 hpl/core/hpl_init.o
 .debug_aranges
                0x00000220       0x28 hpl/gclk/hpl_gclk.o
 .debug_aranges
                0x00000248       0x20 hpl/mclk/hpl_mclk.o
 .debug_aranges
                0x00000268       0x20 hpl/osc32kctrl/hpl_osc32kctrl.o
 .debug_aranges
                0x00000288       0x28 hpl/oscctrl/hpl_oscctrl.o
 .debug_aranges
                0x000002b0       0x30 hpl/ramecc/hpl_ramecc.o
 .debug_aranges
                0x000002e0      0x538 hpl/sercom/hpl_sercom.o
 .debug_aranges
                0x00000818       0x40 rtos_demo_main.o
 .debug_aranges
                0x00000858       0x38 thirdparty/RTOS/freertos/FreeRTOSV10.0.0/rtos_port.o
 .debug_aranges
                0x00000890       0x40 thirdparty/RTOS/freertos/FreeRTOSV10.0.0/Source/list.o
 .debug_aranges
                0x000008d0       0x80 thirdparty/RTOS/freertos/FreeRTOSV10.0.0/Source/portable/GCC/ARM_CM4F/port.o
 .debug_aranges
                0x00000950       0x50 thirdparty/RTOS/freertos/FreeRTOSV10.0.0/Source/portable/MemMang/heap_2.o
 .debug_aranges
                0x000009a0      0x178 thirdparty/RTOS/freertos/FreeRTOSV10.0.0/Source/queue.o
 .debug_aranges
                0x00000b18      0x220 thirdparty/RTOS/freertos/FreeRTOSV10.0.0/Source/tasks.o
 .debug_aranges
                0x00000d38      0x108 thirdparty/RTOS/freertos/FreeRTOSV10.0.0/Source/timers.o

.debug_ranges   0x00000000     0x1258
 .debug_ranges  0x00000000       0x10 atmel_start.o
 .debug_ranges  0x00000010       0x18 Device_Startup/startup_same54.o
 .debug_ranges  0x00000028       0x60 driver_init.o
 .debug_ranges  0x00000088       0x20 hal/src/hal_atomic.o
 .debug_ranges  0x000000a8       0x20 hal/src/hal_io.o
 .debug_ranges  0x000000c8       0xb0 hal/src/hal_usart_os.o
 .debug_ranges  0x00000178       0x10 hal/utils/src/utils_assert.o
 .debug_ranges  0x00000188       0x30 hal/utils/src/utils_ringbuffer.o
 .debug_ranges  0x000001b8       0x10 hpl/core/hpl_init.o
 .debug_ranges  0x000001c8       0x18 hpl/gclk/hpl_gclk.o
 .debug_ranges  0x000001e0       0x10 hpl/mclk/hpl_mclk.o
 .debug_ranges  0x000001f0       0x10 hpl/osc32kctrl/hpl_osc32kctrl.o
 .debug_ranges  0x00000200       0x18 hpl/oscctrl/hpl_oscctrl.o
 .debug_ranges  0x00000218       0x38 hpl/ramecc/hpl_ramecc.o
 .debug_ranges  0x00000250      0x6c0 hpl/sercom/hpl_sercom.o
 .debug_ranges  0x00000910       0x30 rtos_demo_main.o
 .debug_ranges  0x00000940       0x28 thirdparty/RTOS/freertos/FreeRTOSV10.0.0/rtos_port.o
 .debug_ranges  0x00000968       0x30 thirdparty/RTOS/freertos/FreeRTOSV10.0.0/Source/list.o
 .debug_ranges  0x00000998       0x88 thirdparty/RTOS/freertos/FreeRTOSV10.0.0/Source/portable/GCC/ARM_CM4F/port.o
 .debug_ranges  0x00000a20       0x58 thirdparty/RTOS/freertos/FreeRTOSV10.0.0/Source/portable/MemMang/heap_2.o
 .debug_ranges  0x00000a78      0x2a0 thirdparty/RTOS/freertos/FreeRTOSV10.0.0/Source/queue.o
 .debug_ranges  0x00000d18      0x448 thirdparty/RTOS/freertos/FreeRTOSV10.0.0/Source/tasks.o
 .debug_ranges  0x00001160       0xf8 thirdparty/RTOS/freertos/FreeRTOSV10.0.0/Source/timers.o

.debug_macro    0x00000000    0x33475
 .debug_macro   0x00000000      0x871 atmel_start.o
 .debug_macro   0x00000871      0x8b0 atmel_start.o
 .debug_macro   0x00001121      0x16d atmel_start.o
 .debug_macro   0x0000128e       0x22 atmel_start.o
 .debug_macro   0x000012b0       0x87 atmel_start.o
 .debug_macro   0x00001337       0x51 atmel_start.o
 .debug_macro   0x00001388       0xef atmel_start.o
 .debug_macro   0x00001477       0x6a atmel_start.o
 .debug_macro   0x000014e1      0x1df atmel_start.o
 .debug_macro   0x000016c0       0x22 atmel_start.o
 .debug_macro   0x000016e2       0x54 atmel_start.o
 .debug_macro   0x00001736       0x1c atmel_start.o
 .debug_macro   0x00001752       0x22 atmel_start.o
 .debug_macro   0x00001774       0xdf atmel_start.o
 .debug_macro   0x00001853     0x102d atmel_start.o
 .debug_macro   0x00002880      0x11f atmel_start.o
 .debug_macro   0x0000299f      0x706 atmel_start.o
 .debug_macro   0x000030a5      0xb5b atmel_start.o
 .debug_macro   0x00003c00      0x3c0 atmel_start.o
 .debug_macro   0x00003fc0     0x2d61 atmel_start.o
 .debug_macro   0x00006d21      0x336 atmel_start.o
 .debug_macro   0x00007057      0x3b7 atmel_start.o
 .debug_macro   0x0000740e      0x668 atmel_start.o
 .debug_macro   0x00007a76     0x143f atmel_start.o
 .debug_macro   0x00008eb5      0x651 atmel_start.o
 .debug_macro   0x00009506      0x67b atmel_start.o
 .debug_macro   0x00009b81      0x6d7 atmel_start.o
 .debug_macro   0x0000a258      0x172 atmel_start.o
 .debug_macro   0x0000a3ca      0x395 atmel_start.o
 .debug_macro   0x0000a75f     0x19dd atmel_start.o
 .debug_macro   0x0000c13c       0x3a atmel_start.o
 .debug_macro   0x0000c176      0x72a atmel_start.o
 .debug_macro   0x0000c8a0      0xb12 atmel_start.o
 .debug_macro   0x0000d3b2      0x5d7 atmel_start.o
 .debug_macro   0x0000d989      0xbc0 atmel_start.o
 .debug_macro   0x0000e549      0x9b9 atmel_start.o
 .debug_macro   0x0000ef02      0x2a3 atmel_start.o
 .debug_macro   0x0000f1a5      0x8cb atmel_start.o
 .debug_macro   0x0000fa70      0x1ea atmel_start.o
 .debug_macro   0x0000fc5a      0x8f4 atmel_start.o
 .debug_macro   0x0001054e      0x216 atmel_start.o
 .debug_macro   0x00010764      0x3f9 atmel_start.o
 .debug_macro   0x00010b5d      0x620 atmel_start.o
 .debug_macro   0x0001117d      0x10d atmel_start.o
 .debug_macro   0x0001128a       0xb8 atmel_start.o
 .debug_macro   0x00011342     0x1df7 atmel_start.o
 .debug_macro   0x00013139     0x2e69 atmel_start.o
 .debug_macro   0x00015fa2     0x11ed atmel_start.o
 .debug_macro   0x0001718f      0x50e atmel_start.o
 .debug_macro   0x0001769d      0x930 atmel_start.o
 .debug_macro   0x00017fcd     0x1ad8 atmel_start.o
 .debug_macro   0x00019aa5       0xe7 atmel_start.o
 .debug_macro   0x00019b8c     0x13e6 atmel_start.o
 .debug_macro   0x0001af72      0x36a atmel_start.o
 .debug_macro   0x0001b2dc       0x94 atmel_start.o
 .debug_macro   0x0001b370       0xdc atmel_start.o
 .debug_macro   0x0001b44c       0xe2 atmel_start.o
 .debug_macro   0x0001b52e       0xdc atmel_start.o
 .debug_macro   0x0001b60a      0x149 atmel_start.o
 .debug_macro   0x0001b753      0x149 atmel_start.o
 .debug_macro   0x0001b89c       0x46 atmel_start.o
 .debug_macro   0x0001b8e2       0x4c atmel_start.o
 .debug_macro   0x0001b92e       0xc4 atmel_start.o
 .debug_macro   0x0001b9f2      0x7d5 atmel_start.o
 .debug_macro   0x0001c1c7       0xb8 atmel_start.o
 .debug_macro   0x0001c27f       0x7c atmel_start.o
 .debug_macro   0x0001c2fb      0xc20 atmel_start.o
 .debug_macro   0x0001cf1b       0x46 atmel_start.o
 .debug_macro   0x0001cf61      0x25b atmel_start.o
 .debug_macro   0x0001d1bc      0x31a atmel_start.o
 .debug_macro   0x0001d4d6      0x170 atmel_start.o
 .debug_macro   0x0001d646       0x7c atmel_start.o
 .debug_macro   0x0001d6c2       0xbe atmel_start.o
 .debug_macro   0x0001d780       0x4c atmel_start.o
 .debug_macro   0x0001d7cc       0x82 atmel_start.o
 .debug_macro   0x0001d84e      0x1a3 atmel_start.o
 .debug_macro   0x0001d9f1       0x46 atmel_start.o
 .debug_macro   0x0001da37       0x6a atmel_start.o
 .debug_macro   0x0001daa1       0x46 atmel_start.o
 .debug_macro   0x0001dae7       0x88 atmel_start.o
 .debug_macro   0x0001db6f       0x46 atmel_start.o
 .debug_macro   0x0001dbb5      0x24e atmel_start.o
 .debug_macro   0x0001de03       0x1c atmel_start.o
 .debug_macro   0x0001de1f       0x76 atmel_start.o
 .debug_macro   0x0001de95       0x3a atmel_start.o
 .debug_macro   0x0001decf       0x2e atmel_start.o
 .debug_macro   0x0001defd      0x196 atmel_start.o
 .debug_macro   0x0001e093      0x16f atmel_start.o
 .debug_macro   0x0001e202      0x16f atmel_start.o
 .debug_macro   0x0001e371      0x25d atmel_start.o
 .debug_macro   0x0001e5ce      0x25d atmel_start.o
 .debug_macro   0x0001e82b      0x25d atmel_start.o
 .debug_macro   0x0001ea88      0x25d atmel_start.o
 .debug_macro   0x0001ece5      0x25d atmel_start.o
 .debug_macro   0x0001ef42      0x25d atmel_start.o
 .debug_macro   0x0001f19f      0x25d atmel_start.o
 .debug_macro   0x0001f3fc      0x25d atmel_start.o
 .debug_macro   0x0001f659       0x52 atmel_start.o
 .debug_macro   0x0001f6ab       0xfa atmel_start.o
 .debug_macro   0x0001f7a5       0xfa atmel_start.o
 .debug_macro   0x0001f89f       0xfa atmel_start.o
 .debug_macro   0x0001f999       0xfa atmel_start.o
 .debug_macro   0x0001fa93       0xfa atmel_start.o
 .debug_macro   0x0001fb8d       0xfa atmel_start.o
 .debug_macro   0x0001fc87       0xfa atmel_start.o
 .debug_macro   0x0001fd81       0xfa atmel_start.o
 .debug_macro   0x0001fe7b      0x148 atmel_start.o
 .debug_macro   0x0001ffc3      0x124 atmel_start.o
 .debug_macro   0x000200e7      0x106 atmel_start.o
 .debug_macro   0x000201ed       0xee atmel_start.o
 .debug_macro   0x000202db       0xee atmel_start.o
 .debug_macro   0x000203c9       0x2e atmel_start.o
 .debug_macro   0x000203f7      0x46a atmel_start.o
 .debug_macro   0x00020861       0x3a atmel_start.o
 .debug_macro   0x0002089b      0x59f atmel_start.o
 .debug_macro   0x00020e3a     0x4ff3 atmel_start.o
 .debug_macro   0x00025e2d       0xcf atmel_start.o
 .debug_macro   0x00025efc       0x10 atmel_start.o
 .debug_macro   0x00025f0c       0x10 atmel_start.o
 .debug_macro   0x00025f1c       0x16 atmel_start.o
 .debug_macro   0x00025f32       0x16 atmel_start.o
 .debug_macro   0x00025f48       0x16 atmel_start.o
 .debug_macro   0x00025f5e       0x16 atmel_start.o
 .debug_macro   0x00025f74       0x16 atmel_start.o
 .debug_macro   0x00025f8a       0x16 atmel_start.o
 .debug_macro   0x00025fa0       0x40 atmel_start.o
 .debug_macro   0x00025fe0       0x16 atmel_start.o
 .debug_macro   0x00025ff6       0x16 atmel_start.o
 .debug_macro   0x0002600c       0x16 atmel_start.o
 .debug_macro   0x00026022       0x16 atmel_start.o
 .debug_macro   0x00026038       0x16 atmel_start.o
 .debug_macro   0x0002604e       0x16 atmel_start.o
 .debug_macro   0x00026064       0x16 atmel_start.o
 .debug_macro   0x0002607a       0x16 atmel_start.o
 .debug_macro   0x00026090       0x16 atmel_start.o
 .debug_macro   0x000260a6       0x16 atmel_start.o
 .debug_macro   0x000260bc       0x16 atmel_start.o
 .debug_macro   0x000260d2       0x16 atmel_start.o
 .debug_macro   0x000260e8       0x16 atmel_start.o
 .debug_macro   0x000260fe       0x16 atmel_start.o
 .debug_macro   0x00026114       0x16 atmel_start.o
 .debug_macro   0x0002612a       0x16 atmel_start.o
 .debug_macro   0x00026140       0x16 atmel_start.o
 .debug_macro   0x00026156       0x16 atmel_start.o
 .debug_macro   0x0002616c       0x16 atmel_start.o
 .debug_macro   0x00026182       0x16 atmel_start.o
 .debug_macro   0x00026198       0x16 atmel_start.o
 .debug_macro   0x000261ae      0xe5c atmel_start.o
 .debug_macro   0x0002700a      0x9b6 atmel_start.o
 .debug_macro   0x000279c0       0x94 atmel_start.o
 .debug_macro   0x00027a54       0x16 atmel_start.o
 .debug_macro   0x00027a6a       0xbe atmel_start.o
 .debug_macro   0x00027b28      0x28c atmel_start.o
 .debug_macro   0x00027db4       0x16 atmel_start.o
 .debug_macro   0x00027dca      0x4d8 atmel_start.o
 .debug_macro   0x000282a2       0x16 atmel_start.o
 .debug_macro   0x000282b8       0xca atmel_start.o
 .debug_macro   0x00028382       0x1c atmel_start.o
 .debug_macro   0x0002839e       0x16 atmel_start.o
 .debug_macro   0x000283b4      0x185 atmel_start.o
 .debug_macro   0x00028539       0x6a atmel_start.o
 .debug_macro   0x000285a3       0x28 atmel_start.o
 .debug_macro   0x000285cb       0x16 atmel_start.o
 .debug_macro   0x000285e1      0x189 atmel_start.o
 .debug_macro   0x0002876a       0x1c atmel_start.o
 .debug_macro   0x00028786      0x182 atmel_start.o
 .debug_macro   0x00028908       0xd2 atmel_start.o
 .debug_macro   0x000289da       0x2e atmel_start.o
 .debug_macro   0x00028a08       0x1f atmel_start.o
 .debug_macro   0x00028a27       0x12 atmel_start.o
 .debug_macro   0x00028a39     0x10b7 atmel_start.o
 .debug_macro   0x00029af0       0xc3 atmel_start.o
 .debug_macro   0x00029bb3      0x14f atmel_start.o
 .debug_macro   0x00029d02       0x8e atmel_start.o
 .debug_macro   0x00029d90       0x9a atmel_start.o
 .debug_macro   0x00029e2a       0x1c atmel_start.o
 .debug_macro   0x00029e46      0x4b2 Device_Startup/startup_same54.o
 .debug_macro   0x0002a2f8       0x4e Device_Startup/startup_same54.o
 .debug_macro   0x0002a346      0x86b driver_init.o
 .debug_macro   0x0002abb1       0xc9 driver_init.o
 .debug_macro   0x0002ac7a      0x686 hal/src/hal_atomic.o
 .debug_macro   0x0002b300      0x69b hal/src/hal_io.o
 .debug_macro   0x0002b99b      0x7d6 hal/src/hal_usart_os.o
 .debug_macro   0x0002c171      0x690 hal/utils/src/utils_assert.o
 .debug_macro   0x0002c801       0x10 hal/utils/src/utils_assert.o
 .debug_macro   0x0002c811      0x695 hal/utils/src/utils_ringbuffer.o
 .debug_macro   0x0002cea6      0x729 hpl/core/hpl_init.o
 .debug_macro   0x0002d5cf       0x2e hpl/core/hpl_init.o
 .debug_macro   0x0002d5fd      0xd7b hpl/core/hpl_init.o
 .debug_macro   0x0002e378      0x69f hpl/gclk/hpl_gclk.o
 .debug_macro   0x0002ea17      0x2f0 hpl/gclk/hpl_gclk.o
 .debug_macro   0x0002ed07      0x69a hpl/mclk/hpl_mclk.o
 .debug_macro   0x0002f3a1      0x695 hpl/osc32kctrl/hpl_osc32kctrl.o
 .debug_macro   0x0002fa36       0x80 hpl/osc32kctrl/hpl_osc32kctrl.o
 .debug_macro   0x0002fab6      0x69f hpl/oscctrl/hpl_oscctrl.o
 .debug_macro   0x00030155      0x216 hpl/oscctrl/hpl_oscctrl.o
 .debug_macro   0x0003036b      0x6b0 hpl/ramecc/hpl_ramecc.o
 .debug_macro   0x00030a1b      0x8e9 hpl/sercom/hpl_sercom.o
 .debug_macro   0x00031304       0x70 hpl/sercom/hpl_sercom.o
 .debug_macro   0x00031374       0xe4 hpl/sercom/hpl_sercom.o
 .debug_macro   0x00031458       0x10 hpl/sercom/hpl_sercom.o
 .debug_macro   0x00031468       0x1c hpl/sercom/hpl_sercom.o
 .debug_macro   0x00031484       0x22 hpl/sercom/hpl_sercom.o
 .debug_macro   0x000314a6       0x10 hpl/sercom/hpl_sercom.o
 .debug_macro   0x000314b6      0xa29 rtos_demo_main.o
 .debug_macro   0x00031edf       0x16 rtos_demo_main.o
 .debug_macro   0x00031ef5      0x776 thirdparty/RTOS/freertos/FreeRTOSV10.0.0/rtos_port.o
 .debug_macro   0x0003266b      0x1a5 thirdparty/RTOS/freertos/FreeRTOSV10.0.0/Source/list.o
 .debug_macro   0x00032810      0x1de thirdparty/RTOS/freertos/FreeRTOSV10.0.0/Source/portable/GCC/ARM_CM4F/port.o
 .debug_macro   0x000329ee      0x224 thirdparty/RTOS/freertos/FreeRTOSV10.0.0/Source/portable/MemMang/heap_2.o
 .debug_macro   0x00032c12      0x22d thirdparty/RTOS/freertos/FreeRTOSV10.0.0/Source/queue.o
 .debug_macro   0x00032e3f      0x371 thirdparty/RTOS/freertos/FreeRTOSV10.0.0/Source/tasks.o
 .debug_macro   0x000331b0       0x17 thirdparty/RTOS/freertos/FreeRTOSV10.0.0/Source/tasks.o
 .debug_macro   0x000331c7       0x1c thirdparty/RTOS/freertos/FreeRTOSV10.0.0/Source/tasks.o
 .debug_macro   0x000331e3      0x1f4 thirdparty/RTOS/freertos/FreeRTOSV10.0.0/Source/timers.o
 .debug_macro   0x000333d7       0x9e thirdparty/RTOS/freertos/FreeRTOSV10.0.0/Source/timers.o

.debug_line     0x00000000    0x133c9
 .debug_line    0x00000000      0xee7 atmel_start.o
 .debug_line    0x00000ee7      0x8a0 Device_Startup/startup_same54.o
 .debug_line    0x00001787      0xf6e driver_init.o
 .debug_line    0x000026f5      0xbe9 hal/src/hal_atomic.o
 .debug_line    0x000032de      0xc0d hal/src/hal_io.o
 .debug_line    0x00003eeb      0xff4 hal/src/hal_usart_os.o
 .debug_line    0x00004edf      0xbbe hal/utils/src/utils_assert.o
 .debug_line    0x00005a9d      0xc5e hal/utils/src/utils_ringbuffer.o
 .debug_line    0x000066fb      0xccc hpl/core/hpl_init.o
 .debug_line    0x000073c7      0xc0b hpl/gclk/hpl_gclk.o
 .debug_line    0x00007fd2      0xbe1 hpl/mclk/hpl_mclk.o
 .debug_line    0x00008bb3      0xbf6 hpl/osc32kctrl/hpl_osc32kctrl.o
 .debug_line    0x000097a9      0xc17 hpl/oscctrl/hpl_oscctrl.o
 .debug_line    0x0000a3c0      0xc84 hpl/ramecc/hpl_ramecc.o
 .debug_line    0x0000b044     0x2ccd hpl/sercom/hpl_sercom.o
 .debug_line    0x0000dd11     0x10f6 rtos_demo_main.o
 .debug_line    0x0000ee07      0xdd3 thirdparty/RTOS/freertos/FreeRTOSV10.0.0/rtos_port.o
 .debug_line    0x0000fbda      0x4a1 thirdparty/RTOS/freertos/FreeRTOSV10.0.0/Source/list.o
 .debug_line    0x0001007b      0x530 thirdparty/RTOS/freertos/FreeRTOSV10.0.0/Source/portable/GCC/ARM_CM4F/port.o
 .debug_line    0x000105ab      0x571 thirdparty/RTOS/freertos/FreeRTOSV10.0.0/Source/portable/MemMang/heap_2.o
 .debug_line    0x00010b1c      0xd9d thirdparty/RTOS/freertos/FreeRTOSV10.0.0/Source/queue.o
 .debug_line    0x000118b9     0x12fe thirdparty/RTOS/freertos/FreeRTOSV10.0.0/Source/tasks.o
 .debug_line    0x00012bb7      0x812 thirdparty/RTOS/freertos/FreeRTOSV10.0.0/Source/timers.o

.debug_str      0x00000000   0x12874e
 .debug_str     0x00000000   0x1134ca atmel_start.o
                             0x113a16 (size before relaxing)
 .debug_str     0x001134ca      0xbfb Device_Startup/startup_same54.o
                              0xf0d12 (size before relaxing)
 .debug_str     0x001140c5     0x1c2d driver_init.o
                             0x115741 (size before relaxing)
 .debug_str     0x00115cf2       0x9c hal/src/hal_atomic.o
                             0x1066c5 (size before relaxing)
 .debug_str     0x00115d8e       0x44 hal/src/hal_io.o
                             0x106760 (size before relaxing)
 .debug_str     0x00115dd2      0x6a7 hal/src/hal_usart_os.o
                             0x113309 (size before relaxing)
 .debug_str     0x00116479       0x2a hal/utils/src/utils_assert.o
                             0x1066d5 (size before relaxing)
 .debug_str     0x001164a3       0x24 hal/utils/src/utils_ringbuffer.o
                             0x106769 (size before relaxing)
 .debug_str     0x001164c7     0x310e hpl/core/hpl_init.o
                             0x10a99f (size before relaxing)
 .debug_str     0x001195d5      0xbf5 hpl/gclk/hpl_gclk.o
                             0x107401 (size before relaxing)
 .debug_str     0x0011a1ca       0x47 hpl/mclk/hpl_mclk.o
                             0x106b62 (size before relaxing)
 .debug_str     0x0011a211      0x466 hpl/osc32kctrl/hpl_osc32kctrl.o
                             0x106b2d (size before relaxing)
 .debug_str     0x0011a677      0xab4 hpl/oscctrl/hpl_oscctrl.o
                             0x107d3e (size before relaxing)
 .debug_str     0x0011b12b      0x25d hpl/ramecc/hpl_ramecc.o
                             0x10760b (size before relaxing)
 .debug_str     0x0011b388     0x4ac5 hpl/sercom/hpl_sercom.o
                             0x10cd7d (size before relaxing)
 .debug_str     0x0011fe4d     0x4197 rtos_demo_main.o
                             0x117c98 (size before relaxing)
 .debug_str     0x00123fe4       0xa6 thirdparty/RTOS/freertos/FreeRTOSV10.0.0/rtos_port.o
                             0x112686 (size before relaxing)
 .debug_str     0x0012408a      0x27d thirdparty/RTOS/freertos/FreeRTOSV10.0.0/Source/list.o
                               0xfd26 (size before relaxing)
 .debug_str     0x00124307      0x9e9 thirdparty/RTOS/freertos/FreeRTOSV10.0.0/Source/portable/GCC/ARM_CM4F/port.o
                               0xecb0 (size before relaxing)
 .debug_str     0x00124cf0      0x696 thirdparty/RTOS/freertos/FreeRTOSV10.0.0/Source/portable/MemMang/heap_2.o
                              0x11730 (size before relaxing)
 .debug_str     0x00125386      0xd84 thirdparty/RTOS/freertos/FreeRTOSV10.0.0/Source/queue.o
                              0x12956 (size before relaxing)
 .debug_str     0x0012610a     0x203d thirdparty/RTOS/freertos/FreeRTOSV10.0.0/Source/tasks.o
                              0x148a7 (size before relaxing)
 .debug_str     0x00128147      0x607 thirdparty/RTOS/freertos/FreeRTOSV10.0.0/Source/timers.o
                              0x12cfa (size before relaxing)

.debug_frame    0x00000000     0x27dc
 .debug_frame   0x00000000       0x28 atmel_start.o
 .debug_frame   0x00000028       0x38 Device_Startup/startup_same54.o
 .debug_frame   0x00000060       0x6c driver_init.o
 .debug_frame   0x000000cc       0x40 hal/src/hal_atomic.o
 .debug_frame   0x0000010c       0x58 hal/src/hal_io.o
 .debug_frame   0x00000164      0x240 hal/src/hal_usart_os.o
 .debug_frame   0x000003a4       0x20 hal/utils/src/utils_assert.o
 .debug_frame   0x000003c4       0x94 hal/utils/src/utils_ringbuffer.o
 .debug_frame   0x00000458       0x28 hpl/core/hpl_init.o
 .debug_frame   0x00000480       0x30 hpl/gclk/hpl_gclk.o
 .debug_frame   0x000004b0       0x20 hpl/mclk/hpl_mclk.o
 .debug_frame   0x000004d0       0x20 hpl/osc32kctrl/hpl_osc32kctrl.o
 .debug_frame   0x000004f0       0x30 hpl/oscctrl/hpl_oscctrl.o
 .debug_frame   0x00000520       0x4c hpl/ramecc/hpl_ramecc.o
 .debug_frame   0x0000056c      0xf6c hpl/sercom/hpl_sercom.o
 .debug_frame   0x000014d8       0xc0 rtos_demo_main.o
 .debug_frame   0x00001598       0x78 thirdparty/RTOS/freertos/FreeRTOSV10.0.0/rtos_port.o
 .debug_frame   0x00001610       0x6c thirdparty/RTOS/freertos/FreeRTOSV10.0.0/Source/list.o
 .debug_frame   0x0000167c      0x104 thirdparty/RTOS/freertos/FreeRTOSV10.0.0/Source/portable/GCC/ARM_CM4F/port.o
 .debug_frame   0x00001780       0xb0 thirdparty/RTOS/freertos/FreeRTOSV10.0.0/Source/portable/MemMang/heap_2.o
 .debug_frame   0x00001830      0x4f0 thirdparty/RTOS/freertos/FreeRTOSV10.0.0/Source/queue.o
 .debug_frame   0x00001d20      0x700 thirdparty/RTOS/freertos/FreeRTOSV10.0.0/Source/tasks.o
 .debug_frame   0x00002420      0x348 thirdparty/RTOS/freertos/FreeRTOSV10.0.0/Source/timers.o
 .debug_frame   0x00002768       0x2c c:/program files (x86)/atmel/studio/7.0/toolchain/arm/arm-gnu-toolchain/bin/../lib/gcc/arm-none-eabi/6.3.1/../../../../arm-none-eabi/lib/thumb/v7e-m\libc_nano.a(lib_a-init.o)
 .debug_frame   0x00002794       0x28 c:/program files (x86)/atmel/studio/7.0/toolchain/arm/arm-gnu-toolchain/bin/../lib/gcc/arm-none-eabi/6.3.1/../../../../arm-none-eabi/lib/thumb/v7e-m\libc_nano.a(lib_a-memcpy-stub.o)
 .debug_frame   0x000027bc       0x20 c:/program files (x86)/atmel/studio/7.0/toolchain/arm/arm-gnu-toolchain/bin/../lib/gcc/arm-none-eabi/6.3.1/../../../../arm-none-eabi/lib/thumb/v7e-m\libc_nano.a(lib_a-memset.o)
