Archive member included to satisfy reference by file (symbol)

c:/program files (x86)/atmel/studio/7.0/toolchain/arm/arm-gnu-toolchain/bin/../lib/gcc/arm-none-eabi/6.3.1/thumb/v7e-m\libgcc.a(_arm_addsubdf3.o)
                              hpl/sercom/hpl_sercom.o (__aeabi_dsub)
c:/program files (x86)/atmel/studio/7.0/toolchain/arm/arm-gnu-toolchain/bin/../lib/gcc/arm-none-eabi/6.3.1/thumb/v7e-m\libgcc.a(_arm_muldivdf3.o)
                              hpl/sercom/hpl_sercom.o (__aeabi_dmul)
c:/program files (x86)/atmel/studio/7.0/toolchain/arm/arm-gnu-toolchain/bin/../lib/gcc/arm-none-eabi/6.3.1/thumb/v7e-m\libgcc.a(_arm_fixunsdfsi.o)
                              hpl/sercom/hpl_sercom.o (__aeabi_d2uiz)
c:/program files (x86)/atmel/studio/7.0/toolchain/arm/arm-gnu-toolchain/bin/../lib/gcc/arm-none-eabi/6.3.1/thumb/v7e-m\libgcc.a(_aeabi_uldivmod.o)
                              hpl/sercom/hpl_sercom.o (__aeabi_uldivmod)
c:/program files (x86)/atmel/studio/7.0/toolchain/arm/arm-gnu-toolchain/bin/../lib/gcc/arm-none-eabi/6.3.1/thumb/v7e-m\libgcc.a(_udivmoddi4.o)
                              c:/program files (x86)/atmel/studio/7.0/toolchain/arm/arm-gnu-toolchain/bin/../lib/gcc/arm-none-eabi/6.3.1/thumb/v7e-m\libgcc.a(_aeabi_uldivmod.o) (__udivmoddi4)
c:/program files (x86)/atmel/studio/7.0/toolchain/arm/arm-gnu-toolchain/bin/../lib/gcc/arm-none-eabi/6.3.1/thumb/v7e-m\libgcc.a(_dvmd_tls.o)
                              c:/program files (x86)/atmel/studio/7.0/toolchain/arm/arm-gnu-toolchain/bin/../lib/gcc/arm-none-eabi/6.3.1/thumb/v7e-m\libgcc.a(_aeabi_uldivmod.o) (__aeabi_ldiv0)
c:/program files (x86)/atmel/studio/7.0/toolchain/arm/arm-gnu-toolchain/bin/../lib/gcc/arm-none-eabi/6.3.1/../../../../arm-none-eabi/lib/thumb/v7e-m\libc_nano.a(lib_a-exit.o)
                              c:/program files (x86)/atmel/studio/7.0/toolchain/arm/arm-gnu-toolchain/bin/../lib/gcc/arm-none-eabi/6.3.1/../../../../arm-none-eabi/lib/thumb/v7e-m/crt0.o (exit)
c:/program files (x86)/atmel/studio/7.0/toolchain/arm/arm-gnu-toolchain/bin/../lib/gcc/arm-none-eabi/6.3.1/../../../../arm-none-eabi/lib/thumb/v7e-m\libc_nano.a(lib_a-impure.o)
                              c:/program files (x86)/atmel/studio/7.0/toolchain/arm/arm-gnu-toolchain/bin/../lib/gcc/arm-none-eabi/6.3.1/../../../../arm-none-eabi/lib/thumb/v7e-m\libc_nano.a(lib_a-exit.o) (_global_impure_ptr)
c:/program files (x86)/atmel/studio/7.0/toolchain/arm/arm-gnu-toolchain/bin/../lib/gcc/arm-none-eabi/6.3.1/../../../../arm-none-eabi/lib/thumb/v7e-m\libc_nano.a(lib_a-init.o)
                              c:/program files (x86)/atmel/studio/7.0/toolchain/arm/arm-gnu-toolchain/bin/../lib/gcc/arm-none-eabi/6.3.1/../../../../arm-none-eabi/lib/thumb/v7e-m/crt0.o (__libc_init_array)
c:/program files (x86)/atmel/studio/7.0/toolchain/arm/arm-gnu-toolchain/bin/../lib/gcc/arm-none-eabi/6.3.1/../../../../arm-none-eabi/lib/thumb/v7e-m\libc_nano.a(lib_a-memcpy-stub.o)
                              Diag/diag_task.o (memcpy)
c:/program files (x86)/atmel/studio/7.0/toolchain/arm/arm-gnu-toolchain/bin/../lib/gcc/arm-none-eabi/6.3.1/../../../../arm-none-eabi/lib/thumb/v7e-m\libc_nano.a(lib_a-memset.o)
                              c:/program files (x86)/atmel/studio/7.0/toolchain/arm/arm-gnu-toolchain/bin/../lib/gcc/arm-none-eabi/6.3.1/../../../../arm-none-eabi/lib/thumb/v7e-m/crt0.o (memset)
c:/program files (x86)/atmel/studio/7.0/toolchain/arm/arm-gnu-toolchain/bin/../lib/gcc/arm-none-eabi/6.3.1/../../../../arm-none-eabi/lib/thumb/v7e-m\libc_nano.a(lib_a-printf.o)
                              hal/utils/src/utils_syscalls.o (printf)
c:/program files (x86)/atmel/studio/7.0/toolchain/arm/arm-gnu-toolchain/bin/../lib/gcc/arm-none-eabi/6.3.1/../../../../arm-none-eabi/lib/thumb/v7e-m\libc_nano.a(lib_a-puts.o)
                              main.o (puts)
c:/program files (x86)/atmel/studio/7.0/toolchain/arm/arm-gnu-toolchain/bin/../lib/gcc/arm-none-eabi/6.3.1/../../../../arm-none-eabi/lib/thumb/v7e-m\libc_nano.a(lib_a-setbuf.o)
                              stdio_direct/stdio_io.o (setbuf)
c:/program files (x86)/atmel/studio/7.0/toolchain/arm/arm-gnu-toolchain/bin/../lib/gcc/arm-none-eabi/6.3.1/../../../../arm-none-eabi/lib/thumb/v7e-m\libc_nano.a(lib_a-setvbuf.o)
                              c:/program files (x86)/atmel/studio/7.0/toolchain/arm/arm-gnu-toolchain/bin/../lib/gcc/arm-none-eabi/6.3.1/../../../../arm-none-eabi/lib/thumb/v7e-m\libc_nano.a(lib_a-setbuf.o) (setvbuf)
c:/program files (x86)/atmel/studio/7.0/toolchain/arm/arm-gnu-toolchain/bin/../lib/gcc/arm-none-eabi/6.3.1/../../../../arm-none-eabi/lib/thumb/v7e-m\libc_nano.a(lib_a-snprintf.o)
                              thirdparty/RTOS/freertos/FreeRTOSV10.0.0/Source/tasks.o (snprintf)
c:/program files (x86)/atmel/studio/7.0/toolchain/arm/arm-gnu-toolchain/bin/../lib/gcc/arm-none-eabi/6.3.1/../../../../arm-none-eabi/lib/thumb/v7e-m\libc_nano.a(lib_a-strcpy.o)
[...]
Memory Configuration

Name             Origin             Length             Attributes
rom              0x00000000         0x00100000         xr
ram              0x20000000         0x00040000         xrw
bkupram          0x47000000         0x00002000         xrw
qspi             0x04000000         0x01000000         xrw
*default*        0x00000000         0xffffffff

Linker script and memory map

LOAD c:/program files (x86)/atmel/studio/7.0/toolchain/arm/arm-gnu-toolchain/bin/../lib/gcc/arm-none-eabi/6.3.1/thumb/v7e-m/crti.o
LOAD c:/program files (x86)/atmel/studio/7.0/toolchain/arm/arm-gnu-toolchain/bin/../lib/gcc/arm-none-eabi/6.3.1/thumb/v7e-m/crtbegin.o
LOAD c:/program files (x86)/atmel/studio/7.0/toolchain/arm/arm-gnu-toolchain/bin/../lib/gcc/arm-none-eabi/6.3.1/../../../../arm-none-eabi/lib/thumb/v7e-m/crt0.o
LOAD Bridge/bridge_task.o
LOAD Device_Startup/startup_same54.o
LOAD Device_Startup/system_same54.o
LOAD Diag/diag_task.o
LOAD examples/driver_examples.o
LOAD hal/src/hal_atomic.o
LOAD hal/src/hal_cache.o
LOAD hal/src/hal_delay.o
LOAD hal/src/hal_gpio.o
LOAD hal/src/hal_init.o
LOAD hal/src/hal_io.o
LOAD hal/src/hal_sleep.o
LOAD hal/src/hal_usart_os.o
LOAD hal/src/hal_usart_sync.o
LOAD hal/utils/src/utils_assert.o
LOAD hal/utils/src/utils_event.o
LOAD hal/utils/src/utils_list.o
LOAD hal/utils/src/utils_ringbuffer.o
LOAD hal/utils/src/utils_syscalls.o
LOAD hpl/cmcc/hpl_cmcc.o
LOAD hpl/core/hpl_core_m4.o
LOAD hpl/core/hpl_init.o
LOAD hpl/dmac/hpl_dmac.o
LOAD hpl/gclk/hpl_gclk.o
LOAD hpl/mclk/hpl_mclk.o
LOAD hpl/osc32kctrl/hpl_osc32kctrl.o
LOAD hpl/oscctrl/hpl_oscctrl.o
LOAD hpl/pm/hpl_pm.o
LOAD hpl/ramecc/hpl_ramecc.o
LOAD hpl/sercom/hpl_sercom.o
LOAD main.o
LOAD Network/network_task.o
LOAD platform.o
LOAD stdio_direct/gcc/read.o
LOAD stdio_direct/gcc/write.o
LOAD stdio_direct/stdio_io.o
LOAD thirdparty/RTOS/freertos/FreeRTOSV10.0.0/rtos_port.o
LOAD thirdparty/RTOS/freertos/FreeRTOSV10.0.0/Source/croutine.o
LOAD thirdparty/RTOS/freertos/FreeRTOSV10.0.0/Source/event_groups.o
LOAD thirdparty/RTOS/freertos/FreeRTOSV10.0.0/Source/list.o
LOAD thirdparty/RTOS/freertos/FreeRTOSV10.0.0/Source/portable/GCC/ARM_CM4F/port.o
LOAD thirdparty/RTOS/freertos/FreeRTOSV10.0.0/Source/portable/MemMang/heap_2.o
LOAD thirdparty/RTOS/freertos/FreeRTOSV10.0.0/Source/queue.o
LOAD thirdparty/RTOS/freertos/FreeRTOSV10.0.0/Source/stream_buffer.o
LOAD thirdparty/RTOS/freertos/FreeRTOSV10.0.0/Source/tasks.o
LOAD thirdparty/RTOS/freertos/FreeRTOSV10.0.0/Source/timers.o
LOAD USB/usb_task.o
START GROUP
LOAD c:/program files (x86)/atmel/studio/7.0/toolchain/arm/arm-gnu-toolchain/bin/../lib/gcc/arm-none-eabi/6.3.1/../../../../arm-none-eabi/lib/thumb/v7e-m\libm.a
END GROUP
START GROUP
LOAD c:/program files (x86)/atmel/studio/7.0/toolchain/arm/arm-gnu-toolchain/bin/../lib/gcc/arm-none-eabi/6.3.1/thumb/v7e-m\libgcc.a
LOAD c:/program files (x86)/atmel/studio/7.0/toolchain/arm/arm-gnu-toolchain/bin/../lib/gcc/arm-none-eabi/6.3.1/../../../../arm-none-eabi/lib/thumb/v7e-m\libc_nano.a
END GROUP
START GROUP
LOAD c:/program files (x86)/atmel/studio/7.0/toolchain/arm/arm-gnu-toolchain/bin/../lib/gcc/arm-none-eabi/6.3.1/thumb/v7e-m\libgcc.a
LOAD c:/program files (x86)/atmel/studio/7.0/toolchain/arm/arm-gnu-toolchain/bin/../lib/gcc/arm-none-eabi/6.3.1/../../../../arm-none-eabi/lib/thumb/v7e-m\libc_nano.a
END GROUP
LOAD c:/program files (x86)/atmel/studio/7.0/toolchain/arm/arm-gnu-toolchain/bin/../lib/gcc/arm-none-eabi/6.3.1/thumb/v7e-m/crtend.o
LOAD c:/program files (x86)/atmel/studio/7.0/toolchain/arm/arm-gnu-toolchain/bin/../lib/gcc/arm-none-eabi/6.3.1/thumb/v7e-m/crtn.o
                0x00010000                STACK_SIZE = DEFINED (STACK_SIZE)?STACK_SIZE:DEFINED (__stack_size__)?__stack_size__:0x10000

.text           0x00000000     0x429c
                0x00000000                . = ALIGN (0x4)
                0x00000000                _sfixed = .
 *(.vectors .vectors.*)
 .vectors       0x00000000      0x264 Device_Startup/startup_same54.o
                0x00000000                exception_table
 *(.text .text.* .gnu.linkonce.t.*)
 .text          0x00000264       0x6c c:/program files (x86)/atmel/studio/7.0/toolchain/arm/arm-gnu-toolchain/bin/../lib/gcc/arm-none-eabi/6.3.1/thumb/v7e-m/crtbegin.o
 .text.Dummy_Handler
                0x000002d0        0x2 Device_Startup/startup_same54.o
                0x000002d0                EIC_5_Handler
                0x000002d0                SERCOM0_2_Handler
                0x000002d0                EIC_13_Handler
                0x000002d0                EVSYS_0_Handler
                0x000002d0                TCC1_3_Handler
                0x000002d0                DAC_3_Handler
                0x000002d0                TRNG_Handler
                0x000002d0                HardFault_Handler
                0x000002d0                TC2_Handler
                0x000002d0                PDEC_2_Handler
                0x000002d0                EIC_4_Handler
                0x000002d0                AC_Handler
                0x000002d0                SERCOM3_1_Handler
                0x000002d0                TCC2_3_Handler
                0x000002d0                SERCOM3_2_Handler
                0x000002d0                TC7_Handler
                0x000002d0                ADC1_1_Handler
                0x000002d0                EVSYS_3_Handler
                0x000002d0                PDEC_0_Handler
                0x000002d0                QSPI_Handler
                0x000002d0                NonMaskableInt_Handler
                0x000002d0                TCC0_0_Handler
                0x000002d0                EIC_3_Handler
                0x000002d0                MemManagement_Handler
                0x000002d0                DAC_2_Handler
                0x000002d0                SERCOM0_0_Handler
                0x000002d0                RTC_Handler
                0x000002d0                UsageFault_Handler
                0x000002d0                SERCOM4_0_Handler
                0x000002d0                EIC_10_Handler
                0x000002d0                SERCOM0_3_Handler
                0x000002d0                EIC_11_Handler
                0x000002d0                EIC_9_Handler
                0x000002d0                OSC32KCTRL_Handler
                0x000002d0                TCC2_1_Handler
                0x000002d0                SUPC_1_Handler
                0x000002d0                TCC0_5_Handler
                0x000002d0                TCC0_6_Handler
                0x000002d0                SERCOM6_2_Handler
                0x000002d0                EVSYS_1_Handler
                0x000002d0                TCC1_4_Handler
                0x000002d0                TC6_Handler
                0x000002d0                DMAC_0_Handler
                0x000002d0                WDT_Handler
                0x000002d0                CAN0_Handler
                0x000002d0                EIC_8_Handler
                0x000002d0                EIC_15_Handler
                0x000002d0                SERCOM6_0_Handler
                0x000002d0                SERCOM5_0_Handler
                0x000002d0                TC4_Handler
                0x000002d0                TC1_Handler
                0x000002d0                OSCCTRL_4_Handler
                0x000002d0                SERCOM4_3_Handler
                0x000002d0                EIC_12_Handler
                0x000002d0                DMAC_4_Handler
                0x000002d0                TCC4_2_Handler
                0x000002d0                PAC_Handler
                0x000002d0                TCC1_0_Handler
                0x000002d0                USB_0_Handler
                0x000002d0                OSCCTRL_0_Handler
                0x000002d0                EIC_0_Handler
                0x000002d0                OSCCTRL_3_Handler
                0x000002d0                SERCOM4_1_Handler
                0x000002d0                TC3_Handler
                0x000002d0                Dummy_Handler
                0x000002d0                TCC3_0_Handler
                0x000002d0                TCC2_2_Handler
                0x000002d0                SERCOM5_1_Handler
                0x000002d0                TCC1_1_Handler
                0x000002d0                DMAC_2_Handler
                0x000002d0                ADC0_0_Handler
                0x000002d0                SERCOM0_1_Handler
                0x000002d0                OSCCTRL_2_Handler
                0x000002d0                ADC1_0_Handler
                0x000002d0                TCC1_2_Handler
                0x000002d0                SERCOM7_1_Handler
                0x000002d0                USB_1_Handler
                0x000002d0                PM_Handler
                0x000002d0                SERCOM6_3_Handler
                0x000002d0                DAC_4_Handler
                0x000002d0                TCC3_2_Handler
                0x000002d0                SERCOM7_0_Handler
                0x000002d0                TCC0_2_Handler
                0x000002d0                DMAC_1_Handler
                0x000002d0                TCC4_0_Handler
                0x000002d0                SERCOM7_3_Handler
                0x000002d0                GMAC_Handler
                0x000002d0                SDHC1_Handler
                0x000002d0                USB_3_Handler
                0x000002d0                SERCOM7_2_Handler
                0x000002d0                CAN1_Handler
                0x000002d0                TCC2_0_Handler
                0x000002d0                PDEC_1_Handler
                0x000002d0                TCC4_1_Handler
                0x000002d0                SERCOM5_3_Handler
                0x000002d0                USB_2_Handler
                0x000002d0                SERCOM6_1_Handler
                0x000002d0                SDHC0_Handler
                0x000002d0                SERCOM1_1_Handler
                0x000002d0                I2S_Handler
                0x000002d0                EIC_2_Handler
                0x000002d0                PCC_Handler
                0x000002d0                DAC_0_Handler
                0x000002d0                TCC0_1_Handler
                0x000002d0                SERCOM1_3_Handler
                0x000002d0                EIC_6_Handler
                0x000002d0                OSCCTRL_1_Handler
                0x000002d0                SERCOM1_0_Handler
                0x000002d0                PUKCC_Handler
                0x000002d0                SERCOM1_2_Handler
                0x000002d0                SERCOM3_0_Handler
                0x000002d0                EIC_1_Handler
                0x000002d0                SERCOM4_2_Handler
                0x000002d0                EVSYS_4_Handler
                0x000002d0                EIC_7_Handler
                0x000002d0                NVMCTRL_1_Handler
                0x000002d0                SERCOM5_2_Handler
                0x000002d0                SERCOM3_3_Handler
                0x000002d0                ADC0_1_Handler
                0x000002d0                TCC3_1_Handler
                0x000002d0                EIC_14_Handler
                0x000002d0                DAC_1_Handler
                0x000002d0                NVMCTRL_0_Handler
                0x000002d0                MCLK_Handler
                0x000002d0                EVSYS_2_Handler
                0x000002d0                SUPC_0_Handler
                0x000002d0                BusFault_Handler
                0x000002d0                FREQM_Handler
                0x000002d0                TC0_Handler
                0x000002d0                TCC0_3_Handler
                0x000002d0                DMAC_3_Handler
                0x000002d0                DebugMonitor_Handler
                0x000002d0                TCC0_4_Handler
                0x000002d0                TC5_Handler
                0x000002d0                AES_Handler
                0x000002d0                ICM_Handler
 *fill*         0x000002d2        0x2 
 .text.Reset_Handler
                0x000002d4       0x7c Device_Startup/startup_same54.o
                0x000002d4                Reset_Handler
 .text.MSG_OUT  0x00000350       0x1c Diag/diag_task.o
                0x00000350                MSG_OUT
 .text.DEBUG_MSG
                0x0000036c       0xe4 Diag/diag_task.o
                0x0000036c                DEBUG_MSG
 .text.print_debug
                0x00000450       0x68 Diag/diag_task.o
                0x00000450                print_debug
 .text.msg_init
                0x000004b8       0x3c Diag/diag_task.o
                0x000004b8                msg_init
 .text.diag_task
                0x000004f4       0x38 Diag/diag_task.o
                0x000004f4                diag_task
 .text.io_write
                0x0000052c       0x34 hal/src/hal_io.o
                0x0000052c                io_write
 .text.io_read  0x00000560       0x34 hal/src/hal_io.o
                0x00000560                io_read
 .text.usart_sync_write
                0x00000594       0x70 hal/src/hal_usart_sync.o
 .text.usart_sync_read
                0x00000604       0x5c hal/src/hal_usart_sync.o
 .text.usart_sync_init
                0x00000660       0x4c hal/src/hal_usart_sync.o
                0x00000660                usart_sync_init
 .text.usart_sync_enable
                0x000006ac       0x2c hal/src/hal_usart_sync.o
                0x000006ac                usart_sync_enable
 .text.assert   0x000006d8        0x6 hal/utils/src/utils_assert.o
                0x000006d8                assert
 *fill*         0x000006de        0x2 
 .text._sbrk    0x000006e0       0x24 hal/utils/src/utils_syscalls.o
                0x000006e0                _sbrk
 .text._close   0x00000704        0x6 hal/utils/src/utils_syscalls.o
                0x00000704                _close
 .text._fstat   0x0000070a        0xa hal/utils/src/utils_syscalls.o
                0x0000070a                _fstat
 .text._isatty  0x00000714        0x4 hal/utils/src/utils_syscalls.o
                0x00000714                _isatty
 .text._lseek   0x00000718        0x4 hal/utils/src/utils_syscalls.o
                0x00000718                _lseek
 .text._init_chip
                0x0000071c       0x3c hpl/core/hpl_init.o
                0x0000071c                _init_chip
 .text._gclk_init_generators_by_fref
                0x00000758       0x24 hpl/gclk/hpl_gclk.o
                0x00000758                _gclk_init_generators_by_fref
 .text._mclk_init
                0x0000077c        0xc hpl/mclk/hpl_mclk.o
                0x0000077c                _mclk_init
 .text._osc32kctrl_init_sources
                0x00000788       0x14 hpl/osc32kctrl/hpl_osc32kctrl.o
                0x00000788                _osc32kctrl_init_sources
 .text._oscctrl_init_sources
                0x0000079c       0x1c hpl/oscctrl/hpl_oscctrl.o
                0x0000079c                _oscctrl_init_sources
 .text._oscctrl_init_referenced_generators
                0x000007b8        0x2 hpl/oscctrl/hpl_oscctrl.o
                0x000007b8                _oscctrl_init_referenced_generators
 *fill*         0x000007ba        0x2 
 .text.RAMECC_Handler
                0x000007bc       0x44 hpl/ramecc/hpl_ramecc.o
                0x000007bc                RAMECC_Handler
 .text._sercom_get_hardware_index
                0x00000800       0x40 hpl/sercom/hpl_sercom.o
 .text._sercom_usart_interrupt_handler
                0x00000840       0x70 hpl/sercom/hpl_sercom.o
 .text._get_sercom_index
                0x000008b0       0x44 hpl/sercom/hpl_sercom.o
 .text._usart_init
                0x000008f4      0x100 hpl/sercom/hpl_sercom.o
 .text._usart_sync_init
                0x000009f4       0x2c hpl/sercom/hpl_sercom.o
                0x000009f4                _usart_sync_init
 .text._usart_sync_enable
                0x00000a20       0x14 hpl/sercom/hpl_sercom.o
                0x00000a20                _usart_sync_enable
 .text._usart_sync_write_byte
                0x00000a34        0x6 hpl/sercom/hpl_sercom.o
                0x00000a34                _usart_sync_write_byte
 .text._usart_sync_read_byte
                0x00000a3a        0x8 hpl/sercom/hpl_sercom.o
                0x00000a3a                _usart_sync_read_byte
 .text._usart_sync_is_ready_to_send
                0x00000a42        0xa hpl/sercom/hpl_sercom.o
                0x00000a42                _usart_sync_is_ready_to_send
 .text._usart_sync_is_transmit_done
                0x00000a4c        0xa hpl/sercom/hpl_sercom.o
                0x00000a4c                _usart_sync_is_transmit_done
 .text._usart_sync_is_byte_received
                0x00000a56        0xa hpl/sercom/hpl_sercom.o
                0x00000a56                _usart_sync_is_byte_received
 .text.SERCOM2_0_Handler
                0x00000a60       0x14 hpl/sercom/hpl_sercom.o
                0x00000a60                SERCOM2_0_Handler
 .text.SERCOM2_1_Handler
                0x00000a74       0x14 hpl/sercom/hpl_sercom.o
                0x00000a74                SERCOM2_1_Handler
 .text.SERCOM2_2_Handler
                0x00000a88       0x14 hpl/sercom/hpl_sercom.o
                0x00000a88                SERCOM2_2_Handler
 .text.SERCOM2_3_Handler
                0x00000a9c       0x14 hpl/sercom/hpl_sercom.o
                0x00000a9c                SERCOM2_3_Handler
 .text.main     0x00000ab0       0xa4 main.o
                0x00000ab0                main
 .text.network_task
                0x00000b54       0x2c Network/network_task.o
                0x00000b54                network_task
 .text.TARGET_IO_PORT_init
                0x00000b80       0x48 platform.o
                0x00000b80                TARGET_IO_PORT_init
 .text.TARGET_IO_CLOCK_init
                0x00000bc8       0x24 platform.o
                0x00000bc8                TARGET_IO_CLOCK_init
 .text.TARGET_IO_init
                0x00000bec       0x2c platform.o
                0x00000bec                TARGET_IO_init
 .text.gpio_configuration
                0x00000c18       0x34 platform.o
                0x00000c18                gpio_configuration
 .text.stdio_redirect_init
                0x00000c4c       0x20 platform.o
                0x00000c4c                stdio_redirect_init
 .text.platform_init
                0x00000c6c       0x24 platform.o
                0x00000c6c                platform_init
 .text._read    0x00000c90       0x24 stdio_direct/gcc/read.o
                0x00000c90                _read
 .text._write   0x00000cb4       0x28 stdio_direct/gcc/write.o
                0x00000cb4                _write
 .text.stdio_io_init
                0x00000cdc       0x2c stdio_direct/stdio_io.o
                0x00000cdc                stdio_io_init
 .text.stdio_io_read
                0x00000d08       0x24 stdio_direct/stdio_io.o
                0x00000d08                stdio_io_read
 .text.stdio_io_write
                0x00000d2c       0x24 stdio_direct/stdio_io.o
                0x00000d2c                stdio_io_write
 .text.vListInitialise
                0x00000d50       0x16 thirdparty/RTOS/freertos/FreeRTOSV10.0.0/Source/list.o
                0x00000d50                vListInitialise
 .text.vListInitialiseItem
                0x00000d66        0x6 thirdparty/RTOS/freertos/FreeRTOSV10.0.0/Source/list.o
                0x00000d66                vListInitialiseItem
 .text.vListInsert
                0x00000d6c       0x34 thirdparty/RTOS/freertos/FreeRTOSV10.0.0/Source/list.o
                0x00000d6c                vListInsert
 .text.uxListRemove
                0x00000da0       0x26 thirdparty/RTOS/freertos/FreeRTOSV10.0.0/Source/list.o
                0x00000da0                uxListRemove
 *fill*         0x00000dc6        0x2 
 .text.prvTaskExitError
                0x00000dc8       0x40 thirdparty/RTOS/freertos/FreeRTOSV10.0.0/Source/portable/GCC/ARM_CM4F/port.o
 *fill*         0x00000e08        0x8 
 .text.SVCall_Handler
                0x00000e10       0x24 thirdparty/RTOS/freertos/FreeRTOSV10.0.0/Source/portable/GCC/ARM_CM4F/port.o
                0x00000e10                SVCall_Handler
 .text.prvPortStartFirstTask
                0x00000e34       0x28 thirdparty/RTOS/freertos/FreeRTOSV10.0.0/Source/portable/GCC/ARM_CM4F/port.o
 *fill*         0x00000e5c        0x4 
 .text.PendSV_Handler
                0x00000e60       0x64 thirdparty/RTOS/freertos/FreeRTOSV10.0.0/Source/portable/GCC/ARM_CM4F/port.o
                0x00000e60                PendSV_Handler
 .text.vPortEnableVFP
                0x00000ec4       0x14 thirdparty/RTOS/freertos/FreeRTOSV10.0.0/Source/portable/GCC/ARM_CM4F/port.o
 .text.pxPortInitialiseStack
                0x00000ed8       0x2c thirdparty/RTOS/freertos/FreeRTOSV10.0.0/Source/portable/GCC/ARM_CM4F/port.o
                0x00000ed8                pxPortInitialiseStack
 .text.vPortEnterCritical
                0x00000f04       0x44 thirdparty/RTOS/freertos/FreeRTOSV10.0.0/Source/portable/GCC/ARM_CM4F/port.o
                0x00000f04                vPortEnterCritical
 .text.vPortExitCritical
                0x00000f48       0x2c thirdparty/RTOS/freertos/FreeRTOSV10.0.0/Source/portable/GCC/ARM_CM4F/port.o
                0x00000f48                vPortExitCritical
 .text.SysTick_Handler
                0x00000f74       0x30 thirdparty/RTOS/freertos/FreeRTOSV10.0.0/Source/portable/GCC/ARM_CM4F/port.o
                0x00000f74                SysTick_Handler
 .text.vPortSetupTimerInterrupt
                0x00000fa4       0x24 thirdparty/RTOS/freertos/FreeRTOSV10.0.0/Source/portable/GCC/ARM_CM4F/port.o
                0x00000fa4                vPortSetupTimerInterrupt
 .text.xPortStartScheduler
                0x00000fc8      0x194 thirdparty/RTOS/freertos/FreeRTOSV10.0.0/Source/portable/GCC/ARM_CM4F/port.o
                0x00000fc8                xPortStartScheduler
 .text.prvHeapInit
                0x0000115c       0x2c thirdparty/RTOS/freertos/FreeRTOSV10.0.0/Source/portable/MemMang/heap_2.o
 .text.pvPortMalloc
                0x00001188       0xe4 thirdparty/RTOS/freertos/FreeRTOSV10.0.0/Source/portable/MemMang/heap_2.o
                0x00001188                pvPortMalloc
 .text.vPortFree
                0x0000126c       0x88 thirdparty/RTOS/freertos/FreeRTOSV10.0.0/Source/portable/MemMang/heap_2.o
                0x0000126c                vPortFree
 .text.prvGetDisinheritPriorityAfterTimeout
                0x000012f4       0x12 thirdparty/RTOS/freertos/FreeRTOSV10.0.0/Source/queue.o
 *fill*         0x00001306        0x2 
 .text.prvIsQueueFull
                0x00001308       0x28 thirdparty/RTOS/freertos/FreeRTOSV10.0.0/Source/queue.o
 .text.prvIsQueueEmpty
                0x00001330       0x24 thirdparty/RTOS/freertos/FreeRTOSV10.0.0/Source/queue.o
 .text.prvCopyDataToQueue
                0x00001354       0x80 thirdparty/RTOS/freertos/FreeRTOSV10.0.0/Source/queue.o
 .text.prvCopyDataFromQueue
                0x000013d4       0x28 thirdparty/RTOS/freertos/FreeRTOSV10.0.0/Source/queue.o
 .text.prvNotifyQueueSetContainer
                0x000013fc       0xa8 thirdparty/RTOS/freertos/FreeRTOSV10.0.0/Source/queue.o
 .text.prvUnlockQueue
                0x000014a4       0x98 thirdparty/RTOS/freertos/FreeRTOSV10.0.0/Source/queue.o
 .text.xQueueGenericReset
                0x0000153c       0xc0 thirdparty/RTOS/freertos/FreeRTOSV10.0.0/Source/queue.o
                0x0000153c                xQueueGenericReset
 .text.prvInitialiseNewQueue
                0x000015fc       0x2c thirdparty/RTOS/freertos/FreeRTOSV10.0.0/Source/queue.o
 .text.xQueueGenericCreateStatic
                0x00001628       0x70 thirdparty/RTOS/freertos/FreeRTOSV10.0.0/Source/queue.o
                0x00001628                xQueueGenericCreateStatic
 .text.xQueueGenericCreate
                0x00001698       0x64 thirdparty/RTOS/freertos/FreeRTOSV10.0.0/Source/queue.o
                0x00001698                xQueueGenericCreate
 .text.xQueueGenericSend
                0x000016fc      0x1e4 thirdparty/RTOS/freertos/FreeRTOSV10.0.0/Source/queue.o
                0x000016fc                xQueueGenericSend
 .text.prvInitialiseMutex
                0x000018e0       0x1c thirdparty/RTOS/freertos/FreeRTOSV10.0.0/Source/queue.o
 .text.xQueueCreateMutex
                0x000018fc       0x20 thirdparty/RTOS/freertos/FreeRTOSV10.0.0/Source/queue.o
                0x000018fc                xQueueCreateMutex
 .text.xQueueReceive
                0x0000191c      0x18c thirdparty/RTOS/freertos/FreeRTOSV10.0.0/Source/queue.o
                0x0000191c                xQueueReceive
 .text.xQueueSemaphoreTake
                0x00001aa8      0x1cc thirdparty/RTOS/freertos/FreeRTOSV10.0.0/Source/queue.o
                0x00001aa8                xQueueSemaphoreTake
 .text.vQueueWaitForMessageRestricted
                0x00001c74       0x64 thirdparty/RTOS/freertos/FreeRTOSV10.0.0/Source/queue.o
                0x00001c74                vQueueWaitForMessageRestricted
 .text.prvIdleTask
                0x00001cd8       0x24 thirdparty/RTOS/freertos/FreeRTOSV10.0.0/Source/tasks.o
 .text.prvResetNextTaskUnblockTime
                0x00001cfc       0x2c thirdparty/RTOS/freertos/FreeRTOSV10.0.0/Source/tasks.o
 .text.prvInitialiseNewTask
                0x00001d28       0xa4 thirdparty/RTOS/freertos/FreeRTOSV10.0.0/Source/tasks.o
 .text.prvCreateStaticTask
                0x00001dcc       0x94 thirdparty/RTOS/freertos/FreeRTOSV10.0.0/Source/tasks.o
 .text.prvInitialiseTaskLists
                0x00001e60       0x50 thirdparty/RTOS/freertos/FreeRTOSV10.0.0/Source/tasks.o
 .text.prvAddNewTaskToReadyList
                0x00001eb0       0xe0 thirdparty/RTOS/freertos/FreeRTOSV10.0.0/Source/tasks.o
 .text.prvAddCurrentTaskToDelayedList
                0x00001f90       0xac thirdparty/RTOS/freertos/FreeRTOSV10.0.0/Source/tasks.o
 .text.xTaskCreateStatic
                0x0000203c       0x34 thirdparty/RTOS/freertos/FreeRTOSV10.0.0/Source/tasks.o
                0x0000203c                xTaskCreateStatic
 .text.vTaskSuspendAll
                0x00002070       0x14 thirdparty/RTOS/freertos/FreeRTOSV10.0.0/Source/tasks.o
                0x00002070                vTaskSuspendAll
 .text.xTaskGetTickCount
                0x00002084        0xc thirdparty/RTOS/freertos/FreeRTOSV10.0.0/Source/tasks.o
                0x00002084                xTaskGetTickCount
 .text.uxTaskGetNumberOfTasks
                0x00002090        0xc thirdparty/RTOS/freertos/FreeRTOSV10.0.0/Source/tasks.o
                0x00002090                uxTaskGetNumberOfTasks
 .text.xTaskIncrementTick
                0x0000209c      0x184 thirdparty/RTOS/freertos/FreeRTOSV10.0.0/Source/tasks.o
                0x0000209c                xTaskIncrementTick
 .text.xTaskResumeAll
                0x00002220      0x178 thirdparty/RTOS/freertos/FreeRTOSV10.0.0/Source/tasks.o
                0x00002220                xTaskResumeAll
 .text.vTaskDelay
                0x00002398       0x60 thirdparty/RTOS/freertos/FreeRTOSV10.0.0/Source/tasks.o
                0x00002398                vTaskDelay
 .text.vTaskSwitchContext
                0x000023f8       0x94 thirdparty/RTOS/freertos/FreeRTOSV10.0.0/Source/tasks.o
                0x000023f8                vTaskSwitchContext
 .text.vTaskPlaceOnEventList
                0x0000248c       0x3c thirdparty/RTOS/freertos/FreeRTOSV10.0.0/Source/tasks.o
                0x0000248c                vTaskPlaceOnEventList
 .text.vTaskPlaceOnEventListRestricted
                0x000024c8       0x64 thirdparty/RTOS/freertos/FreeRTOSV10.0.0/Source/tasks.o
                0x000024c8                vTaskPlaceOnEventListRestricted
 .text.xTaskRemoveFromEventList
                0x0000252c       0xfc thirdparty/RTOS/freertos/FreeRTOSV10.0.0/Source/tasks.o
                0x0000252c                xTaskRemoveFromEventList
 .text.vTaskInternalSetTimeOutState
                0x00002628       0x14 thirdparty/RTOS/freertos/FreeRTOSV10.0.0/Source/tasks.o
                0x00002628                vTaskInternalSetTimeOutState
 .text.xTaskCheckForTimeOut
                0x0000263c       0x90 thirdparty/RTOS/freertos/FreeRTOSV10.0.0/Source/tasks.o
                0x0000263c                xTaskCheckForTimeOut
 .text.vTaskMissedYield
                0x000026cc       0x10 thirdparty/RTOS/freertos/FreeRTOSV10.0.0/Source/tasks.o
                0x000026cc                vTaskMissedYield
 .text.xTaskGetSchedulerState
                0x000026dc       0x20 thirdparty/RTOS/freertos/FreeRTOSV10.0.0/Source/tasks.o
                0x000026dc                xTaskGetSchedulerState
 .text.xTaskPriorityInherit
                0x000026fc       0xc8 thirdparty/RTOS/freertos/FreeRTOSV10.0.0/Source/tasks.o
                0x000026fc                xTaskPriorityInherit
 .text.xTaskPriorityDisinherit
                0x000027c4       0xb8 thirdparty/RTOS/freertos/FreeRTOSV10.0.0/Source/tasks.o
                0x000027c4                xTaskPriorityDisinherit
 .text.vTaskPriorityDisinheritAfterTimeout
                0x0000287c       0xcc thirdparty/RTOS/freertos/FreeRTOSV10.0.0/Source/tasks.o
                0x0000287c                vTaskPriorityDisinheritAfterTimeout
 .text.pvTaskIncrementMutexHeldCount
                0x00002948       0x14 thirdparty/RTOS/freertos/FreeRTOSV10.0.0/Source/tasks.o
                0x00002948                pvTaskIncrementMutexHeldCount
 .text.vApplicationGetIdleTaskMemory
                0x0000295c       0x20 thirdparty/RTOS/freertos/FreeRTOSV10.0.0/Source/tasks.o
                0x0000295c                vApplicationGetIdleTaskMemory
 .text.prvCreateIdleTasks
                0x0000297c       0x70 thirdparty/RTOS/freertos/FreeRTOSV10.0.0/Source/tasks.o
 .text.vTaskStartScheduler
                0x000029ec       0x74 thirdparty/RTOS/freertos/FreeRTOSV10.0.0/Source/tasks.o
                0x000029ec                vTaskStartScheduler
 .text.vApplicationGetTimerTaskMemory
                0x00002a60       0x1c thirdparty/RTOS/freertos/FreeRTOSV10.0.0/Source/tasks.o
                0x00002a60                vApplicationGetTimerTaskMemory
 .text.prvGetNextExpireTime
                0x00002a7c       0x20 thirdparty/RTOS/freertos/FreeRTOSV10.0.0/Source/timers.o
 .text.prvInsertTimerInActiveList
                0x00002a9c       0x48 thirdparty/RTOS/freertos/FreeRTOSV10.0.0/Source/timers.o
 .text.prvReloadTimer
                0x00002ae4       0x2c thirdparty/RTOS/freertos/FreeRTOSV10.0.0/Source/timers.o
 .text.prvProcessExpiredTimer
                0x00002b10       0x48 thirdparty/RTOS/freertos/FreeRTOSV10.0.0/Source/timers.o
 .text.prvSwitchTimerLists
                0x00002b58       0x2c thirdparty/RTOS/freertos/FreeRTOSV10.0.0/Source/timers.o
 .text.prvSampleTimeNow
                0x00002b84       0x34 thirdparty/RTOS/freertos/FreeRTOSV10.0.0/Source/timers.o
 .text.prvProcessTimerOrBlockTask
                0x00002bb8       0x84 thirdparty/RTOS/freertos/FreeRTOSV10.0.0/Source/timers.o
 .text.prvProcessReceivedCommands
                0x00002c3c      0x114 thirdparty/RTOS/freertos/FreeRTOSV10.0.0/Source/timers.o
 .text.prvTimerTask
                0x00002d50       0x24 thirdparty/RTOS/freertos/FreeRTOSV10.0.0/Source/timers.o
 .text.prvCheckForValidListAndQueue
                0x00002d74       0x5c thirdparty/RTOS/freertos/FreeRTOSV10.0.0/Source/timers.o
 .text.xTimerCreateTimerTask
                0x00002dd0       0x74 thirdparty/RTOS/freertos/FreeRTOSV10.0.0/Source/timers.o
                0x00002dd0                xTimerCreateTimerTask
 .text.usb_task
                0x00002e44       0x2c USB/usb_task.o
                0x00002e44                usb_task
 .text.__libc_init_array
                0x00002e70       0x48 c:/program files (x86)/atmel/studio/7.0/toolchain/arm/arm-gnu-toolchain/bin/../lib/gcc/arm-none-eabi/6.3.1/../../../../arm-none-eabi/lib/thumb/v7e-m\libc_nano.a(lib_a-init.o)
                0x00002e70                __libc_init_array
 .text.memcpy   0x00002eb8       0x16 c:/program files (x86)/atmel/studio/7.0/toolchain/arm/arm-gnu-toolchain/bin/../lib/gcc/arm-none-eabi/6.3.1/../../../../arm-none-eabi/lib/thumb/v7e-m\libc_nano.a(lib_a-memcpy-stub.o)
                0x00002eb8                memcpy
 .text.memset   0x00002ece       0x10 c:/program files (x86)/atmel/studio/7.0/toolchain/arm/arm-gnu-toolchain/bin/../lib/gcc/arm-none-eabi/6.3.1/../../../../arm-none-eabi/lib/thumb/v7e-m\libc_nano.a(lib_a-memset.o)
                0x00002ece                memset
 *fill*         0x00002ede        0x2 
 .text._puts_r  0x00002ee0       0xb8 c:/program files (x86)/atmel/studio/7.0/toolchain/arm/arm-gnu-toolchain/bin/../lib/gcc/arm-none-eabi/6.3.1/../../../../arm-none-eabi/lib/thumb/v7e-m\libc_nano.a(lib_a-puts.o)
                0x00002ee0                _puts_r
 .text.puts     0x00002f98       0x10 c:/program files (x86)/atmel/studio/7.0/toolchain/arm/arm-gnu-toolchain/bin/../lib/gcc/arm-none-eabi/6.3.1/../../../../arm-none-eabi/lib/thumb/v7e-m\libc_nano.a(lib_a-puts.o)
                0x00002f98                puts
 .text.setbuf   0x00002fa8       0x10 c:/program files (x86)/atmel/studio/7.0/toolchain/arm/arm-gnu-toolchain/bin/../lib/gcc/arm-none-eabi/6.3.1/../../../../arm-none-eabi/lib/thumb/v7e-m\libc_nano.a(lib_a-setbuf.o)
                0x00002fa8                setbuf
 .text.setvbuf  0x00002fb8      0x15c c:/program files (x86)/atmel/studio/7.0/toolchain/arm/arm-gnu-toolchain/bin/../lib/gcc/arm-none-eabi/6.3.1/../../../../arm-none-eabi/lib/thumb/v7e-m\libc_nano.a(lib_a-setvbuf.o)
                0x00002fb8                setvbuf
 .text          0x00003114       0x10 c:/program files (x86)/atmel/studio/7.0/toolchain/arm/arm-gnu-toolchain/bin/../lib/gcc/arm-none-eabi/6.3.1/../../../../arm-none-eabi/lib/thumb/v7e-m\libc_nano.a(lib_a-strlen.o)
                0x00003114                strlen
 .text._vsprintf_r
                0x00003124       0x30 c:/program files (x86)/atmel/studio/7.0/toolchain/arm/arm-gnu-toolchain/bin/../lib/gcc/arm-none-eabi/6.3.1/../../../../arm-none-eabi/lib/thumb/v7e-m\libc_nano.a(lib_a-vsprintf.o)
                0x00003124                _vsprintf_r
                0x00003124                _vsiprintf_r
 .text.vsprintf
                0x00003154       0x14 c:/program files (x86)/atmel/studio/7.0/toolchain/arm/arm-gnu-toolchain/bin/../lib/gcc/arm-none-eabi/6.3.1/../../../../arm-none-eabi/lib/thumb/v7e-m\libc_nano.a(lib_a-vsprintf.o)
                0x00003154                vsiprintf
                0x00003154                vsprintf
 .text.__swbuf_r
                0x00003168       0xa4 c:/program files (x86)/atmel/studio/7.0/toolchain/arm/arm-gnu-toolchain/bin/../lib/gcc/arm-none-eabi/6.3.1/../../../../arm-none-eabi/lib/thumb/v7e-m\libc_nano.a(lib_a-wbuf.o)
                0x00003168                __swbuf_r
 .text.__swsetup_r
                0x0000320c       0xdc c:/program files (x86)/atmel/studio/7.0/toolchain/arm/arm-gnu-toolchain/bin/../lib/gcc/arm-none-eabi/6.3.1/../../../../arm-none-eabi/lib/thumb/v7e-m\libc_nano.a(lib_a-wsetup.o)
                0x0000320c                __swsetup_r
 .text.__sflush_r
                0x000032e8      0x110 c:/program files (x86)/atmel/studio/7.0/toolchain/arm/arm-gnu-toolchain/bin/../lib/gcc/arm-none-eabi/6.3.1/../../../../arm-none-eabi/lib/thumb/v7e-m\libc_nano.a(lib_a-fflush.o)
                0x000032e8                __sflush_r
 .text._fflush_r
                0x000033f8       0x54 c:/program files (x86)/atmel/studio/7.0/toolchain/arm/arm-gnu-toolchain/bin/../lib/gcc/arm-none-eabi/6.3.1/../../../../arm-none-eabi/lib/thumb/v7e-m\libc_nano.a(lib_a-fflush.o)
                0x000033f8                _fflush_r
 .text._cleanup_r
                0x0000344c        0xc c:/program files (x86)/atmel/studio/7.0/toolchain/arm/arm-gnu-toolchain/bin/../lib/gcc/arm-none-eabi/6.3.1/../../../../arm-none-eabi/lib/thumb/v7e-m\libc_nano.a(lib_a-findfp.o)
                0x0000344c                _cleanup_r
 .text.std.isra.0
                0x00003458       0x48 c:/program files (x86)/atmel/studio/7.0/toolchain/arm/arm-gnu-toolchain/bin/../lib/gcc/arm-none-eabi/6.3.1/../../../../arm-none-eabi/lib/thumb/v7e-m\libc_nano.a(lib_a-findfp.o)
 .text.__sfmoreglue
                0x000034a0       0x2c c:/program files (x86)/atmel/studio/7.0/toolchain/arm/arm-gnu-toolchain/bin/../lib/gcc/arm-none-eabi/6.3.1/../../../../arm-none-eabi/lib/thumb/v7e-m\libc_nano.a(lib_a-findfp.o)
                0x000034a0                __sfmoreglue
 .text.__sinit  0x000034cc       0x60 c:/program files (x86)/atmel/studio/7.0/toolchain/arm/arm-gnu-toolchain/bin/../lib/gcc/arm-none-eabi/6.3.1/../../../../arm-none-eabi/lib/thumb/v7e-m\libc_nano.a(lib_a-findfp.o)
                0x000034cc                __sinit
 .text.__sfp    0x0000352c       0x78 c:/program files (x86)/atmel/studio/7.0/toolchain/arm/arm-gnu-toolchain/bin/../lib/gcc/arm-none-eabi/6.3.1/../../../../arm-none-eabi/lib/thumb/v7e-m\libc_nano.a(lib_a-findfp.o)
                0x0000352c                __sfp
 .text._fwalk_reent
                0x000035a4       0x3c c:/program files (x86)/atmel/studio/7.0/toolchain/arm/arm-gnu-toolchain/bin/../lib/gcc/arm-none-eabi/6.3.1/../../../../arm-none-eabi/lib/thumb/v7e-m\libc_nano.a(lib_a-fwalk.o)
                0x000035a4                _fwalk_reent
 .text.__swhatbuf_r
                0x000035e0       0x48 c:/program files (x86)/atmel/studio/7.0/toolchain/arm/arm-gnu-toolchain/bin/../lib/gcc/arm-none-eabi/6.3.1/../../../../arm-none-eabi/lib/thumb/v7e-m\libc_nano.a(lib_a-makebuf.o)
                0x000035e0                __swhatbuf_r
 .text.__smakebuf_r
                0x00003628       0x80 c:/program files (x86)/atmel/studio/7.0/toolchain/arm/arm-gnu-toolchain/bin/../lib/gcc/arm-none-eabi/6.3.1/../../../../arm-none-eabi/lib/thumb/v7e-m\libc_nano.a(lib_a-makebuf.o)
                0x00003628                __smakebuf_r
 .text.malloc   0x000036a8       0x10 c:/program files (x86)/atmel/studio/7.0/toolchain/arm/arm-gnu-toolchain/bin/../lib/gcc/arm-none-eabi/6.3.1/../../../../arm-none-eabi/lib/thumb/v7e-m\libc_nano.a(lib_a-malloc.o)
                0x000036a8                malloc
 .text._free_r  0x000036b8       0x9c c:/program files (x86)/atmel/studio/7.0/toolchain/arm/arm-gnu-toolchain/bin/../lib/gcc/arm-none-eabi/6.3.1/../../../../arm-none-eabi/lib/thumb/v7e-m\libc_nano.a(lib_a-nano-freer.o)
                0x000036b8                _free_r
 .text._malloc_r
                0x00003754       0xbc c:/program files (x86)/atmel/studio/7.0/toolchain/arm/arm-gnu-toolchain/bin/../lib/gcc/arm-none-eabi/6.3.1/../../../../arm-none-eabi/lib/thumb/v7e-m\libc_nano.a(lib_a-nano-mallocr.o)
                0x00003754                _malloc_r
 .text.__ssputs_r
                0x00003810       0xb6 c:/program files (x86)/atmel/studio/7.0/toolchain/arm/arm-gnu-toolchain/bin/../lib/gcc/arm-none-eabi/6.3.1/../../../../arm-none-eabi/lib/thumb/v7e-m\libc_nano.a(lib_a-nano-svfprintf.o)
                0x00003810                __ssputs_r
 *fill*         0x000038c6        0x2 
 .text._svfprintf_r
                0x000038c8      0x1e8 c:/program files (x86)/atmel/studio/7.0/toolchain/arm/arm-gnu-toolchain/bin/../lib/gcc/arm-none-eabi/6.3.1/../../../../arm-none-eabi/lib/thumb/v7e-m\libc_nano.a(lib_a-nano-svfprintf.o)
                0x000038c8                _svfiprintf_r
                0x000038c8                _svfprintf_r
 .text._printf_common
                0x00003ab0       0xec c:/program files (x86)/atmel/studio/7.0/toolchain/arm/arm-gnu-toolchain/bin/../lib/gcc/arm-none-eabi/6.3.1/../../../../arm-none-eabi/lib/thumb/v7e-m\libc_nano.a(lib_a-nano-vfprintf_i.o)
                0x00003ab0                _printf_common
 .text._printf_i
                0x00003b9c      0x240 c:/program files (x86)/atmel/studio/7.0/toolchain/arm/arm-gnu-toolchain/bin/../lib/gcc/arm-none-eabi/6.3.1/../../../../arm-none-eabi/lib/thumb/v7e-m\libc_nano.a(lib_a-nano-vfprintf_i.o)
                0x00003b9c                _printf_i
 .text._sbrk_r  0x00003ddc       0x20 c:/program files (x86)/atmel/studio/7.0/toolchain/arm/arm-gnu-toolchain/bin/../lib/gcc/arm-none-eabi/6.3.1/../../../../arm-none-eabi/lib/thumb/v7e-m\libc_nano.a(lib_a-sbrkr.o)
                0x00003ddc                _sbrk_r
 .text.__sread  0x00003dfc       0x22 c:/program files (x86)/atmel/studio/7.0/toolchain/arm/arm-gnu-toolchain/bin/../lib/gcc/arm-none-eabi/6.3.1/../../../../arm-none-eabi/lib/thumb/v7e-m\libc_nano.a(lib_a-stdio.o)
                0x00003dfc                __sread
 .text.__swrite
                0x00003e1e       0x38 c:/program files (x86)/atmel/studio/7.0/toolchain/arm/arm-gnu-toolchain/bin/../lib/gcc/arm-none-eabi/6.3.1/../../../../arm-none-eabi/lib/thumb/v7e-m\libc_nano.a(lib_a-stdio.o)
                0x00003e1e                __swrite
 .text.__sseek  0x00003e56       0x24 c:/program files (x86)/atmel/studio/7.0/toolchain/arm/arm-gnu-toolchain/bin/../lib/gcc/arm-none-eabi/6.3.1/../../../../arm-none-eabi/lib/thumb/v7e-m\libc_nano.a(lib_a-stdio.o)
                0x00003e56                __sseek
 .text.__sclose
                0x00003e7a        0x8 c:/program files (x86)/atmel/studio/7.0/toolchain/arm/arm-gnu-toolchain/bin/../lib/gcc/arm-none-eabi/6.3.1/../../../../arm-none-eabi/lib/thumb/v7e-m\libc_nano.a(lib_a-stdio.o)
                0x00003e7a                __sclose
 *fill*         0x00003e82        0x2 
 .text._write_r
                0x00003e84       0x24 c:/program files (x86)/atmel/studio/7.0/toolchain/arm/arm-gnu-toolchain/bin/../lib/gcc/arm-none-eabi/6.3.1/../../../../arm-none-eabi/lib/thumb/v7e-m\libc_nano.a(lib_a-writer.o)
                0x00003e84                _write_r
 .text._close_r
                0x00003ea8       0x20 c:/program files (x86)/atmel/studio/7.0/toolchain/arm/arm-gnu-toolchain/bin/../lib/gcc/arm-none-eabi/6.3.1/../../../../arm-none-eabi/lib/thumb/v7e-m\libc_nano.a(lib_a-closer.o)
                0x00003ea8                _close_r
 .text._fstat_r
                0x00003ec8       0x24 c:/program files (x86)/atmel/studio/7.0/toolchain/arm/arm-gnu-toolchain/bin/../lib/gcc/arm-none-eabi/6.3.1/../../../../arm-none-eabi/lib/thumb/v7e-m\libc_nano.a(lib_a-fstatr.o)
                0x00003ec8                _fstat_r
 .text._isatty_r
                0x00003eec       0x20 c:/program files (x86)/atmel/studio/7.0/toolchain/arm/arm-gnu-toolchain/bin/../lib/gcc/arm-none-eabi/6.3.1/../../../../arm-none-eabi/lib/thumb/v7e-m\libc_nano.a(lib_a-isattyr.o)
                0x00003eec                _isatty_r
 .text._lseek_r
                0x00003f0c       0x24 c:/program files (x86)/atmel/studio/7.0/toolchain/arm/arm-gnu-toolchain/bin/../lib/gcc/arm-none-eabi/6.3.1/../../../../arm-none-eabi/lib/thumb/v7e-m\libc_nano.a(lib_a-lseekr.o)
                0x00003f0c                _lseek_r
 .text          0x00003f30       0xa0 c:/program files (x86)/atmel/studio/7.0/toolchain/arm/arm-gnu-toolchain/bin/../lib/gcc/arm-none-eabi/6.3.1/../../../../arm-none-eabi/lib/thumb/v7e-m\libc_nano.a(lib_a-memchr.o)
                0x00003f30                memchr
 .text.memmove  0x00003fd0       0x34 c:/program files (x86)/atmel/studio/7.0/toolchain/arm/arm-gnu-toolchain/bin/../lib/gcc/arm-none-eabi/6.3.1/../../../../arm-none-eabi/lib/thumb/v7e-m\libc_nano.a(lib_a-memmove.o)
                0x00003fd0                memmove
 .text.__malloc_lock
                0x00004004        0x2 c:/program files (x86)/atmel/studio/7.0/toolchain/arm/arm-gnu-toolchain/bin/../lib/gcc/arm-none-eabi/6.3.1/../../../../arm-none-eabi/lib/thumb/v7e-m\libc_nano.a(lib_a-mlock.o)
                0x00004004                __malloc_lock
 .text.__malloc_unlock
                0x00004006        0x2 c:/program files (x86)/atmel/studio/7.0/toolchain/arm/arm-gnu-toolchain/bin/../lib/gcc/arm-none-eabi/6.3.1/../../../../arm-none-eabi/lib/thumb/v7e-m\libc_nano.a(lib_a-mlock.o)
                0x00004006                __malloc_unlock
 .text._realloc_r
                0x00004008       0x4c c:/program files (x86)/atmel/studio/7.0/toolchain/arm/arm-gnu-toolchain/bin/../lib/gcc/arm-none-eabi/6.3.1/../../../../arm-none-eabi/lib/thumb/v7e-m\libc_nano.a(lib_a-nano-reallocr.o)
                0x00004008                _realloc_r
 .text._read_r  0x00004054       0x24 c:/program files (x86)/atmel/studio/7.0/toolchain/arm/arm-gnu-toolchain/bin/../lib/gcc/arm-none-eabi/6.3.1/../../../../arm-none-eabi/lib/thumb/v7e-m\libc_nano.a(lib_a-readr.o)
                0x00004054                _read_r
 .text._malloc_usable_size_r
                0x00004078       0x12 c:/program files (x86)/atmel/studio/7.0/toolchain/arm/arm-gnu-toolchain/bin/../lib/gcc/arm-none-eabi/6.3.1/../../../../arm-none-eabi/lib/thumb/v7e-m\libc_nano.a(lib_a-nano-msizer.o)
                0x00004078                _malloc_usable_size_r
 *(.glue_7t)
 .glue_7t       0x0000408a        0x0 linker stubs
 *(.glue_7)
 .glue_7        0x0000408a        0x0 linker stubs
 *(.rodata .rodata* .gnu.linkonce.r.*)
 *fill*         0x0000408a        0x2 
 .rodata.str1.4
                0x0000408c       0x16 Diag/diag_task.o
 *fill*         0x000040a2        0x2 
 .rodata.str1.4
                0x000040a4       0x14 hal/src/hal_io.o
 .rodata.str1.4
                0x000040b8       0x1c hal/src/hal_usart_sync.o
 .rodata        0x000040d4       0x71 hpl/sercom/hpl_sercom.o
 *fill*         0x00004145        0x3 
 .rodata.str1.4
                0x00004148       0x1b hpl/sercom/hpl_sercom.o
 *fill*         0x00004163        0x1 
 .rodata.str1.4
                0x00004164       0x39 main.o
 *fill*         0x0000419d        0x3 
 .rodata.str1.4
                0x000041a0       0x13 Network/network_task.o
 *fill*         0x000041b3        0x1 
 .rodata.str1.4
                0x000041b4       0x15 thirdparty/RTOS/freertos/FreeRTOSV10.0.0/Source/tasks.o
 *fill*         0x000041c9        0x3 
 .rodata.str1.4
                0x000041cc        0x8 thirdparty/RTOS/freertos/FreeRTOSV10.0.0/Source/timers.o
 .rodata.str1.4
                0x000041d4       0x10 USB/usb_task.o
                                  0xf (size before relaxing)
 .rodata._global_impure_ptr
                0x000041e4        0x4 c:/program files (x86)/atmel/studio/7.0/toolchain/arm/arm-gnu-toolchain/bin/../lib/gcc/arm-none-eabi/6.3.1/../../../../arm-none-eabi/lib/thumb/v7e-m\libc_nano.a(lib_a-impure.o)
                0x000041e4                _global_impure_ptr
 .rodata.__sf_fake_stderr
                0x000041e8       0x20 c:/program files (x86)/atmel/studio/7.0/toolchain/arm/arm-gnu-toolchain/bin/../lib/gcc/arm-none-eabi/6.3.1/../../../../arm-none-eabi/lib/thumb/v7e-m\libc_nano.a(lib_a-findfp.o)
                0x000041e8                __sf_fake_stderr
 .rodata.__sf_fake_stdin
                0x00004208       0x20 c:/program files (x86)/atmel/studio/7.0/toolchain/arm/arm-gnu-toolchain/bin/../lib/gcc/arm-none-eabi/6.3.1/../../../../arm-none-eabi/lib/thumb/v7e-m\libc_nano.a(lib_a-findfp.o)
                0x00004208                __sf_fake_stdin
 .rodata.__sf_fake_stdout
                0x00004228       0x20 c:/program files (x86)/atmel/studio/7.0/toolchain/arm/arm-gnu-toolchain/bin/../lib/gcc/arm-none-eabi/6.3.1/../../../../arm-none-eabi/lib/thumb/v7e-m\libc_nano.a(lib_a-findfp.o)
                0x00004228                __sf_fake_stdout
 .rodata._svfprintf_r.str1.1
                0x00004248       0x11 c:/program files (x86)/atmel/studio/7.0/toolchain/arm/arm-gnu-toolchain/bin/../lib/gcc/arm-none-eabi/6.3.1/../../../../arm-none-eabi/lib/thumb/v7e-m\libc_nano.a(lib_a-nano-svfprintf.o)
 .rodata._printf_i.str1.1
                0x00004259       0x22 c:/program files (x86)/atmel/studio/7.0/toolchain/arm/arm-gnu-toolchain/bin/../lib/gcc/arm-none-eabi/6.3.1/../../../../arm-none-eabi/lib/thumb/v7e-m\libc_nano.a(lib_a-nano-vfprintf_i.o)
 *(.ARM.extab* .gnu.linkonce.armextab.*)
                0x0000427c                . = ALIGN (0x4)
 *fill*         0x0000427b        0x1 
 *(.init)
 .init          0x0000427c        0x4 c:/program files (x86)/atmel/studio/7.0/toolchain/arm/arm-gnu-toolchain/bin/../lib/gcc/arm-none-eabi/6.3.1/thumb/v7e-m/crti.o
                0x0000427c                _init
 .init          0x00004280        0x8 c:/program files (x86)/atmel/studio/7.0/toolchain/arm/arm-gnu-toolchain/bin/../lib/gcc/arm-none-eabi/6.3.1/thumb/v7e-m/crtn.o
                0x00004288                . = ALIGN (0x4)
                0x00004288                __preinit_array_start = .
 *(.preinit_array)
                0x00004288                __preinit_array_end = .
                0x00004288                . = ALIGN (0x4)
                0x00004288                __init_array_start = .
 *(SORT(.init_array.*))
 *(.init_array)
 .init_array    0x00004288        0x4 c:/program files (x86)/atmel/studio/7.0/toolchain/arm/arm-gnu-toolchain/bin/../lib/gcc/arm-none-eabi/6.3.1/thumb/v7e-m/crtbegin.o
                0x0000428c                __init_array_end = .
                0x0000428c                . = ALIGN (0x4)
 *crtbegin.o(.ctors)
 *(EXCLUDE_FILE(*crtend.o) .ctors)
 *(SORT(.ctors.*))
 *crtend.o(.ctors)
                0x0000428c                . = ALIGN (0x4)
 *(.fini)
 .fini          0x0000428c        0x4 c:/program files (x86)/atmel/studio/7.0/toolchain/arm/arm-gnu-toolchain/bin/../lib/gcc/arm-none-eabi/6.3.1/thumb/v7e-m/crti.o
                0x0000428c                _fini
 .fini          0x00004290        0x8 c:/program files (x86)/atmel/studio/7.0/toolchain/arm/arm-gnu-toolchain/bin/../lib/gcc/arm-none-eabi/6.3.1/thumb/v7e-m/crtn.o
                0x00004298                . = ALIGN (0x4)
                0x00004298                __fini_array_start = .
 *(.fini_array)
 .fini_array    0x00004298        0x4 c:/program files (x86)/atmel/studio/7.0/toolchain/arm/arm-gnu-toolchain/bin/../lib/gcc/arm-none-eabi/6.3.1/thumb/v7e-m/crtbegin.o
 *(SORT(.fini_array.*))
                0x0000429c                __fini_array_end = .
 *crtbegin.o(.dtors)
 *(EXCLUDE_FILE(*crtend.o) .dtors)
 *(SORT(.dtors.*))
 *crtend.o(.dtors)
                0x0000429c                . = ALIGN (0x4)
                0x0000429c                _efixed = .
                [!provide]                PROVIDE (__exidx_start, .)

.vfp11_veneer   0x0000429c        0x0
 .vfp11_veneer  0x0000429c        0x0 linker stubs

.v4_bx          0x0000429c        0x0
 .v4_bx         0x0000429c        0x0 linker stubs

.iplt           0x0000429c        0x0
 .iplt          0x0000429c        0x0 c:/program files (x86)/atmel/studio/7.0/toolchain/arm/arm-gnu-toolchain/bin/../lib/gcc/arm-none-eabi/6.3.1/thumb/v7e-m/crtbegin.o

.eh_frame       0x0000429c        0x0
 .eh_frame      0x0000429c        0x0 c:/program files (x86)/atmel/studio/7.0/toolchain/arm/arm-gnu-toolchain/bin/../lib/gcc/arm-none-eabi/6.3.1/thumb/v7e-m/crtbegin.o

.rel.dyn        0x0000429c        0x0
 .rel.iplt      0x0000429c        0x0 c:/program files (x86)/atmel/studio/7.0/toolchain/arm/arm-gnu-toolchain/bin/../lib/gcc/arm-none-eabi/6.3.1/thumb/v7e-m/crtbegin.o

.jcr            0x0000429c        0x0
 .jcr           0x0000429c        0x0 c:/program files (x86)/atmel/studio/7.0/toolchain/arm/arm-gnu-toolchain/bin/../lib/gcc/arm-none-eabi/6.3.1/thumb/v7e-m/crtbegin.o

.igot.plt       0x0000429c        0x0
 .igot.plt      0x0000429c        0x0 c:/program files (x86)/atmel/studio/7.0/toolchain/arm/arm-gnu-toolchain/bin/../lib/gcc/arm-none-eabi/6.3.1/thumb/v7e-m/crtbegin.o

.ARM.exidx
 *(.ARM.exidx* .gnu.linkonce.armexidx.*)
                [!provide]                PROVIDE (__exidx_end, .)
                0x0000429c                . = ALIGN (0x4)
                0x0000429c                _etext = .

.relocate       0x20000000       0x70 load address 0x0000429c
                0x20000000                . = ALIGN (0x4)
                0x20000000                _srelocate = .
 *(.ramfunc .ramfunc.*)
 *(.data .data.*)
 .data          0x20000000        0x4 thirdparty/RTOS/freertos/FreeRTOSV10.0.0/Source/portable/GCC/ARM_CM4F/port.o
 .data          0x20000004        0x4 thirdparty/RTOS/freertos/FreeRTOSV10.0.0/Source/portable/MemMang/heap_2.o
 .data          0x20000008        0x4 thirdparty/RTOS/freertos/FreeRTOSV10.0.0/Source/tasks.o
 .data._impure_ptr
                0x2000000c        0x4 c:/program files (x86)/atmel/studio/7.0/toolchain/arm/arm-gnu-toolchain/bin/../lib/gcc/arm-none-eabi/6.3.1/../../../../arm-none-eabi/lib/thumb/v7e-m\libc_nano.a(lib_a-impure.o)
                0x2000000c                _impure_ptr
 .data.impure_data
                0x20000010       0x60 c:/program files (x86)/atmel/studio/7.0/toolchain/arm/arm-gnu-toolchain/bin/../lib/gcc/arm-none-eabi/6.3.1/../../../../arm-none-eabi/lib/thumb/v7e-m\libc_nano.a(lib_a-impure.o)
                0x20000070                . = ALIGN (0x4)
                0x20000070                _erelocate = .

.bkupram        0x47000000        0x0
                0x47000000                . = ALIGN (0x8)
                0x47000000                _sbkupram = .
 *(.bkupram .bkupram.*)
                0x47000000                . = ALIGN (0x8)
                0x47000000                _ebkupram = .

.qspi           0x04000000        0x0
                0x04000000                . = ALIGN (0x8)
                0x04000000                _sqspi = .
 *(.qspi .qspi.*)
                0x04000000                . = ALIGN (0x8)
                0x04000000                _eqspi = .

.bss            0x20000070     0x62c4 load address 0x0000430c
                0x20000070                . = ALIGN (0x4)
                0x20000070                _sbss = .
                0x20000070                _szero = .
 *(.bss .bss.*)
 .bss           0x20000070       0x1c c:/program files (x86)/atmel/studio/7.0/toolchain/arm/arm-gnu-toolchain/bin/../lib/gcc/arm-none-eabi/6.3.1/thumb/v7e-m/crtbegin.o
 .bss           0x2000008c        0x4 Diag/diag_task.o
 .bss           0x20000090        0x4 hal/utils/src/utils_syscalls.o
 .bss           0x20000094        0x4 hpl/sercom/hpl_sercom.o
 .bss           0x20000098     0x30fc main.o
 .bss           0x20003194        0x4 stdio_direct/stdio_io.o
 .bss           0x20003198        0x8 thirdparty/RTOS/freertos/FreeRTOSV10.0.0/Source/portable/GCC/ARM_CM4F/port.o
 .bss           0x200031a0      0x974 thirdparty/RTOS/freertos/FreeRTOSV10.0.0/Source/portable/MemMang/heap_2.o
 .bss           0x20003b14     0x1290 thirdparty/RTOS/freertos/FreeRTOSV10.0.0/Source/tasks.o
                0x20003bd8                pxCurrentTCB
 .bss           0x20004da4       0xa8 thirdparty/RTOS/freertos/FreeRTOSV10.0.0/Source/timers.o
 .bss.__malloc_free_list
                0x20004e4c        0x4 c:/program files (x86)/atmel/studio/7.0/toolchain/arm/arm-gnu-toolchain/bin/../lib/gcc/arm-none-eabi/6.3.1/../../../../arm-none-eabi/lib/thumb/v7e-m\libc_nano.a(lib_a-nano-mallocr.o)
                0x20004e4c                __malloc_free_list
 .bss.__malloc_sbrk_start
                0x20004e50        0x4 c:/program files (x86)/atmel/studio/7.0/toolchain/arm/arm-gnu-toolchain/bin/../lib/gcc/arm-none-eabi/6.3.1/../../../../arm-none-eabi/lib/thumb/v7e-m\libc_nano.a(lib_a-nano-mallocr.o)
                0x20004e50                __malloc_sbrk_start
 *(COMMON)
 COMMON         0x20004e54     0x14c0 Diag/diag_task.o
                0x20004e54                msg
                0x200062b0                debug
 COMMON         0x20006314       0x10 hpl/ramecc/hpl_ramecc.o
                0x20006314                device
 COMMON         0x20006324        0xc platform.o
                0x20006324                TARGET_IO
 COMMON         0x20006330        0x4 c:/program files (x86)/atmel/studio/7.0/toolchain/arm/arm-gnu-toolchain/bin/../lib/gcc/arm-none-eabi/6.3.1/../../../../arm-none-eabi/lib/thumb/v7e-m\libc_nano.a(lib_a-reent.o)
                0x20006330                errno
                0x20006334                . = ALIGN (0x4)
                0x20006334                _ebss = .
                0x20006334                _ezero = .

.stack          0x20006334    0x10004 load address 0x0000a5d0
                0x20006338                . = ALIGN (0x8)
 *fill*         0x20006334        0x4 
                0x20006338                _sstack = .
                0x20016338                . = (. + STACK_SIZE)
 *fill*         0x20006338    0x10000 
                0x20016338                . = ALIGN (0x8)
                0x20016338                _estack = .
                0x20016338                . = ALIGN (0x4)
                0x20016338                _end = .
OUTPUT(RTOS_Hub.elf elf32-littlearm)

.ARM.attributes
                0x00000000       0x2e
 .ARM.attributes
                0x00000000       0x1e c:/program files (x86)/atmel/studio/7.0/toolchain/arm/arm-gnu-toolchain/bin/../lib/gcc/arm-none-eabi/6.3.1/thumb/v7e-m/crti.o
 .ARM.attributes
                0x0000001e       0x2e c:/program files (x86)/atmel/studio/7.0/toolchain/arm/arm-gnu-toolchain/bin/../lib/gcc/arm-none-eabi/6.3.1/thumb/v7e-m/crtbegin.o
 .ARM.attributes
                0x0000004c       0x37 Device_Startup/startup_same54.o
 .ARM.attributes
                0x00000083       0x37 Diag/diag_task.o
 .ARM.attributes
                0x000000ba       0x37 hal/src/hal_io.o
 .ARM.attributes
                0x000000f1       0x37 hal/src/hal_usart_sync.o
 .ARM.attributes
                0x00000128       0x37 hal/utils/src/utils_assert.o
 .ARM.attributes
                0x0000015f       0x37 hal/utils/src/utils_syscalls.o
 .ARM.attributes
                0x00000196       0x37 hpl/core/hpl_init.o
 .ARM.attributes
                0x000001cd       0x37 hpl/gclk/hpl_gclk.o
 .ARM.attributes
                0x00000204       0x37 hpl/mclk/hpl_mclk.o
 .ARM.attributes
                0x0000023b       0x37 hpl/osc32kctrl/hpl_osc32kctrl.o
 .ARM.attributes
                0x00000272       0x37 hpl/oscctrl/hpl_oscctrl.o
 .ARM.attributes
                0x000002a9       0x37 hpl/ramecc/hpl_ramecc.o
 .ARM.attributes
                0x000002e0       0x37 hpl/sercom/hpl_sercom.o
 .ARM.attributes
                0x00000317       0x37 main.o
 .ARM.attributes
                0x0000034e       0x37 Network/network_task.o
 .ARM.attributes
                0x00000385       0x37 platform.o
 .ARM.attributes
                0x000003bc       0x37 stdio_direct/gcc/read.o
 .ARM.attributes
                0x000003f3       0x37 stdio_direct/gcc/write.o
 .ARM.attributes
                0x0000042a       0x37 stdio_direct/stdio_io.o
 .ARM.attributes
                0x00000461       0x37 thirdparty/RTOS/freertos/FreeRTOSV10.0.0/Source/list.o
 .ARM.attributes
                0x00000498       0x37 thirdparty/RTOS/freertos/FreeRTOSV10.0.0/Source/portable/GCC/ARM_CM4F/port.o
 .ARM.attributes
                0x000004cf       0x37 thirdparty/RTOS/freertos/FreeRTOSV10.0.0/Source/portable/MemMang/heap_2.o
 .ARM.attributes
                0x00000506       0x37 thirdparty/RTOS/freertos/FreeRTOSV10.0.0/Source/queue.o
 .ARM.attributes
                0x0000053d       0x37 thirdparty/RTOS/freertos/FreeRTOSV10.0.0/Source/tasks.o
 .ARM.attributes
                0x00000574       0x37 thirdparty/RTOS/freertos/FreeRTOSV10.0.0/Source/timers.o
 .ARM.attributes
                0x000005ab       0x37 USB/usb_task.o
 .ARM.attributes
                0x000005e2       0x2e c:/program files (x86)/atmel/studio/7.0/toolchain/arm/arm-gnu-toolchain/bin/../lib/gcc/arm-none-eabi/6.3.1/../../../../arm-none-eabi/lib/thumb/v7e-m\libc_nano.a(lib_a-impure.o)
 .ARM.attributes
                0x00000610       0x2e c:/program files (x86)/atmel/studio/7.0/toolchain/arm/arm-gnu-toolchain/bin/../lib/gcc/arm-none-eabi/6.3.1/../../../../arm-none-eabi/lib/thumb/v7e-m\libc_nano.a(lib_a-init.o)
 .ARM.attributes
                0x0000063e       0x2e c:/program files (x86)/atmel/studio/7.0/toolchain/arm/arm-gnu-toolchain/bin/../lib/gcc/arm-none-eabi/6.3.1/../../../../arm-none-eabi/lib/thumb/v7e-m\libc_nano.a(lib_a-memcpy-stub.o)
 .ARM.attributes
                0x0000066c       0x2e c:/program files (x86)/atmel/studio/7.0/toolchain/arm/arm-gnu-toolchain/bin/../lib/gcc/arm-none-eabi/6.3.1/../../../../arm-none-eabi/lib/thumb/v7e-m\libc_nano.a(lib_a-memset.o)
 .ARM.attributes
                0x0000069a       0x2e c:/program files (x86)/atmel/studio/7.0/toolchain/arm/arm-gnu-toolchain/bin/../lib/gcc/arm-none-eabi/6.3.1/../../../../arm-none-eabi/lib/thumb/v7e-m\libc_nano.a(lib_a-puts.o)
 .ARM.attributes
                0x000006c8       0x2e c:/program files (x86)/atmel/studio/7.0/toolchain/arm/arm-gnu-toolchain/bin/../lib/gcc/arm-none-eabi/6.3.1/../../../../arm-none-eabi/lib/thumb/v7e-m\libc_nano.a(lib_a-setbuf.o)
 .ARM.attributes
                0x000006f6       0x2e c:/program files (x86)/atmel/studio/7.0/toolchain/arm/arm-gnu-toolchain/bin/../lib/gcc/arm-none-eabi/6.3.1/../../../../arm-none-eabi/lib/thumb/v7e-m\libc_nano.a(lib_a-setvbuf.o)
 .ARM.attributes
                0x00000724       0x17 c:/program files (x86)/atmel/studio/7.0/toolchain/arm/arm-gnu-toolchain/bin/../lib/gcc/arm-none-eabi/6.3.1/../../../../arm-none-eabi/lib/thumb/v7e-m\libc_nano.a(lib_a-strlen.o)
 .ARM.attributes
                0x0000073b       0x2e c:/program files (x86)/atmel/studio/7.0/toolchain/arm/arm-gnu-toolchain/bin/../lib/gcc/arm-none-eabi/6.3.1/../../../../arm-none-eabi/lib/thumb/v7e-m\libc_nano.a(lib_a-vsprintf.o)
 .ARM.attributes
                0x00000769       0x2e c:/program files (x86)/atmel/studio/7.0/toolchain/arm/arm-gnu-toolchain/bin/../lib/gcc/arm-none-eabi/6.3.1/../../../../arm-none-eabi/lib/thumb/v7e-m\libc_nano.a(lib_a-wbuf.o)
 .ARM.attributes
                0x00000797       0x2e c:/program files (x86)/atmel/studio/7.0/toolchain/arm/arm-gnu-toolchain/bin/../lib/gcc/arm-none-eabi/6.3.1/../../../../arm-none-eabi/lib/thumb/v7e-m\libc_nano.a(lib_a-wsetup.o)
 .ARM.attributes
                0x000007c5       0x2e c:/program files (x86)/atmel/studio/7.0/toolchain/arm/arm-gnu-toolchain/bin/../lib/gcc/arm-none-eabi/6.3.1/../../../../arm-none-eabi/lib/thumb/v7e-m\libc_nano.a(lib_a-fflush.o)
 .ARM.attributes
                0x000007f3       0x2e c:/program files (x86)/atmel/studio/7.0/toolchain/arm/arm-gnu-toolchain/bin/../lib/gcc/arm-none-eabi/6.3.1/../../../../arm-none-eabi/lib/thumb/v7e-m\libc_nano.a(lib_a-findfp.o)
 .ARM.attributes
                0x00000821       0x2e c:/program files (x86)/atmel/studio/7.0/toolchain/arm/arm-gnu-toolchain/bin/../lib/gcc/arm-none-eabi/6.3.1/../../../../arm-none-eabi/lib/thumb/v7e-m\libc_nano.a(lib_a-fwalk.o)
 .ARM.attributes
                0x0000084f       0x2e c:/program files (x86)/atmel/studio/7.0/toolchain/arm/arm-gnu-toolchain/bin/../lib/gcc/arm-none-eabi/6.3.1/../../../../arm-none-eabi/lib/thumb/v7e-m\libc_nano.a(lib_a-makebuf.o)
 .ARM.attributes
                0x0000087d       0x2e c:/program files (x86)/atmel/studio/7.0/toolchain/arm/arm-gnu-toolchain/bin/../lib/gcc/arm-none-eabi/6.3.1/../../../../arm-none-eabi/lib/thumb/v7e-m\libc_nano.a(lib_a-malloc.o)
 .ARM.attributes
                0x000008ab       0x2e c:/program files (x86)/atmel/studio/7.0/toolchain/arm/arm-gnu-toolchain/bin/../lib/gcc/arm-none-eabi/6.3.1/../../../../arm-none-eabi/lib/thumb/v7e-m\libc_nano.a(lib_a-nano-freer.o)
 .ARM.attributes
                0x000008d9       0x2e c:/program files (x86)/atmel/studio/7.0/toolchain/arm/arm-gnu-toolchain/bin/../lib/gcc/arm-none-eabi/6.3.1/../../../../arm-none-eabi/lib/thumb/v7e-m\libc_nano.a(lib_a-nano-mallocr.o)
 .ARM.attributes
                0x00000907       0x2e c:/program files (x86)/atmel/studio/7.0/toolchain/arm/arm-gnu-toolchain/bin/../lib/gcc/arm-none-eabi/6.3.1/../../../../arm-none-eabi/lib/thumb/v7e-m\libc_nano.a(lib_a-nano-svfprintf.o)
 .ARM.attributes
                0x00000935       0x2e c:/program files (x86)/atmel/studio/7.0/toolchain/arm/arm-gnu-toolchain/bin/../lib/gcc/arm-none-eabi/6.3.1/../../../../arm-none-eabi/lib/thumb/v7e-m\libc_nano.a(lib_a-nano-vfprintf_i.o)
 .ARM.attributes
                0x00000963       0x2e c:/program files (x86)/atmel/studio/7.0/toolchain/arm/arm-gnu-toolchain/bin/../lib/gcc/arm-none-eabi/6.3.1/../../../../arm-none-eabi/lib/thumb/v7e-m\libc_nano.a(lib_a-sbrkr.o)
 .ARM.attributes
                0x00000991       0x2e c:/program files (x86)/atmel/studio/7.0/toolchain/arm/arm-gnu-toolchain/bin/../lib/gcc/arm-none-eabi/6.3.1/../../../../arm-none-eabi/lib/thumb/v7e-m\libc_nano.a(lib_a-stdio.o)
 .ARM.attributes
                0x000009bf       0x2e c:/program files (x86)/atmel/studio/7.0/toolchain/arm/arm-gnu-toolchain/bin/../lib/gcc/arm-none-eabi/6.3.1/../../../../arm-none-eabi/lib/thumb/v7e-m\libc_nano.a(lib_a-writer.o)
 .ARM.attributes
                0x000009ed       0x2e c:/program files (x86)/atmel/studio/7.0/toolchain/arm/arm-gnu-toolchain/bin/../lib/gcc/arm-none-eabi/6.3.1/../../../../arm-none-eabi/lib/thumb/v7e-m\libc_nano.a(lib_a-closer.o)
 .ARM.attributes
                0x00000a1b       0x2e c:/program files (x86)/atmel/studio/7.0/toolchain/arm/arm-gnu-toolchain/bin/../lib/gcc/arm-none-eabi/6.3.1/../../../../arm-none-eabi/lib/thumb/v7e-m\libc_nano.a(lib_a-fstatr.o)
 .ARM.attributes
                0x00000a49       0x2e c:/program files (x86)/atmel/studio/7.0/toolchain/arm/arm-gnu-toolchain/bin/../lib/gcc/arm-none-eabi/6.3.1/../../../../arm-none-eabi/lib/thumb/v7e-m\libc_nano.a(lib_a-isattyr.o)
 .ARM.attributes
                0x00000a77       0x2e c:/program files (x86)/atmel/studio/7.0/toolchain/arm/arm-gnu-toolchain/bin/../lib/gcc/arm-none-eabi/6.3.1/../../../../arm-none-eabi/lib/thumb/v7e-m\libc_nano.a(lib_a-lseekr.o)
 .ARM.attributes
                0x00000aa5       0x1c c:/program files (x86)/atmel/studio/7.0/toolchain/arm/arm-gnu-toolchain/bin/../lib/gcc/arm-none-eabi/6.3.1/../../../../arm-none-eabi/lib/thumb/v7e-m\libc_nano.a(lib_a-memchr.o)
 .ARM.attributes
                0x00000ac1       0x2e c:/program files (x86)/atmel/studio/7.0/toolchain/arm/arm-gnu-toolchain/bin/../lib/gcc/arm-none-eabi/6.3.1/../../../../arm-none-eabi/lib/thumb/v7e-m\libc_nano.a(lib_a-memmove.o)
 .ARM.attributes
                0x00000aef       0x2e c:/program files (x86)/atmel/studio/7.0/toolchain/arm/arm-gnu-toolchain/bin/../lib/gcc/arm-none-eabi/6.3.1/../../../../arm-none-eabi/lib/thumb/v7e-m\libc_nano.a(lib_a-mlock.o)
 .ARM.attributes
                0x00000b1d       0x2e c:/program files (x86)/atmel/studio/7.0/toolchain/arm/arm-gnu-toolchain/bin/../lib/gcc/arm-none-eabi/6.3.1/../../../../arm-none-eabi/lib/thumb/v7e-m\libc_nano.a(lib_a-nano-reallocr.o)
 .ARM.attributes
                0x00000b4b       0x2e c:/program files (x86)/atmel/studio/7.0/toolchain/arm/arm-gnu-toolchain/bin/../lib/gcc/arm-none-eabi/6.3.1/../../../../arm-none-eabi/lib/thumb/v7e-m\libc_nano.a(lib_a-readr.o)
 .ARM.attributes
                0x00000b79       0x2e c:/program files (x86)/atmel/studio/7.0/toolchain/arm/arm-gnu-toolchain/bin/../lib/gcc/arm-none-eabi/6.3.1/../../../../arm-none-eabi/lib/thumb/v7e-m\libc_nano.a(lib_a-reent.o)
 .ARM.attributes
                0x00000ba7       0x2e c:/program files (x86)/atmel/studio/7.0/toolchain/arm/arm-gnu-toolchain/bin/../lib/gcc/arm-none-eabi/6.3.1/../../../../arm-none-eabi/lib/thumb/v7e-m\libc_nano.a(lib_a-nano-msizer.o)
 .ARM.attributes
                0x00000bd5       0x1e c:/program files (x86)/atmel/studio/7.0/toolchain/arm/arm-gnu-toolchain/bin/../lib/gcc/arm-none-eabi/6.3.1/thumb/v7e-m/crtn.o

.comment        0x00000000       0x59
 .comment       0x00000000       0x59 Device_Startup/startup_same54.o
                                 0x5a (size before relaxing)
 .comment       0x00000059       0x5a Diag/diag_task.o
 .comment       0x00000059       0x5a hal/src/hal_io.o
 .comment       0x00000059       0x5a hal/src/hal_usart_sync.o
 .comment       0x00000059       0x5a hal/utils/src/utils_assert.o
 .comment       0x00000059       0x5a hal/utils/src/utils_syscalls.o
 .comment       0x00000059       0x5a hpl/core/hpl_init.o
 .comment       0x00000059       0x5a hpl/gclk/hpl_gclk.o
 .comment       0x00000059       0x5a hpl/mclk/hpl_mclk.o
 .comment       0x00000059       0x5a hpl/osc32kctrl/hpl_osc32kctrl.o
 .comment       0x00000059       0x5a hpl/oscctrl/hpl_oscctrl.o
 .comment       0x00000059       0x5a hpl/ramecc/hpl_ramecc.o
 .comment       0x00000059       0x5a hpl/sercom/hpl_sercom.o
 .comment       0x00000059       0x5a main.o
 .comment       0x00000059       0x5a Network/network_task.o
 .comment       0x00000059       0x5a platform.o
 .comment       0x00000059       0x5a stdio_direct/gcc/read.o
 .comment       0x00000059       0x5a stdio_direct/gcc/write.o
 .comment       0x00000059       0x5a stdio_direct/stdio_io.o
 .comment       0x00000059       0x5a thirdparty/RTOS/freertos/FreeRTOSV10.0.0/Source/list.o
 .comment       0x00000059       0x5a thirdparty/RTOS/freertos/FreeRTOSV10.0.0/Source/portable/GCC/ARM_CM4F/port.o
 .comment       0x00000059       0x5a thirdparty/RTOS/freertos/FreeRTOSV10.0.0/Source/portable/MemMang/heap_2.o
 .comment       0x00000059       0x5a thirdparty/RTOS/freertos/FreeRTOSV10.0.0/Source/queue.o
 .comment       0x00000059       0x5a thirdparty/RTOS/freertos/FreeRTOSV10.0.0/Source/tasks.o
 .comment       0x00000059       0x5a thirdparty/RTOS/freertos/FreeRTOSV10.0.0/Source/timers.o
 .comment       0x00000059       0x5a USB/usb_task.o

.debug_info     0x00000000    0x26e54
 .debug_info    0x00000000      0xd7d Device_Startup/startup_same54.o
 .debug_info    0x00000d7d      0xdff Diag/diag_task.o
 .debug_info    0x00001b7c      0x2c5 hal/src/hal_io.o
 .debug_info    0x00001e41      0xcc9 hal/src/hal_usart_sync.o
 .debug_info    0x00002b0a      0x130 hal/utils/src/utils_assert.o
 .debug_info    0x00002c3a      0xdca hal/utils/src/utils_syscalls.o
 .debug_info    0x00003a04      0xbce hpl/core/hpl_init.o
 .debug_info    0x000045d2      0x5e7 hpl/gclk/hpl_gclk.o
 .debug_info    0x00004bb9      0xa55 hpl/mclk/hpl_mclk.o
 .debug_info    0x0000560e      0x714 hpl/osc32kctrl/hpl_osc32kctrl.o
 .debug_info    0x00005d22     0x110d hpl/oscctrl/hpl_oscctrl.o
 .debug_info    0x00006e2f      0xc15 hpl/ramecc/hpl_ramecc.o
 .debug_info    0x00007a44     0xbffb hpl/sercom/hpl_sercom.o
 .debug_info    0x00013a3f      0xd20 main.o
 .debug_info    0x0001475f      0xa1e Network/network_task.o
 .debug_info    0x0001517d     0x4080 platform.o
 .debug_info    0x000191fd      0xa5d stdio_direct/gcc/read.o
 .debug_info    0x00019c5a      0xa5d stdio_direct/gcc/write.o
 .debug_info    0x0001a6b7      0xbf7 stdio_direct/stdio_io.o
 .debug_info    0x0001b2ae      0xbd9 thirdparty/RTOS/freertos/FreeRTOSV10.0.0/Source/list.o
 .debug_info    0x0001be87      0x658 thirdparty/RTOS/freertos/FreeRTOSV10.0.0/Source/portable/GCC/ARM_CM4F/port.o
 .debug_info    0x0001c4df      0xd54 thirdparty/RTOS/freertos/FreeRTOSV10.0.0/Source/portable/MemMang/heap_2.o
 .debug_info    0x0001d233     0x3295 thirdparty/RTOS/freertos/FreeRTOSV10.0.0/Source/queue.o
 .debug_info    0x000204c8     0x3d84 thirdparty/RTOS/freertos/FreeRTOSV10.0.0/Source/tasks.o
 .debug_info    0x0002424c     0x21eb thirdparty/RTOS/freertos/FreeRTOSV10.0.0/Source/timers.o
 .debug_info    0x00026437      0xa1d USB/usb_task.o

.debug_abbrev   0x00000000     0x3eca
 .debug_abbrev  0x00000000      0x171 Device_Startup/startup_same54.o
 .debug_abbrev  0x00000171      0x2d0 Diag/diag_task.o
 .debug_abbrev  0x00000441      0x12d hal/src/hal_io.o
 .debug_abbrev  0x0000056e      0x22f hal/src/hal_usart_sync.o
 .debug_abbrev  0x0000079d       0x9e hal/utils/src/utils_assert.o
 .debug_abbrev  0x0000083b      0x269 hal/utils/src/utils_syscalls.o
 .debug_abbrev  0x00000aa4      0x1dd hpl/core/hpl_init.o
 .debug_abbrev  0x00000c81      0x1b8 hpl/gclk/hpl_gclk.o
 .debug_abbrev  0x00000e39      0x1bd hpl/mclk/hpl_mclk.o
 .debug_abbrev  0x00000ff6      0x1fc hpl/osc32kctrl/hpl_osc32kctrl.o
 .debug_abbrev  0x000011f2      0x1de hpl/oscctrl/hpl_oscctrl.o
 .debug_abbrev  0x000013d0      0x2c8 hpl/ramecc/hpl_ramecc.o
 .debug_abbrev  0x00001698      0x5e8 hpl/sercom/hpl_sercom.o
 .debug_abbrev  0x00001c80      0x20e main.o
 .debug_abbrev  0x00001e8e      0x1d6 Network/network_task.o
 .debug_abbrev  0x00002064      0x374 platform.o
 .debug_abbrev  0x000023d8      0x1ef stdio_direct/gcc/read.o
 .debug_abbrev  0x000025c7      0x1ef stdio_direct/gcc/write.o
 .debug_abbrev  0x000027b6      0x230 stdio_direct/stdio_io.o
 .debug_abbrev  0x000029e6      0x21a thirdparty/RTOS/freertos/FreeRTOSV10.0.0/Source/list.o
 .debug_abbrev  0x00002c00      0x241 thirdparty/RTOS/freertos/FreeRTOSV10.0.0/Source/portable/GCC/ARM_CM4F/port.o
 .debug_abbrev  0x00002e41      0x344 thirdparty/RTOS/freertos/FreeRTOSV10.0.0/Source/portable/MemMang/heap_2.o
 .debug_abbrev  0x00003185      0x394 thirdparty/RTOS/freertos/FreeRTOSV10.0.0/Source/queue.o
 .debug_abbrev  0x00003519      0x452 thirdparty/RTOS/freertos/FreeRTOSV10.0.0/Source/tasks.o
 .debug_abbrev  0x0000396b      0x389 thirdparty/RTOS/freertos/FreeRTOSV10.0.0/Source/timers.o
 .debug_abbrev  0x00003cf4      0x1d6 USB/usb_task.o

.debug_loc      0x00000000     0xfe3d
 .debug_loc     0x00000000       0x78 Device_Startup/startup_same54.o
 .debug_loc     0x00000078      0x199 Diag/diag_task.o
 .debug_loc     0x00000211      0x17e hal/src/hal_io.o
 .debug_loc     0x0000038f      0x95c hal/src/hal_usart_sync.o
 .debug_loc     0x00000ceb      0x13b hal/utils/src/utils_syscalls.o
 .debug_loc     0x00000e26       0x4c hpl/core/hpl_init.o
 .debug_loc     0x00000e72       0x72 hpl/gclk/hpl_gclk.o
 .debug_loc     0x00000ee4       0x2c hpl/mclk/hpl_mclk.o
 .debug_loc     0x00000f10       0x95 hpl/osc32kctrl/hpl_osc32kctrl.o
 .debug_loc     0x00000fa5       0x18 hpl/oscctrl/hpl_oscctrl.o
 .debug_loc     0x00000fbd      0x130 hpl/ramecc/hpl_ramecc.o
 .debug_loc     0x000010ed     0x7d03 hpl/sercom/hpl_sercom.o
 .debug_loc     0x00008df0       0x2c main.o
 .debug_loc     0x00008e1c       0x41 Network/network_task.o
 .debug_loc     0x00008e5d      0x3af platform.o
 .debug_loc     0x0000920c       0xff stdio_direct/gcc/read.o
 .debug_loc     0x0000930b       0xf3 stdio_direct/gcc/write.o
 .debug_loc     0x000093fe      0x185 stdio_direct/stdio_io.o
 .debug_loc     0x00009583       0x9c thirdparty/RTOS/freertos/FreeRTOSV10.0.0/Source/list.o
 .debug_loc     0x0000961f      0x1aa thirdparty/RTOS/freertos/FreeRTOSV10.0.0/Source/portable/GCC/ARM_CM4F/port.o
 .debug_loc     0x000097c9      0x302 thirdparty/RTOS/freertos/FreeRTOSV10.0.0/Source/portable/MemMang/heap_2.o
 .debug_loc     0x00009acb     0x2050 thirdparty/RTOS/freertos/FreeRTOSV10.0.0/Source/queue.o
 .debug_loc     0x0000bb1b     0x2f36 thirdparty/RTOS/freertos/FreeRTOSV10.0.0/Source/tasks.o
 .debug_loc     0x0000ea51     0x13ab thirdparty/RTOS/freertos/FreeRTOSV10.0.0/Source/timers.o
 .debug_loc     0x0000fdfc       0x41 USB/usb_task.o

.debug_aranges  0x00000000      0xea8
 .debug_aranges
                0x00000000       0x28 Device_Startup/startup_same54.o
 .debug_aranges
                0x00000028       0x40 Diag/diag_task.o
 .debug_aranges
                0x00000068       0x30 hal/src/hal_io.o
 .debug_aranges
                0x00000098       0xa8 hal/src/hal_usart_sync.o
 .debug_aranges
                0x00000140       0x20 hal/utils/src/utils_assert.o
 .debug_aranges
                0x00000160       0x60 hal/utils/src/utils_syscalls.o
 .debug_aranges
                0x000001c0       0x20 hpl/core/hpl_init.o
 .debug_aranges
                0x000001e0       0x28 hpl/gclk/hpl_gclk.o
 .debug_aranges
                0x00000208       0x20 hpl/mclk/hpl_mclk.o
 .debug_aranges
                0x00000228       0x20 hpl/osc32kctrl/hpl_osc32kctrl.o
 .debug_aranges
                0x00000248       0x28 hpl/oscctrl/hpl_oscctrl.o
 .debug_aranges
                0x00000270       0x30 hpl/ramecc/hpl_ramecc.o
 .debug_aranges
                0x000002a0      0x538 hpl/sercom/hpl_sercom.o
 .debug_aranges
                0x000007d8       0x20 main.o
 .debug_aranges
                0x000007f8       0x20 Network/network_task.o
 .debug_aranges
                0x00000818       0x48 platform.o
 .debug_aranges
                0x00000860       0x20 stdio_direct/gcc/read.o
 .debug_aranges
                0x00000880       0x20 stdio_direct/gcc/write.o
 .debug_aranges
                0x000008a0       0x38 stdio_direct/stdio_io.o
 .debug_aranges
                0x000008d8       0x40 thirdparty/RTOS/freertos/FreeRTOSV10.0.0/Source/list.o
 .debug_aranges
                0x00000918       0x80 thirdparty/RTOS/freertos/FreeRTOSV10.0.0/Source/portable/GCC/ARM_CM4F/port.o
 .debug_aranges
                0x00000998       0x50 thirdparty/RTOS/freertos/FreeRTOSV10.0.0/Source/portable/MemMang/heap_2.o
 .debug_aranges
                0x000009e8      0x178 thirdparty/RTOS/freertos/FreeRTOSV10.0.0/Source/queue.o
 .debug_aranges
                0x00000b60      0x220 thirdparty/RTOS/freertos/FreeRTOSV10.0.0/Source/tasks.o
 .debug_aranges
                0x00000d80      0x108 thirdparty/RTOS/freertos/FreeRTOSV10.0.0/Source/timers.o
 .debug_aranges
                0x00000e88       0x20 USB/usb_task.o

.debug_ranges   0x00000000     0x1270
 .debug_ranges  0x00000000       0x18 Device_Startup/startup_same54.o
 .debug_ranges  0x00000018       0x48 Diag/diag_task.o
 .debug_ranges  0x00000060       0x20 hal/src/hal_io.o
 .debug_ranges  0x00000080       0x98 hal/src/hal_usart_sync.o
 .debug_ranges  0x00000118       0x10 hal/utils/src/utils_assert.o
 .debug_ranges  0x00000128       0x50 hal/utils/src/utils_syscalls.o
 .debug_ranges  0x00000178       0x10 hpl/core/hpl_init.o
 .debug_ranges  0x00000188       0x18 hpl/gclk/hpl_gclk.o
 .debug_ranges  0x000001a0       0x10 hpl/mclk/hpl_mclk.o
 .debug_ranges  0x000001b0       0x10 hpl/osc32kctrl/hpl_osc32kctrl.o
 .debug_ranges  0x000001c0       0x18 hpl/oscctrl/hpl_oscctrl.o
 .debug_ranges  0x000001d8       0x38 hpl/ramecc/hpl_ramecc.o
 .debug_ranges  0x00000210      0x6c0 hpl/sercom/hpl_sercom.o
 .debug_ranges  0x000008d0       0x10 main.o
 .debug_ranges  0x000008e0       0x10 Network/network_task.o
 .debug_ranges  0x000008f0       0x38 platform.o
 .debug_ranges  0x00000928       0x10 stdio_direct/gcc/read.o
 .debug_ranges  0x00000938       0x10 stdio_direct/gcc/write.o
 .debug_ranges  0x00000948       0x28 stdio_direct/stdio_io.o
 .debug_ranges  0x00000970       0x30 thirdparty/RTOS/freertos/FreeRTOSV10.0.0/Source/list.o
 .debug_ranges  0x000009a0       0x88 thirdparty/RTOS/freertos/FreeRTOSV10.0.0/Source/portable/GCC/ARM_CM4F/port.o
 .debug_ranges  0x00000a28       0x58 thirdparty/RTOS/freertos/FreeRTOSV10.0.0/Source/portable/MemMang/heap_2.o
 .debug_ranges  0x00000a80      0x2a0 thirdparty/RTOS/freertos/FreeRTOSV10.0.0/Source/queue.o
 .debug_ranges  0x00000d20      0x448 thirdparty/RTOS/freertos/FreeRTOSV10.0.0/Source/tasks.o
 .debug_ranges  0x00001168       0xf8 thirdparty/RTOS/freertos/FreeRTOSV10.0.0/Source/timers.o
 .debug_ranges  0x00001260       0x10 USB/usb_task.o

.debug_macro    0x00000000    0x33eba
 .debug_macro   0x00000000      0x4b2 Device_Startup/startup_same54.o
 .debug_macro   0x000004b2       0x22 Device_Startup/startup_same54.o
 .debug_macro   0x000004d4       0x87 Device_Startup/startup_same54.o
 .debug_macro   0x0000055b       0x51 Device_Startup/startup_same54.o
 .debug_macro   0x000005ac       0xef Device_Startup/startup_same54.o
 .debug_macro   0x0000069b       0x6a Device_Startup/startup_same54.o
 .debug_macro   0x00000705      0x1df Device_Startup/startup_same54.o
 .debug_macro   0x000008e4       0x4e Device_Startup/startup_same54.o
 .debug_macro   0x00000932       0x1c Device_Startup/startup_same54.o
 .debug_macro   0x0000094e       0x22 Device_Startup/startup_same54.o
 .debug_macro   0x00000970       0xdf Device_Startup/startup_same54.o
 .debug_macro   0x00000a4f     0x102d Device_Startup/startup_same54.o
 .debug_macro   0x00001a7c      0x11f Device_Startup/startup_same54.o
 .debug_macro   0x00001b9b      0x706 Device_Startup/startup_same54.o
 .debug_macro   0x000022a1      0xb5b Device_Startup/startup_same54.o
 .debug_macro   0x00002dfc      0x3c0 Device_Startup/startup_same54.o
 .debug_macro   0x000031bc     0x2d61 Device_Startup/startup_same54.o
 .debug_macro   0x00005f1d      0x336 Device_Startup/startup_same54.o
 .debug_macro   0x00006253      0x3b7 Device_Startup/startup_same54.o
 .debug_macro   0x0000660a      0x668 Device_Startup/startup_same54.o
 .debug_macro   0x00006c72     0x143f Device_Startup/startup_same54.o
 .debug_macro   0x000080b1      0x651 Device_Startup/startup_same54.o
 .debug_macro   0x00008702      0x67b Device_Startup/startup_same54.o
 .debug_macro   0x00008d7d      0x6d7 Device_Startup/startup_same54.o
 .debug_macro   0x00009454      0x172 Device_Startup/startup_same54.o
 .debug_macro   0x000095c6      0x395 Device_Startup/startup_same54.o
 .debug_macro   0x0000995b     0x19dd Device_Startup/startup_same54.o
 .debug_macro   0x0000b338       0x3a Device_Startup/startup_same54.o
 .debug_macro   0x0000b372      0x72a Device_Startup/startup_same54.o
 .debug_macro   0x0000ba9c      0xb12 Device_Startup/startup_same54.o
 .debug_macro   0x0000c5ae      0x5d7 Device_Startup/startup_same54.o
 .debug_macro   0x0000cb85      0xbc0 Device_Startup/startup_same54.o
 .debug_macro   0x0000d745      0x9b9 Device_Startup/startup_same54.o
 .debug_macro   0x0000e0fe      0x2a3 Device_Startup/startup_same54.o
 .debug_macro   0x0000e3a1      0x8cb Device_Startup/startup_same54.o
 .debug_macro   0x0000ec6c      0x1ea Device_Startup/startup_same54.o
 .debug_macro   0x0000ee56      0x8f4 Device_Startup/startup_same54.o
 .debug_macro   0x0000f74a      0x216 Device_Startup/startup_same54.o
 .debug_macro   0x0000f960      0x3f9 Device_Startup/startup_same54.o
 .debug_macro   0x0000fd59      0x620 Device_Startup/startup_same54.o
 .debug_macro   0x00010379      0x10d Device_Startup/startup_same54.o
 .debug_macro   0x00010486       0xb8 Device_Startup/startup_same54.o
 .debug_macro   0x0001053e     0x1df7 Device_Startup/startup_same54.o
 .debug_macro   0x00012335     0x2e69 Device_Startup/startup_same54.o
 .debug_macro   0x0001519e     0x11ed Device_Startup/startup_same54.o
 .debug_macro   0x0001638b      0x50e Device_Startup/startup_same54.o
 .debug_macro   0x00016899      0x930 Device_Startup/startup_same54.o
 .debug_macro   0x000171c9     0x1ad8 Device_Startup/startup_same54.o
 .debug_macro   0x00018ca1       0xe7 Device_Startup/startup_same54.o
 .debug_macro   0x00018d88     0x13e6 Device_Startup/startup_same54.o
 .debug_macro   0x0001a16e      0x36a Device_Startup/startup_same54.o
 .debug_macro   0x0001a4d8       0x94 Device_Startup/startup_same54.o
 .debug_macro   0x0001a56c       0xdc Device_Startup/startup_same54.o
 .debug_macro   0x0001a648       0xe2 Device_Startup/startup_same54.o
 .debug_macro   0x0001a72a       0xdc Device_Startup/startup_same54.o
 .debug_macro   0x0001a806      0x149 Device_Startup/startup_same54.o
 .debug_macro   0x0001a94f      0x149 Device_Startup/startup_same54.o
 .debug_macro   0x0001aa98       0x46 Device_Startup/startup_same54.o
 .debug_macro   0x0001aade       0x4c Device_Startup/startup_same54.o
 .debug_macro   0x0001ab2a       0xc4 Device_Startup/startup_same54.o
 .debug_macro   0x0001abee      0x7d5 Device_Startup/startup_same54.o
 .debug_macro   0x0001b3c3       0xb8 Device_Startup/startup_same54.o
 .debug_macro   0x0001b47b       0x7c Device_Startup/startup_same54.o
 .debug_macro   0x0001b4f7      0xc20 Device_Startup/startup_same54.o
 .debug_macro   0x0001c117       0x46 Device_Startup/startup_same54.o
 .debug_macro   0x0001c15d      0x25b Device_Startup/startup_same54.o
 .debug_macro   0x0001c3b8      0x31a Device_Startup/startup_same54.o
 .debug_macro   0x0001c6d2      0x170 Device_Startup/startup_same54.o
 .debug_macro   0x0001c842       0x7c Device_Startup/startup_same54.o
 .debug_macro   0x0001c8be       0xbe Device_Startup/startup_same54.o
 .debug_macro   0x0001c97c       0x4c Device_Startup/startup_same54.o
 .debug_macro   0x0001c9c8       0x82 Device_Startup/startup_same54.o
 .debug_macro   0x0001ca4a      0x1a3 Device_Startup/startup_same54.o
 .debug_macro   0x0001cbed       0x46 Device_Startup/startup_same54.o
 .debug_macro   0x0001cc33       0x6a Device_Startup/startup_same54.o
 .debug_macro   0x0001cc9d       0x46 Device_Startup/startup_same54.o
 .debug_macro   0x0001cce3       0x88 Device_Startup/startup_same54.o
 .debug_macro   0x0001cd6b       0x46 Device_Startup/startup_same54.o
 .debug_macro   0x0001cdb1      0x24e Device_Startup/startup_same54.o
 .debug_macro   0x0001cfff       0x1c Device_Startup/startup_same54.o
 .debug_macro   0x0001d01b       0x76 Device_Startup/startup_same54.o
 .debug_macro   0x0001d091       0x3a Device_Startup/startup_same54.o
 .debug_macro   0x0001d0cb       0x2e Device_Startup/startup_same54.o
 .debug_macro   0x0001d0f9      0x196 Device_Startup/startup_same54.o
 .debug_macro   0x0001d28f      0x16f Device_Startup/startup_same54.o
 .debug_macro   0x0001d3fe      0x16f Device_Startup/startup_same54.o
 .debug_macro   0x0001d56d      0x25d Device_Startup/startup_same54.o
 .debug_macro   0x0001d7ca      0x25d Device_Startup/startup_same54.o
 .debug_macro   0x0001da27      0x25d Device_Startup/startup_same54.o
 .debug_macro   0x0001dc84      0x25d Device_Startup/startup_same54.o
 .debug_macro   0x0001dee1      0x25d Device_Startup/startup_same54.o
 .debug_macro   0x0001e13e      0x25d Device_Startup/startup_same54.o
 .debug_macro   0x0001e39b      0x25d Device_Startup/startup_same54.o
 .debug_macro   0x0001e5f8      0x25d Device_Startup/startup_same54.o
 .debug_macro   0x0001e855       0x52 Device_Startup/startup_same54.o
 .debug_macro   0x0001e8a7       0xfa Device_Startup/startup_same54.o
 .debug_macro   0x0001e9a1       0xfa Device_Startup/startup_same54.o
 .debug_macro   0x0001ea9b       0xfa Device_Startup/startup_same54.o
 .debug_macro   0x0001eb95       0xfa Device_Startup/startup_same54.o
 .debug_macro   0x0001ec8f       0xfa Device_Startup/startup_same54.o
 .debug_macro   0x0001ed89       0xfa Device_Startup/startup_same54.o
 .debug_macro   0x0001ee83       0xfa Device_Startup/startup_same54.o
 .debug_macro   0x0001ef7d       0xfa Device_Startup/startup_same54.o
 .debug_macro   0x0001f077      0x148 Device_Startup/startup_same54.o
 .debug_macro   0x0001f1bf      0x124 Device_Startup/startup_same54.o
 .debug_macro   0x0001f2e3      0x106 Device_Startup/startup_same54.o
 .debug_macro   0x0001f3e9       0xee Device_Startup/startup_same54.o
 .debug_macro   0x0001f4d7       0xee Device_Startup/startup_same54.o
 .debug_macro   0x0001f5c5       0x2e Device_Startup/startup_same54.o
 .debug_macro   0x0001f5f3      0x46a Device_Startup/startup_same54.o
 .debug_macro   0x0001fa5d       0x3a Device_Startup/startup_same54.o
 .debug_macro   0x0001fa97      0x59f Device_Startup/startup_same54.o
 .debug_macro   0x00020036     0x4ff3 Device_Startup/startup_same54.o
 .debug_macro   0x00025029       0xcf Device_Startup/startup_same54.o
 .debug_macro   0x000250f8      0x8dd Diag/diag_task.o
 .debug_macro   0x000259d5       0x52 Diag/diag_task.o
 .debug_macro   0x00025a27       0x8d Diag/diag_task.o
 .debug_macro   0x00025ab4       0x35 Diag/diag_task.o
 .debug_macro   0x00025ae9       0x9c Diag/diag_task.o
 .debug_macro   0x00025b85       0x16 Diag/diag_task.o
 .debug_macro   0x00025b9b       0x57 Diag/diag_task.o
 .debug_macro   0x00025bf2       0x97 Diag/diag_task.o
 .debug_macro   0x00025c89      0x353 Diag/diag_task.o
 .debug_macro   0x00025fdc       0xf6 Diag/diag_task.o
 .debug_macro   0x000260d2       0x10 Diag/diag_task.o
 .debug_macro   0x000260e2       0x58 Diag/diag_task.o
 .debug_macro   0x0002613a       0x1f Diag/diag_task.o
 .debug_macro   0x00026159       0x43 Diag/diag_task.o
 .debug_macro   0x0002619c       0x20 Diag/diag_task.o
 .debug_macro   0x000261bc      0x187 Diag/diag_task.o
 .debug_macro   0x00026343       0x10 Diag/diag_task.o
 .debug_macro   0x00026353       0x1c Diag/diag_task.o
 .debug_macro   0x0002636f       0x52 Diag/diag_task.o
 .debug_macro   0x000263c1       0x40 Diag/diag_task.o
 .debug_macro   0x00026401       0x10 Diag/diag_task.o
 .debug_macro   0x00026411       0x40 Diag/diag_task.o
 .debug_macro   0x00026451       0xd7 Diag/diag_task.o
 .debug_macro   0x00026528       0x16 Diag/diag_task.o
 .debug_macro   0x0002653e      0x18b Diag/diag_task.o
 .debug_macro   0x000266c9       0x4c Diag/diag_task.o
 .debug_macro   0x00026715       0x16 Diag/diag_task.o
 .debug_macro   0x0002672b       0x35 Diag/diag_task.o
 .debug_macro   0x00026760       0x16 Diag/diag_task.o
 .debug_macro   0x00026776       0x28 Diag/diag_task.o
 .debug_macro   0x0002679e      0x183 Diag/diag_task.o
 .debug_macro   0x00026921       0x1c Diag/diag_task.o
 .debug_macro   0x0002693d      0x182 Diag/diag_task.o
 .debug_macro   0x00026abf       0xd2 Diag/diag_task.o
 .debug_macro   0x00026b91       0x2e Diag/diag_task.o
 .debug_macro   0x00026bbf       0x1f Diag/diag_task.o
 .debug_macro   0x00026bde       0x12 Diag/diag_task.o
 .debug_macro   0x00026bf0     0x10b7 Diag/diag_task.o
 .debug_macro   0x00027ca7       0xc3 Diag/diag_task.o
 .debug_macro   0x00027d6a      0x14f Diag/diag_task.o
 .debug_macro   0x00027eb9       0x8e Diag/diag_task.o
 .debug_macro   0x00027f47       0x9a Diag/diag_task.o
 .debug_macro   0x00027fe1       0x22 Diag/diag_task.o
 .debug_macro   0x00028003       0x54 Diag/diag_task.o
 .debug_macro   0x00028057       0xd9 Diag/diag_task.o
 .debug_macro   0x00028130       0x10 Diag/diag_task.o
 .debug_macro   0x00028140       0x10 Diag/diag_task.o
 .debug_macro   0x00028150       0x16 Diag/diag_task.o
 .debug_macro   0x00028166       0x16 Diag/diag_task.o
 .debug_macro   0x0002817c       0x16 Diag/diag_task.o
 .debug_macro   0x00028192       0x16 Diag/diag_task.o
 .debug_macro   0x000281a8       0x16 Diag/diag_task.o
 .debug_macro   0x000281be       0x16 Diag/diag_task.o
 .debug_macro   0x000281d4       0x40 Diag/diag_task.o
 .debug_macro   0x00028214       0x16 Diag/diag_task.o
 .debug_macro   0x0002822a       0x16 Diag/diag_task.o
 .debug_macro   0x00028240       0x16 Diag/diag_task.o
 .debug_macro   0x00028256       0x16 Diag/diag_task.o
 .debug_macro   0x0002826c       0x16 Diag/diag_task.o
 .debug_macro   0x00028282       0x16 Diag/diag_task.o
 .debug_macro   0x00028298       0x16 Diag/diag_task.o
 .debug_macro   0x000282ae       0x16 Diag/diag_task.o
 .debug_macro   0x000282c4       0x16 Diag/diag_task.o
 .debug_macro   0x000282da       0x16 Diag/diag_task.o
 .debug_macro   0x000282f0       0x16 Diag/diag_task.o
 .debug_macro   0x00028306       0x16 Diag/diag_task.o
 .debug_macro   0x0002831c       0x16 Diag/diag_task.o
 .debug_macro   0x00028332       0x16 Diag/diag_task.o
 .debug_macro   0x00028348       0x16 Diag/diag_task.o
 .debug_macro   0x0002835e       0x16 Diag/diag_task.o
 .debug_macro   0x00028374       0x16 Diag/diag_task.o
 .debug_macro   0x0002838a       0x16 Diag/diag_task.o
 .debug_macro   0x000283a0       0x16 Diag/diag_task.o
 .debug_macro   0x000283b6       0x16 Diag/diag_task.o
 .debug_macro   0x000283cc       0x16 Diag/diag_task.o
 .debug_macro   0x000283e2      0xe5c Diag/diag_task.o
 .debug_macro   0x0002923e      0x9b6 Diag/diag_task.o
 .debug_macro   0x00029bf4       0x94 Diag/diag_task.o
 .debug_macro   0x00029c88       0x16 Diag/diag_task.o
 .debug_macro   0x00029c9e       0xbe Diag/diag_task.o
 .debug_macro   0x00029d5c      0x28c Diag/diag_task.o
 .debug_macro   0x00029fe8       0x16 Diag/diag_task.o
 .debug_macro   0x00029ffe      0x4d8 Diag/diag_task.o
 .debug_macro   0x0002a4d6       0x16 Diag/diag_task.o
 .debug_macro   0x0002a4ec       0xca Diag/diag_task.o
 .debug_macro   0x0002a5b6      0x69b hal/src/hal_io.o
 .debug_macro   0x0002ac51      0x6c6 hal/src/hal_usart_sync.o
 .debug_macro   0x0002b317      0x690 hal/utils/src/utils_assert.o
 .debug_macro   0x0002b9a7       0x10 hal/utils/src/utils_assert.o
 .debug_macro   0x0002b9b7      0x1d6 hal/utils/src/utils_syscalls.o
 .debug_macro   0x0002bb8d       0x16 hal/utils/src/utils_syscalls.o
 .debug_macro   0x0002bba3       0x10 hal/utils/src/utils_syscalls.o
 .debug_macro   0x0002bbb3       0x10 hal/utils/src/utils_syscalls.o
 .debug_macro   0x0002bbc3       0x35 hal/utils/src/utils_syscalls.o
 .debug_macro   0x0002bbf8      0x122 hal/utils/src/utils_syscalls.o
 .debug_macro   0x0002bd1a      0x729 hpl/core/hpl_init.o
 .debug_macro   0x0002c443       0x2e hpl/core/hpl_init.o
 .debug_macro   0x0002c471      0xd7b hpl/core/hpl_init.o
 .debug_macro   0x0002d1ec      0x69f hpl/gclk/hpl_gclk.o
 .debug_macro   0x0002d88b      0x2f0 hpl/gclk/hpl_gclk.o
 .debug_macro   0x0002db7b      0x69a hpl/mclk/hpl_mclk.o
 .debug_macro   0x0002e215      0x695 hpl/osc32kctrl/hpl_osc32kctrl.o
 .debug_macro   0x0002e8aa       0x80 hpl/osc32kctrl/hpl_osc32kctrl.o
 .debug_macro   0x0002e92a      0x69f hpl/oscctrl/hpl_oscctrl.o
 .debug_macro   0x0002efc9      0x216 hpl/oscctrl/hpl_oscctrl.o
 .debug_macro   0x0002f1df      0x6b0 hpl/ramecc/hpl_ramecc.o
 .debug_macro   0x0002f88f      0x8e9 hpl/sercom/hpl_sercom.o
 .debug_macro   0x00030178       0x70 hpl/sercom/hpl_sercom.o
 .debug_macro   0x000301e8       0xe4 hpl/sercom/hpl_sercom.o
 .debug_macro   0x000302cc       0x10 hpl/sercom/hpl_sercom.o
 .debug_macro   0x000302dc       0x1c hpl/sercom/hpl_sercom.o
 .debug_macro   0x000302f8       0x22 hpl/sercom/hpl_sercom.o
 .debug_macro   0x0003031a       0x10 hpl/sercom/hpl_sercom.o
 .debug_macro   0x0003032a      0x946 main.o
 .debug_macro   0x00030c70      0x25d Network/network_task.o
 .debug_macro   0x00030ecd      0x789 platform.o
 .debug_macro   0x00031656       0x22 platform.o
 .debug_macro   0x00031678      0x7f6 stdio_direct/gcc/read.o
 .debug_macro   0x00031e6e      0x7f6 stdio_direct/gcc/write.o
 .debug_macro   0x00032664      0x7ef stdio_direct/stdio_io.o
 .debug_macro   0x00032e53      0x1a5 thirdparty/RTOS/freertos/FreeRTOSV10.0.0/Source/list.o
 .debug_macro   0x00032ff8      0x1de thirdparty/RTOS/freertos/FreeRTOSV10.0.0/Source/portable/GCC/ARM_CM4F/port.o
 .debug_macro   0x000331d6      0x224 thirdparty/RTOS/freertos/FreeRTOSV10.0.0/Source/portable/MemMang/heap_2.o
 .debug_macro   0x000333fa      0x22d thirdparty/RTOS/freertos/FreeRTOSV10.0.0/Source/queue.o
 .debug_macro   0x00033627      0x371 thirdparty/RTOS/freertos/FreeRTOSV10.0.0/Source/tasks.o
 .debug_macro   0x00033998       0x17 thirdparty/RTOS/freertos/FreeRTOSV10.0.0/Source/tasks.o
 .debug_macro   0x000339af       0x1c thirdparty/RTOS/freertos/FreeRTOSV10.0.0/Source/tasks.o
 .debug_macro   0x000339cb      0x1f4 thirdparty/RTOS/freertos/FreeRTOSV10.0.0/Source/timers.o
 .debug_macro   0x00033bbf       0x9e thirdparty/RTOS/freertos/FreeRTOSV10.0.0/Source/timers.o
 .debug_macro   0x00033c5d      0x25d USB/usb_task.o

.debug_line     0x00000000    0x13c58
 .debug_line    0x00000000      0x8a0 Device_Startup/startup_same54.o
 .debug_line    0x000008a0      0xef4 Diag/diag_task.o